[INFO] Steering file: mva/tests/python_normalization.py
[INFO] Python method returned empty feature importance. There won't be any information about the feature importance in the weightfile.
[INFO] Elapsed training time in ms 710.744 for Python.xml
[INFO] Elapsed application time in ms 361.828 for Python.xml
[WARNING] String passed to makeROOTCompatible contains double-underscore __, which is used internally for escaping special characters. It is recommended to avoid this. However escaping a string twice with makeROOTCompatible is safe, but will print this warning. Passed string: Python__ptxml_isSignal  { module:  }
[WARNING] String passed to makeROOTCompatible contains double-underscore __, which is used internally for escaping special characters. It is recommended to avoid this. However escaping a string twice with makeROOTCompatible is safe, but will print this warning. Passed string: __weight__  { module:  }
[INFO] Python method returned empty feature importance. There won't be any information about the feature importance in the weightfile.
[INFO] Elapsed training time in ms 1083.46 for Python.xml
[INFO] Elapsed application time in ms 371.554 for Python.xml
[WARNING] String passed to makeROOTCompatible contains double-underscore __, which is used internally for escaping special characters. It is recommended to avoid this. However escaping a string twice with makeROOTCompatible is safe, but will print this warning. Passed string: Python__ptxml_isSignal  { module:  }
Executed python script
Executed python script
Called get_model
None
[ 1.84670222  1.24258733  0.8601194   0.6418857   0.70513803  0.23298489
  0.52124798  0.64117652  0.17410284  0.50352561  0.69434851  0.23833056
  0.55773848  0.72793031  1.74949431  0.68486476  0.27181536  0.20004785
  0.25332001  0.58353418  0.37946868  0.42063242  0.59503514  0.93185276
  0.06815162  1.13947248  1.18170619  0.87777096]
[  0.03013885   0.59884417   0.49530378   0.71098715   0.4811734
   0.51827753   0.36627334   0.39776722   0.41954619   0.33084455
   0.38198856   0.39095163   0.32759351   0.2849454    7.42832232
   9.44169426   1.39551818   1.25306845  17.15835953  15.43518829
   0.34439677   0.3229447    0.2987594    0.12546137   0.12546113
   0.27401918   0.28139254   0.27913484]
[ 1.84700346  1.23885703  0.85816503  0.6323601   0.70758438  0.22220987
  0.52582949  0.64028126  0.17737654  0.50285959  0.69228703  0.23503652
  0.55892134  0.728073    1.68751717  0.59948051  0.27653575  0.19524398
  0.22435637  0.59271997  0.37672955  0.42832825  0.59937996  0.93260515
  0.06744151  1.1392926   1.18490756  0.87440842]
[  0.03046859   0.59739649   0.49282086   0.71582854   0.46844414
   0.51517802   0.35891262   0.40282699   0.42210659   0.33125636
   0.37938321   0.38383371   0.32898679   0.28489482   7.21946192
   9.30117989   1.51128185   1.37168384  17.41761208  16.15573692
   0.34243375   0.32364485   0.29920244   0.12579669   0.12581205
   0.27421087   0.28223512   0.27899703]
Called end_fit
State
Called feature importance
Executed python script
Called load
SerializedState
Executed python script
Called load
SerializedState
[ 1.84699082  1.23921824  0.85835856  0.63331282  0.7073409   0.22329007
  0.52537525  0.6403687   0.1770485   0.50292397  0.69249219  0.23536666
  0.55880767  0.72806364  1.69367111  0.60802448  0.27605462  0.19572411
  0.22725122  0.59173006  0.37699983  0.42755494  0.59894931  0.93253362
  0.0675114   1.13930821  1.18459451  0.87474072]
[  0.0304359    0.59753871   0.4930678    0.7153489    0.46973398
   0.51549524   0.3596577    0.40232214   0.42184982   0.33121544
   0.37964347   0.3845498    0.32884532   0.28490111   7.24101591
   9.3139019    1.49992192   1.36014974  17.39164925  16.08434677
   0.34264782   0.32356563   0.29916224   0.12579165   0.1257817
   0.27419111   0.2821528    0.27901092]
Executed python script
Called get_model
None
[-0.01037882  0.00564385  0.00357069  0.01198395 -0.00467665  0.01880697
 -0.0114775   0.00199459 -0.00698428  0.00181819  0.00488525  0.00771189
 -0.00323012 -0.00032348  0.00768348  0.00824805 -0.00283957  0.00317017
  0.00149877 -0.00050904  0.00716551 -0.02142382 -0.0130308  -0.00505664
  0.00505676  0.00061694 -0.01017218  0.01084723]
[ 0.99022639  1.00217235  1.00451946  0.99388421  1.02433789  1.00537694
  1.01837993  0.98866135  0.99451953  0.99886537  1.00615942  1.01662719
  0.99617684  1.0001533   1.02611077  1.01339829  0.9302417   0.92092013
  0.98648751  0.95924646  1.00513196  0.99804342  0.99864054  0.99742764
  0.99742764  0.9993512   0.99729234  1.00042784]
[  1.15829753e-03  -6.25576533e-04  -3.94279865e-04  -1.33416837e-03
   5.15264459e-04  -2.09507486e-03   1.27014564e-03  -2.13714724e-04
   7.75711494e-04  -1.92890569e-04  -5.45320450e-04  -8.55225080e-04
   3.53184412e-04   4.46173581e-05  -8.52974365e-04  -9.16490273e-04
   3.16574238e-04  -3.53414274e-04  -1.66379919e-04   6.18251361e-05
  -7.89400481e-04   2.38488219e-03   1.45849143e-03   5.60044311e-04
  -5.59926732e-04  -5.65546507e-05   1.11866335e-03  -1.20235735e-03]
[ 1.00106227  0.99974358  0.99948096  1.00065804  0.99724042  0.99935907
  0.99791253  1.00123835  1.00059283  1.00011182  0.99930072  0.99811786
  1.0004071   0.999991    0.9972707   0.99852687  1.00720453  1.00844955
  1.00139725  1.00403035  0.99947941  1.00016117  1.00012422  1.00057769
  1.00057769  1.00005031  1.00028038  0.99993765]
Called end_fit
State
Called feature importance
Executed python script
Called load
SerializedState
Executed python script
Called load
SerializedState
[ -8.97796383e-07   7.99231188e-08  -6.48744347e-08   5.50789743e-08
  -3.14732347e-08  -2.09263451e-08   4.42073720e-08   1.76792092e-08
   2.26755912e-08   6.18955198e-08  -1.72776868e-08  -1.83349353e-08
  -3.30130838e-08  -5.91677640e-08   9.19652532e-09  -3.64942054e-09
  -1.78531490e-09   2.18998752e-09  -3.47993900e-09   2.48566376e-08
   5.91612626e-08  -8.48798720e-08  -1.18980893e-07  -1.81512334e-07
   3.03125262e-07   1.07900803e-07  -1.40642015e-07  -6.72169236e-08]
[ 0.99999011  0.99997354  0.99998331  0.99997813  0.99997509  0.99998462
  0.99998504  0.99998081  0.99997878  0.99998868  0.99998045  0.99998277
  0.99998736  0.99999547  0.99989599  0.99998504  0.99974877  0.99996394
  0.99990094  0.99958968  0.99996907  0.99995708  0.99999046  0.99995571
  0.99995583  0.99998599  0.99998236  0.99998838]
