[INFO] Steering file: analysis/tests/allparticlecombiner.py
[INFO] The random number seed is set to "1234"
[INFO] Starting event processing, random seed is set to '1234'
[INFO] Conditions Database: found working metadata provider
	provider = ${BELLE2_CONDB_METADATA}
[INFO] Conditions data: configured globaltags (highest priority first) are release-05-01-03, Legacy_CollisionAxisCMS
[INFO] ParticleLoader's Summary of Actions:
[INFO]  o) creating (anti-)ParticleList with name: pi+:all (pi-:all)
[INFO]    -> MDST source: Tracks
[INFO] ParticleSelector: pi+:fromPV
[INFO]    -> With cuts  : dr < 2 and abs(dz) < 5
[INFO] ParticleSelector: pi+:fromPV
[INFO]    -> With cuts  : abs(dzFromMedianDz) < 0.05
[INFO] ParticleVertexFitter: Performing vertex fit on vpho:PVFit using KFit
[INFO] ParticleVertexFitter: Additional iptube will be applied
[INFO] Number of ParticleLists to be studied: 1 
[INFO] ParticleStats Summary:
[INFO] 
======================================================================
 Average Candidate Multiplicity (ACM) and ACM for Passed Events (ACMPE) 

                             |   All Particles   |     Particles     |  Anti-particles   |  Self-conjugates  |
                  | Retention|      ACM|    ACMPE|      ACM|    ACMPE|      ACM|    ACMPE|      ACM|    ACMPE|
    vpho:PVFit( 0)|    1.0000|   1.0000|   1.0000|   0.0000|   0.0000|   0.0000|   0.0000|   1.0000|   1.0000|

[INFO] 
======================================================================
Total Retention: 100 events passing / 100 events processed = 1.0000
Total Number of Particles created in the DataStore: 1235
======================================================================

[INFO] Writing NTuple ntuple
Test passed, cleaning up.
