[INFO] Steering file: analysis/tests/event_kinematics_variables.py
[INFO] The random number seed is set to "1337"
[INFO] Starting event processing, random seed is set to '1337'
[INFO] Added file ${BELLE2_SOFTWARE_DIR}/analysis/tests/mdst.root
[INFO] ParticleLoader's Summary of Actions:
[INFO]  o) creating (anti-)ParticleList with name: pi-:all (pi+:all)
[INFO]    -> MDST source: Tracks
[INFO]  o) creating (anti-)ParticleList with name: gamma:all (gamma:all)
[INFO]    -> MDST source: ECLClusters and KLMClusters
[INFO] ParticleSelector: gamma:all
[INFO]    -> With cuts  : isFromECL
[INFO] Conditions Database: found working metadata provider
	provider = ${BELLE2_CONDB_METADATA}
[INFO] Conditions data: configured globaltags (highest priority first) are release-05-01-03, Legacy_CollisionAxisCMS
[INFO]      o) missingMomentumOfEvent = 1.09551
[INFO]      o) missingMomentumOfEvent_Px = -0.0216949
[INFO]      o) missingMomentumOfEvent_Py = 0.486024
[INFO]      o) missingMomentumOfEvent_Pz = 0.981558
[INFO]      o) missingMomentumOfEvent_theta = 0.46016
[INFO]      o) missingMomentumOfEventCMS = 0.623878
[INFO]      o) missingMomentumOfEventCMS_Px = -0.116324
[INFO]      o) missingMomentumOfEventCMS_Py = 0.486024
[INFO]      o) missingMomentumOfEventCMS_Pz = 0.373461
[INFO]      o) missingMomentumOfEventCMS_theta = 0.929029
[INFO]      o) missingEnergyOfEventCMS = 2.09297
[INFO]      o) missingMass2OfEvent = 3.99128
[INFO]      o) visibleEnergyOfEventCMS = 8.48659
[INFO]      o) totalPhotonsEnergyOfEvent = 4.07101
