[INFO] Steering file: analysis/tests/lambdaselector_examples.py
TFile: CreateTrainData_Lambda.root
TTree: ksvetotree
TBranch: __experiment__, 1003
TBranch: __run__, 0
TBranch: __event__, 25015014
TBranch: __production__, 0
TBranch: __candidate__, 0
TBranch: __ncandidates__, 1
TBranch: __eventType__, 
TBranch: __weight__, 1
TBranch: cosVertexMomentum, 1
TBranch: flightDistance, 4.15
TBranch: flightDistanceErr, 0.05848
TBranch: significanceOfDistance, 70.87
TBranch: cosHelicityAngleMomentum, 0.1848
TBranch: ImpactXY, 0.01716
TBranch: decayAngle__bo0__bc, 1.489
TBranch: decayAngle__bo1__bc, 1.528
TBranch: daughterAngleDiffInMother, 3.017
TBranch: daughtersDeltaZ, -1.088
TBranch: pro_nSVDHits, 0
TBranch: pro_nPXDHits, 0
TBranch: pin_nSVDHits, 0
TBranch: pin_nPXDHits, 0
TBranch: pro_dr, 0.3349
TBranch: pin_dr, 1.657
TBranch: pro_protonID, 1
TBranch: pin_protonID, 0.001495
TBranch: pro_p, 0.9222
TBranch: pin_p, 0.2184
TBranch: pro_pt, 0.9191
TBranch: pin_pt, 0.2027
TBranch: pro_cosTheta, 0.0824
TBranch: pin_cosTheta, 0.3723
TBranch: pinPDG, 211
TBranch: proPDG, -2212
TBranch: ArmenterosDaughter1Qt, 0.08783
TBranch: ArmenterosDaughter2Qt, 0.09088
TBranch: Mks_Hypo, 0.4169
TBranch: isNotContinuumEvent, 0
TBranch: isSignal, 1
TBranch: nMCDaughters, 2
TBranch: mcErrors, 0
TBranch: mcPDG, -3122
TBranch: ArmenterosLongitudinalMomentumAsymmetry, -0.6443
TBranch: pt, 1.096
TBranch: p, 1.107
TBranch: InvM, 1.119
TBranch: M, 1.118
TBranch: V0Deltad0, 0.003301
TBranch: V0Deltaz0, -0.1093
TBranch: px, -0.1383
TBranch: py, 1.087
TBranch: pz, 0.1552
TBranch: E, 1.574
TBranch: mcE, 1.569
TBranch: mcP, 1.103
TBranch: mcPT, 1.092
TBranch: mcPX, -0.1413
TBranch: mcPY, 1.083
TBranch: mcPZ, 0.1556
TBranch: mcPhi, 1.701
TBranch: mcFlightTime, 0.1387
TBranch: mcFlightDistance, 4.113
TTree: lambdatree
TBranch: __experiment__, 1003
TBranch: __run__, 0
TBranch: __event__, 25015003
TBranch: __production__, 0
TBranch: __candidate__, 0
TBranch: __ncandidates__, 2
TBranch: __eventType__, 
TBranch: __weight__, 1
TBranch: cosVertexMomentum, 0.7908
TBranch: flightDistance, 0.02758
TBranch: flightDistanceErr, 0.01408
TBranch: significanceOfDistance, 3.083
TBranch: cosHelicityAngleMomentum, 0.3106
TBranch: ImpactXY, 0.01562
TBranch: decayAngle__bo0__bc, 2.274
TBranch: decayAngle__bo1__bc, 0.8567
TBranch: daughterAngleDiffInMother, 3.124
TBranch: daughtersDeltaZ, 0.01156
TBranch: pro_nSVDHits, 8
TBranch: pro_nPXDHits, 1
TBranch: pin_nSVDHits, 10
TBranch: pin_nPXDHits, 1
TBranch: pro_dr, 0.0005135
TBranch: pin_dr, 0.03678
TBranch: pro_protonID, 2.961e-68
TBranch: pin_protonID, 1.681e-34
TBranch: pro_p, 0.3847
TBranch: pin_p, 0.163
TBranch: pro_pt, 0.3216
TBranch: pin_pt, 0.1571
TBranch: pro_cosTheta, 0.5486
TBranch: pin_cosTheta, -0.2647
TBranch: pinPDG, -211
TBranch: proPDG, 211
TBranch: ArmenterosDaughter1Qt, 0.1118
TBranch: ArmenterosDaughter2Qt, 0.1118
TBranch: Mks_Hypo, 0.3903
TBranch: isNotContinuumEvent, 0
TBranch: isSignal, 0
TBranch: nMCDaughters, 2
TBranch: mcErrors, 432
TBranch: mcPDG, 23
TBranch: ArmenterosLongitudinalMomentumAsymmetry, 0.5128
TBranch: pt, 0.4562
TBranch: p, 0.4865
TBranch: InvM, 1.128
TBranch: M, 1.128
TBranch: V0Deltad0, -0.01876
TBranch: V0Deltaz0, 0.01632
TBranch: px, -0.1049
TBranch: py, -0.444
TBranch: pz, 0.169
TBranch: E, 1.229
TBranch: mcE, 5.331
TBranch: mcP, 2.68
TBranch: mcPT, 0.2226
TBranch: mcPX, 0.2226
TBranch: mcPY, 0.001437
TBranch: mcPZ, -2.671
TBranch: mcPhi, 0.006458
TBranch: mcFlightTime, 0
TBranch: mcFlightDistance, 0
