[INFO] Steering file: analysis/tests/orcakinfit_examples.py
TFile: B2A420-OrcaKinFit.root
TTree: Z0_mm_kinfit
TBranch: __experiment__, 0
TBranch: __run__, 0
TBranch: __event__, 1
TBranch: __production__, 0
TBranch: __candidate__, 0
TBranch: __ncandidates__, 1
TBranch: __eventType__, 
TBranch: __weight__, 1
TBranch: M, 10.58
TBranch: ErrM, 0
TBranch: SigM, -inf
TBranch: InvM, 10.58
TBranch: px, 0.4566
TBranch: py, 0
TBranch: pz, 2.999
TBranch: pt, 0.4566
TBranch: p, 3.034
TBranch: E, 11.01
TBranch: mcE, nan
TBranch: mcP, nan
TBranch: mcPT, nan
TBranch: mcPX, nan
TBranch: mcPY, nan
TBranch: mcPZ, nan
TBranch: mcPhi, nan
TBranch: isSignal, nan
TBranch: mcErrors, 512
TBranch: mcPDG, nan
TBranch: mu_0_px, -3.286
TBranch: mu_0_py, -3.828
TBranch: mu_0_pz, 0.4237
TBranch: mu_0_pt, 5.045
TBranch: mu_0_p, 5.063
TBranch: mu_0_E, 5.064
TBranch: mu_0_isSignal, 1
TBranch: mu_0_mcErrors, 0
TBranch: mu_0_mcPDG, -13
TBranch: mu_0_mcE, 5.064
TBranch: mu_0_mcP, 5.063
TBranch: mu_0_mcPT, 5.045
TBranch: mu_0_mcPX, -3.286
TBranch: mu_0_mcPY, -3.828
TBranch: mu_0_mcPZ, 0.4236
TBranch: mu_0_mcPhi, -2.28
TBranch: mu_0_E_uncertainty, 0.0002981
TBranch: mu_0_pxErr, 0.0007295
TBranch: mu_0_pyErr, 0.0006732
TBranch: mu_0_pzErr, 0.001109
TBranch: mu_1_px, 3.743
TBranch: mu_1_py, 3.828
TBranch: mu_1_pz, 2.576
TBranch: mu_1_pt, 5.354
TBranch: mu_1_p, 5.941
TBranch: mu_1_E, 5.942
TBranch: mu_1_isSignal, 1
TBranch: mu_1_mcErrors, 0
TBranch: mu_1_mcPDG, 13
TBranch: mu_1_mcE, 5.942
TBranch: mu_1_mcP, 5.941
TBranch: mu_1_mcPT, 5.354
TBranch: mu_1_mcPX, 3.743
TBranch: mu_1_mcPY, 3.828
TBranch: mu_1_mcPZ, 2.576
TBranch: mu_1_mcPhi, 0.7967
TBranch: mu_1_E_uncertainty, 0.0002981
TBranch: mu_1_pxErr, 0.0007295
TBranch: mu_1_pyErr, 0.0006732
TBranch: mu_1_pzErr, 0.001109
TBranch: OrcaKinFitProb, 0.8474
TBranch: OrcaKinFitChi2, 1.382
TBranch: OrcaKinFitErrorCode, 0
TTree: Z0_mm_rec
TBranch: __experiment__, 0
TBranch: __run__, 0
TBranch: __event__, 1
TBranch: __production__, 0
TBranch: __candidate__, 0
TBranch: __ncandidates__, 1
TBranch: __eventType__, 
TBranch: __weight__, 1
TBranch: M, 10.59
TBranch: ErrM, 0
TBranch: SigM, -inf
TBranch: InvM, 10.59
TBranch: px, 0.4404
TBranch: py, -0.01665
TBranch: pz, 2.997
TBranch: pt, 0.4407
TBranch: p, 3.03
TBranch: E, 11.02
TBranch: mcE, nan
TBranch: mcP, nan
TBranch: mcPT, nan
TBranch: mcPX, nan
TBranch: mcPY, nan
TBranch: mcPZ, nan
TBranch: mcPhi, nan
TBranch: isSignal, nan
TBranch: mcErrors, 512
TBranch: mcPDG, nan
TBranch: mu_0_px, -3.298
TBranch: mu_0_py, -3.841
TBranch: mu_0_pz, 0.4246
TBranch: mu_0_pt, 5.063
TBranch: mu_0_p, 5.081
TBranch: mu_0_E, 5.082
TBranch: mu_0_isSignal, 1
TBranch: mu_0_mcErrors, 0
TBranch: mu_0_mcPDG, -13
TBranch: mu_0_mcE, 5.064
TBranch: mu_0_mcP, 5.063
TBranch: mu_0_mcPT, 5.045
TBranch: mu_0_mcPX, -3.286
TBranch: mu_0_mcPY, -3.828
TBranch: mu_0_mcPZ, 0.4236
TBranch: mu_0_mcPhi, -2.28
TBranch: mu_0_E_uncertainty, 0.01911
TBranch: mu_0_pxErr, 0.01251
TBranch: mu_0_pyErr, 0.01444
TBranch: mu_0_pzErr, 0.002331
TBranch: mu_1_px, 3.738
TBranch: mu_1_py, 3.825
TBranch: mu_1_pz, 2.573
TBranch: mu_1_pt, 5.348
TBranch: mu_1_p, 5.935
TBranch: mu_1_E, 5.936
TBranch: mu_1_isSignal, 1
TBranch: mu_1_mcErrors, 0
TBranch: mu_1_mcPDG, 13
TBranch: mu_1_mcE, 5.942
TBranch: mu_1_mcP, 5.941
TBranch: mu_1_mcPT, 5.354
TBranch: mu_1_mcPX, 3.743
TBranch: mu_1_mcPY, 3.828
TBranch: mu_1_mcPZ, 2.576
TBranch: mu_1_mcPhi, 0.7967
TBranch: mu_1_E_uncertainty, 0.02488
TBranch: mu_1_pxErr, 0.01565
TBranch: mu_1_pyErr, 0.01613
TBranch: mu_1_pzErr, 0.01087
TFile: B2A421-OrcaKinFit_1CFit.root
TTree: A_mm_kinfit
TBranch: __experiment__, 0
TBranch: __run__, 0
TBranch: __event__, 2
TBranch: __production__, 0
TBranch: __candidate__, 0
TBranch: __ncandidates__, 1
TBranch: __eventType__, 
TBranch: __weight__, 1
TBranch: M, 0.2811
TBranch: ErrM, 0
TBranch: SigM, -inf
TBranch: InvM, 0.2811
TBranch: px, -0.9917
TBranch: py, 1.452
TBranch: pz, 6.614
TBranch: pt, 1.759
TBranch: p, 6.844
TBranch: E, 6.85
TBranch: mcE, nan
TBranch: mcP, nan
TBranch: mcPT, nan
TBranch: mcPX, nan
TBranch: mcPY, nan
TBranch: mcPZ, nan
TBranch: mcPhi, nan
TBranch: isSignal, nan
TBranch: mcErrors, 512
TBranch: mcPDG, nan
TBranch: mu_0_px, -0.1692
TBranch: mu_0_py, 0.3055
TBranch: mu_0_pz, 1.273
TBranch: mu_0_pt, 0.3493
TBranch: mu_0_p, 1.32
TBranch: mu_0_E, 1.324
TBranch: mu_0_isSignal, nan
TBranch: mu_0_mcErrors, 512
TBranch: mu_0_mcPDG, nan
TBranch: mu_0_mcE, nan
TBranch: mu_0_mcP, nan
TBranch: mu_0_mcPT, nan
TBranch: mu_0_mcPX, nan
TBranch: mu_0_mcPY, nan
TBranch: mu_0_mcPZ, nan
TBranch: mu_0_mcPhi, nan
TBranch: mu_0_E_uncertainty, 0.141
TBranch: mu_0_pxErr, 0.02236
TBranch: mu_0_pyErr, 0.03599
TBranch: mu_0_pzErr, 0.1364
TBranch: mu_1_px, -0.8225
TBranch: mu_1_py, 1.147
TBranch: mu_1_pz, 5.342
TBranch: mu_1_pt, 1.411
TBranch: mu_1_p, 5.525
TBranch: mu_1_E, 5.526
TBranch: mu_1_isSignal, nan
TBranch: mu_1_mcErrors, 512
TBranch: mu_1_mcPDG, nan
TBranch: mu_1_mcE, nan
TBranch: mu_1_mcP, nan
TBranch: mu_1_mcPT, nan
TBranch: mu_1_mcPX, nan
TBranch: mu_1_mcPY, nan
TBranch: mu_1_mcPZ, nan
TBranch: mu_1_mcPhi, nan
TBranch: mu_1_E_uncertainty, 0.1411
TBranch: mu_1_pxErr, 0.02339
TBranch: mu_1_pyErr, 0.03042
TBranch: mu_1_pzErr, 0.1364
TBranch: OrcaKinFitProb, 0.4494
TBranch: OrcaKinFitChi2, 0.5722
TBranch: OrcaKinFitErrorCode, 0
TBranch: OrcaKinFitUnmeasuredTheta, 2.625
TBranch: OrcaKinFitUnmeasuredPhi, -0.7868
TBranch: OrcaKinFitUnmeasuredE, 4.156
TTree: A_mm_rec
TBranch: __experiment__, 0
TBranch: __run__, 0
TBranch: __event__, 2
TBranch: __production__, 0
TBranch: __candidate__, 0
TBranch: __ncandidates__, 1
TBranch: __eventType__, 
TBranch: __weight__, 1
TBranch: M, 0.2748
TBranch: ErrM, 0
TBranch: SigM, -inf
TBranch: InvM, 0.2748
TBranch: px, -0.9229
TBranch: py, 1.358
TBranch: pz, 6.172
TBranch: pt, 1.642
TBranch: p, 6.387
TBranch: E, 6.392
TBranch: mcE, nan
TBranch: mcP, nan
TBranch: mcPT, nan
TBranch: mcPX, nan
TBranch: mcPY, nan
TBranch: mcPZ, nan
TBranch: mcPhi, nan
TBranch: isSignal, nan
TBranch: mcErrors, 512
TBranch: mcPDG, nan
TBranch: mu_0_px, -0.1659
TBranch: mu_0_py, 0.2993
TBranch: mu_0_pz, 1.247
TBranch: mu_0_pt, 0.3422
TBranch: mu_0_p, 1.293
TBranch: mu_0_E, 1.297
TBranch: mu_0_isSignal, nan
TBranch: mu_0_mcErrors, 512
TBranch: mu_0_mcPDG, nan
TBranch: mu_0_mcE, nan
TBranch: mu_0_mcP, nan
TBranch: mu_0_mcPT, nan
TBranch: mu_0_mcPX, nan
TBranch: mu_0_mcPY, nan
TBranch: mu_0_mcPZ, nan
TBranch: mu_0_mcPhi, nan
TBranch: mu_0_E_uncertainty, 0.1452
TBranch: mu_0_pxErr, 0.02278
TBranch: mu_0_pyErr, 0.03692
TBranch: mu_0_pzErr, 0.1405
TBranch: mu_1_px, -0.757
TBranch: mu_1_py, 1.058
TBranch: mu_1_pz, 4.925
TBranch: mu_1_pt, 1.301
TBranch: mu_1_p, 5.094
TBranch: mu_1_E, 5.095
TBranch: mu_1_isSignal, nan
TBranch: mu_1_mcErrors, 512
TBranch: mu_1_mcPDG, nan
TBranch: mu_1_mcE, nan
TBranch: mu_1_mcP, nan
TBranch: mu_1_mcPT, nan
TBranch: mu_1_mcPX, nan
TBranch: mu_1_mcPY, nan
TBranch: mu_1_mcPZ, nan
TBranch: mu_1_mcPhi, nan
TBranch: mu_1_E_uncertainty, 0.5869
TBranch: mu_1_pxErr, 0.08964
TBranch: mu_1_pyErr, 0.121
TBranch: mu_1_pzErr, 0.5675
TFile: B2A422-OrcaKinFit_3CFit.root
TTree: A_mm_kinfit
TBranch: __experiment__, 0
TBranch: __run__, 0
TBranch: __event__, 10
TBranch: __production__, 0
TBranch: __candidate__, 0
TBranch: __ncandidates__, 2
TBranch: __eventType__, 
TBranch: __weight__, 1
TBranch: M, 10.58
TBranch: ErrM, 0
TBranch: SigM, -inf
TBranch: InvM, 10.58
TBranch: px, 0.4566
TBranch: py, 6.106e-16
TBranch: pz, 2.999
TBranch: pt, 0.4566
TBranch: p, 3.034
TBranch: E, 11.01
TBranch: mcE, 4.002
TBranch: mcP, 4.002
TBranch: mcPT, 0.166
TBranch: mcPX, 0.166
TBranch: mcPY, 0
TBranch: mcPZ, -3.999
TBranch: mcPhi, 0
TBranch: isSignal, 0
TBranch: mcErrors, 256
TBranch: mcPDG, -11
TBranch: gamma_M, 2.98e-08
TBranch: gamma_ErrM, 44.63
TBranch: gamma_SigM, 6.678e-10
TBranch: gamma_InvM, 2.98e-08
TBranch: gamma_px, -3.154
TBranch: gamma_py, 3.442
TBranch: gamma_pz, -0.6932
TBranch: gamma_pt, 4.669
TBranch: gamma_p, 4.72
TBranch: gamma_E, 4.72
TBranch: gamma_isSignal, 1
TBranch: gamma_mcErrors, 0
TBranch: gamma_mcPDG, 22
TBranch: gamma_mcE, 4.72
TBranch: gamma_mcP, 4.72
TBranch: gamma_mcPT, 4.668
TBranch: gamma_mcPX, -3.154
TBranch: gamma_mcPY, 3.442
TBranch: gamma_mcPZ, -0.6942
TBranch: gamma_mcPhi, 2.313
TBranch: gamma_E_uncertainty, 0.0005477
TBranch: gamma_pxErr, 0.001474
TBranch: gamma_pyErr, 0.001566
TBranch: gamma_pzErr, 0.001806
TBranch: A_M, 0.9986
TBranch: A_ErrM, 0.002525
TBranch: A_SigM, -3.953e+05
TBranch: A_InvM, 0.9986
TBranch: A_px, 3.611
TBranch: A_py, -3.442
TBranch: A_pz, 3.693
TBranch: A_pt, 4.988
TBranch: A_p, 6.206
TBranch: A_E, 6.286
TBranch: A_isSignal, 1
TBranch: A_mcErrors, 0
TBranch: A_mcPDG, 9e+06
TBranch: A_mcE, 6.287
TBranch: A_mcP, 6.207
TBranch: A_mcPT, 4.988
TBranch: A_mcPX, 3.611
TBranch: A_mcPY, -3.442
TBranch: A_mcPZ, 3.694
TBranch: A_mcPhi, -0.7615
TBranch: A_E_uncertainty, 0.003255
TBranch: A_pxErr, 0.002521
TBranch: A_pyErr, 0.002157
TBranch: A_pzErr, 0.002607
TBranch: A_mu_0_M, 0.1057
TBranch: A_mu_0_ErrM, 0
TBranch: A_mu_0_SigM, inf
TBranch: A_mu_0_InvM, 0.1057
TBranch: A_mu_0_px, 2.732
TBranch: A_mu_0_py, -3.104
TBranch: A_mu_0_pz, 2.911
TBranch: A_mu_0_pt, 4.135
TBranch: A_mu_0_p, 5.057
TBranch: A_mu_0_E, 5.058
TBranch: A_mu_0_isSignal, 1
TBranch: A_mu_0_mcErrors, 0
TBranch: A_mu_0_mcPDG, -13
TBranch: A_mu_0_mcE, 5.056
TBranch: A_mu_0_mcP, 5.055
TBranch: A_mu_0_mcPT, 4.132
TBranch: A_mu_0_mcPX, 2.729
TBranch: A_mu_0_mcPY, -3.103
TBranch: A_mu_0_mcPZ, 2.911
TBranch: A_mu_0_mcPhi, -0.8494
TBranch: A_mu_0_E_uncertainty, 0.002259
TBranch: A_mu_0_pxErr, 0.001663
TBranch: A_mu_0_pyErr, 0.001724
TBranch: A_mu_0_pzErr, 0.00191
TBranch: A_mu_1_M, 0.1057
TBranch: A_mu_1_ErrM, nan
TBranch: A_mu_1_SigM, nan
TBranch: A_mu_1_InvM, 0.1057
TBranch: A_mu_1_px, 0.8787
TBranch: A_mu_1_py, -0.3378
TBranch: A_mu_1_pz, 0.7818
TBranch: A_mu_1_pt, 0.9414
TBranch: A_mu_1_p, 1.224
TBranch: A_mu_1_E, 1.228
TBranch: A_mu_1_isSignal, 1
TBranch: A_mu_1_mcErrors, 0
TBranch: A_mu_1_mcPDG, 13
TBranch: A_mu_1_mcE, 1.231
TBranch: A_mu_1_mcP, 1.226
TBranch: A_mu_1_mcPT, 0.9445
TBranch: A_mu_1_mcPX, 0.8816
TBranch: A_mu_1_mcPY, -0.3389
TBranch: A_mu_1_mcPZ, 0.7824
TBranch: A_mu_1_mcPhi, -0.367
TBranch: A_mu_1_E_uncertainty, 0.002343
TBranch: A_mu_1_pxErr, 0.001895
TBranch: A_mu_1_pyErr, 0.001296
TBranch: A_mu_1_pzErr, 0.001775
TBranch: OrcaKinFitProb, 0.6205
TBranch: OrcaKinFitChi2, 1.774
TBranch: OrcaKinFitErrorCode, 0
TTree: A_mm_rec
TBranch: __experiment__, 0
TBranch: __run__, 0
TBranch: __event__, 10
TBranch: __production__, 0
TBranch: __candidate__, 0
TBranch: __ncandidates__, 2
TBranch: __eventType__, 
TBranch: __weight__, 1
TBranch: M, 10.21
TBranch: ErrM, 0
TBranch: SigM, -inf
TBranch: InvM, 10.21
TBranch: px, 0.6996
TBranch: py, -0.2602
TBranch: pz, 3.05
TBranch: pt, 0.7464
TBranch: p, 3.14
TBranch: E, 10.68
TBranch: mcE, 4.002
TBranch: mcP, 4.002
TBranch: mcPT, 0.166
TBranch: mcPX, 0.166
TBranch: mcPY, 0
TBranch: mcPZ, -3.999
TBranch: mcPhi, 0
TBranch: isSignal, 0
TBranch: mcErrors, 256
TBranch: mcPDG, -11
TBranch: gamma_M, 0
TBranch: gamma_ErrM, nan
TBranch: gamma_SigM, nan
TBranch: gamma_InvM, 0
TBranch: gamma_px, -2.921
TBranch: gamma_py, 3.192
TBranch: gamma_pz, -0.652
TBranch: gamma_pt, 4.327
TBranch: gamma_p, 4.376
TBranch: gamma_E, 4.376
TBranch: gamma_isSignal, 1
TBranch: gamma_mcErrors, 0
TBranch: gamma_mcPDG, 22
TBranch: gamma_mcE, 4.72
TBranch: gamma_mcP, 4.72
TBranch: gamma_mcPT, 4.668
TBranch: gamma_mcPX, -3.154
TBranch: gamma_mcPY, 3.442
TBranch: gamma_mcPZ, -0.6942
TBranch: gamma_mcPhi, 2.313
TBranch: gamma_E_uncertainty, 0.07705
TBranch: gamma_pxErr, 0.0519
TBranch: gamma_pyErr, 0.05657
TBranch: gamma_pzErr, 0.01533
TBranch: A_M, 1
TBranch: A_ErrM, 0
TBranch: A_SigM, -inf
TBranch: A_InvM, 1
TBranch: A_px, 3.621
TBranch: A_py, -3.452
TBranch: A_pz, 3.702
TBranch: A_pt, 5.003
TBranch: A_p, 6.224
TBranch: A_E, 6.303
TBranch: A_isSignal, 1
TBranch: A_mcErrors, 0
TBranch: A_mcPDG, 9e+06
TBranch: A_mcE, 6.287
TBranch: A_mcP, 6.207
TBranch: A_mcPT, 4.988
TBranch: A_mcPX, 3.611
TBranch: A_mcPY, -3.442
TBranch: A_mcPZ, 3.694
TBranch: A_mcPhi, -0.7615
TBranch: A_E_uncertainty, 0
TBranch: A_pxErr, 0
TBranch: A_pyErr, 0
TBranch: A_pzErr, 0
TBranch: A_mu_0_M, 0.1057
TBranch: A_mu_0_ErrM, 0.0003019
TBranch: A_mu_0_SigM, 0
TBranch: A_mu_0_InvM, 0.1057
TBranch: A_mu_0_px, 2.742
TBranch: A_mu_0_py, -3.114
TBranch: A_mu_0_pz, 2.92
TBranch: A_mu_0_pt, 4.149
TBranch: A_mu_0_p, 5.074
TBranch: A_mu_0_E, 5.075
TBranch: A_mu_0_isSignal, 1
TBranch: A_mu_0_mcErrors, 0
TBranch: A_mu_0_mcPDG, -13
TBranch: A_mu_0_mcE, 5.056
TBranch: A_mu_0_mcP, 5.055
TBranch: A_mu_0_mcPT, 4.132
TBranch: A_mu_0_mcPX, 2.729
TBranch: A_mu_0_mcPY, -3.103
TBranch: A_mu_0_mcPZ, 2.911
TBranch: A_mu_0_mcPhi, -0.8494
TBranch: A_mu_0_E_uncertainty, 0.01954
TBranch: A_mu_0_pxErr, 0.01059
TBranch: A_mu_0_pyErr, 0.01208
TBranch: A_mu_0_pzErr, 0.01132
TBranch: A_mu_1_M, 0.1057
TBranch: A_mu_1_ErrM, 5.722e-06
TBranch: A_mu_1_SigM, 0
TBranch: A_mu_1_InvM, 0.1057
TBranch: A_mu_1_px, 0.879
TBranch: A_mu_1_py, -0.3379
TBranch: A_mu_1_pz, 0.7819
TBranch: A_mu_1_pt, 0.9417
TBranch: A_mu_1_p, 1.224
TBranch: A_mu_1_E, 1.229
TBranch: A_mu_1_isSignal, 1
TBranch: A_mu_1_mcErrors, 0
TBranch: A_mu_1_mcPDG, 13
TBranch: A_mu_1_mcE, 1.231
TBranch: A_mu_1_mcP, 1.226
TBranch: A_mu_1_mcPT, 0.9445
TBranch: A_mu_1_mcPX, 0.8816
TBranch: A_mu_1_mcPY, -0.3389
TBranch: A_mu_1_mcPZ, 0.7824
TBranch: A_mu_1_mcPhi, -0.367
TBranch: A_mu_1_E_uncertainty, 0.002367
TBranch: A_mu_1_pxErr, 0.001918
TBranch: A_mu_1_pyErr, 0.0013
TBranch: A_mu_1_pzErr, 0.001789
TFile: B2A423-OrcaKinFit_4CFit.root
TTree: Upsilon4s_4c
TBranch: __experiment__, 0
TBranch: __run__, 0
TBranch: __event__, 1
TBranch: __production__, 0
TBranch: __candidate__, 0
TBranch: __ncandidates__, 1
TBranch: __eventType__, 
TBranch: __weight__, 1
TBranch: M, 10.58
TBranch: ErrM, 0
TBranch: SigM, inf
TBranch: InvM, 10.58
TBranch: px, 0.4566
TBranch: py, 0
TBranch: pz, 2.999
TBranch: pt, 0.4566
TBranch: p, 3.034
TBranch: E, 11.01
TBranch: isSignal, 1
TBranch: mcErrors, 0
TBranch: mcPDG, 3.006e+05
TBranch: FourCFitProb, nan
TBranch: FourCFitChi2, nan
TBranch: eta_M, 0.5433
TBranch: eta_ErrM, 0.006366
TBranch: eta_SigM, -0.7096
TBranch: eta_InvM, 0.5433
TBranch: eta_px, 0.4794
TBranch: eta_py, 0.1258
TBranch: eta_pz, -0.5153
TBranch: eta_pt, 0.4957
TBranch: eta_p, 0.715
TBranch: eta_E, 0.898
TBranch: eta_isSignal, 1
TBranch: eta_mcErrors, 0
TBranch: eta_mcPDG, 221
TBranch: Upsilon_M, 9.476
TBranch: Upsilon_ErrM, 0.006925
TBranch: Upsilon_SigM, 2.317
TBranch: Upsilon_InvM, 9.476
TBranch: Upsilon_px, -0.0228
TBranch: Upsilon_py, -0.1258
TBranch: Upsilon_pz, 3.515
TBranch: Upsilon_pt, 0.1279
TBranch: Upsilon_p, 3.517
TBranch: Upsilon_E, 10.11
TBranch: Upsilon_isSignal, 1
TBranch: Upsilon_mcErrors, 0
TBranch: Upsilon_mcPDG, 553
TBranch: Upsilon_mu_0_isSignal, 1
TBranch: Upsilon_mu_0_mcErrors, 0
TBranch: Upsilon_mu_0_mcPDG, -13
TBranch: Upsilon_mu_0_electronID, 3.658e-40
TBranch: Upsilon_mu_0_muonID, 1
TBranch: Upsilon_mu_0_pionID, 1.465e-11
TBranch: Upsilon_mu_0_kaonID, 7.877e-17
TBranch: Upsilon_mu_0_protonID, 1.619e-21
TBranch: Upsilon_mu_0_deuteronID, 3.663e-32
TBranch: Upsilon_mu_0_binaryPID_11_211, 2.496e-29
TBranch: Upsilon_mu_0_binaryPID_13_211, 1
TBranch: Upsilon_mu_0_binaryPID_211_321, 1
TBranch: Upsilon_mu_0_binaryPID_321_2212, 1
TBranch: Upsilon_mu_0_binaryPID_211_2212, 1
TBranch: Upsilon_mu_0_px, -1.99
TBranch: Upsilon_mu_0_py, 3.457
TBranch: Upsilon_mu_0_pz, 4.383
TBranch: Upsilon_mu_0_pt, 3.989
TBranch: Upsilon_mu_0_p, 5.927
TBranch: Upsilon_mu_0_E, 5.928
TBranch: Upsilon_mu_1_isSignal, 1
TBranch: Upsilon_mu_1_mcErrors, 0
TBranch: Upsilon_mu_1_mcPDG, 13
TBranch: Upsilon_mu_1_electronID, 3.182e-85
TBranch: Upsilon_mu_1_muonID, 1
TBranch: Upsilon_mu_1_pionID, 8.275e-19
TBranch: Upsilon_mu_1_kaonID, 1.078e-26
TBranch: Upsilon_mu_1_protonID, 1.058e-54
TBranch: Upsilon_mu_1_deuteronID, 3.283e-61
TBranch: Upsilon_mu_1_binaryPID_11_211, 3.846e-67
TBranch: Upsilon_mu_1_binaryPID_13_211, 1
TBranch: Upsilon_mu_1_binaryPID_211_321, 1
TBranch: Upsilon_mu_1_binaryPID_321_2212, 1
TBranch: Upsilon_mu_1_binaryPID_211_2212, 1
TBranch: Upsilon_mu_1_px, 1.967
TBranch: Upsilon_mu_1_py, -3.583
TBranch: Upsilon_mu_1_pz, -0.8683
TBranch: Upsilon_mu_1_pt, 4.088
TBranch: Upsilon_mu_1_p, 4.179
TBranch: Upsilon_mu_1_E, 4.18
TBranch: eta_gamma_0_px, 0.3493
TBranch: eta_gamma_0_py, -0.1239
TBranch: eta_gamma_0_pz, -0.4912
TBranch: eta_gamma_0_pt, 0.3706
TBranch: eta_gamma_0_p, 0.6154
TBranch: eta_gamma_0_E, 0.6154
TBranch: eta_gamma_0_isSignal, 1
TBranch: eta_gamma_0_mcErrors, 0
TBranch: eta_gamma_0_mcPDG, 22
TBranch: eta_gamma_0_M, 0
TBranch: eta_gamma_0_ErrM, nan
TBranch: eta_gamma_0_SigM, nan
TBranch: eta_gamma_0_InvM, 0
TBranch: eta_gamma_1_px, 0.1301
TBranch: eta_gamma_1_py, 0.2498
TBranch: eta_gamma_1_pz, -0.0241
TBranch: eta_gamma_1_pt, 0.2816
TBranch: eta_gamma_1_p, 0.2827
TBranch: eta_gamma_1_E, 0.2827
TBranch: eta_gamma_1_isSignal, 1
TBranch: eta_gamma_1_mcErrors, 0
TBranch: eta_gamma_1_mcPDG, 22
TBranch: eta_gamma_1_M, -3.562e-09
TBranch: eta_gamma_1_ErrM, nan
TBranch: eta_gamma_1_SigM, nan
TBranch: eta_gamma_1_InvM, -3.562e-09
TBranch: OrcaKinFitProb, 0.6844
TBranch: OrcaKinFitChi2, 2.28
TBranch: OrcaKinFitErrorCode, 0
TTree: Upsilon4s
TBranch: __experiment__, 0
TBranch: __run__, 0
TBranch: __event__, 1
TBranch: __production__, 0
TBranch: __candidate__, 0
TBranch: __ncandidates__, 1
TBranch: __eventType__, 
TBranch: __weight__, 1
TBranch: M, 10.61
TBranch: ErrM, 0
TBranch: SigM, inf
TBranch: InvM, 10.61
TBranch: px, 0.4558
TBranch: py, 0.01236
TBranch: pz, 2.997
TBranch: pt, 0.4559
TBranch: p, 3.031
TBranch: E, 11.03
TBranch: isSignal, 1
TBranch: mcErrors, 0
TBranch: mcPDG, 3.006e+05
TBranch: FourCFitProb, nan
TBranch: FourCFitChi2, nan
TBranch: eta_M, 0.5517
TBranch: eta_ErrM, 0
TBranch: eta_SigM, inf
TBranch: eta_InvM, 0.5517
TBranch: eta_px, 0.4863
TBranch: eta_py, 0.1258
TBranch: eta_pz, -0.5278
TBranch: eta_pt, 0.5023
TBranch: eta_p, 0.7287
TBranch: eta_E, 0.914
TBranch: eta_isSignal, 1
TBranch: eta_mcErrors, 0
TBranch: eta_mcPDG, 221
TBranch: Upsilon_M, 9.482
TBranch: Upsilon_ErrM, 0
TBranch: Upsilon_SigM, inf
TBranch: Upsilon_InvM, 9.482
TBranch: Upsilon_px, -0.03058
TBranch: Upsilon_py, -0.1134
TBranch: Upsilon_pz, 3.525
TBranch: Upsilon_pt, 0.1175
TBranch: Upsilon_p, 3.527
TBranch: Upsilon_E, 10.12
TBranch: Upsilon_isSignal, 1
TBranch: Upsilon_mcErrors, 0
TBranch: Upsilon_mcPDG, 553
TBranch: Upsilon_mu_0_isSignal, 1
TBranch: Upsilon_mu_0_mcErrors, 0
TBranch: Upsilon_mu_0_mcPDG, -13
TBranch: Upsilon_mu_0_electronID, 3.658e-40
TBranch: Upsilon_mu_0_muonID, 1
TBranch: Upsilon_mu_0_pionID, 1.465e-11
TBranch: Upsilon_mu_0_kaonID, 7.877e-17
TBranch: Upsilon_mu_0_protonID, 1.619e-21
TBranch: Upsilon_mu_0_deuteronID, 3.663e-32
TBranch: Upsilon_mu_0_binaryPID_11_211, 2.496e-29
TBranch: Upsilon_mu_0_binaryPID_13_211, 1
TBranch: Upsilon_mu_0_binaryPID_211_321, 1
TBranch: Upsilon_mu_0_binaryPID_321_2212, 1
TBranch: Upsilon_mu_0_binaryPID_211_2212, 1
TBranch: Upsilon_mu_0_px, -1.996
TBranch: Upsilon_mu_0_py, 3.466
TBranch: Upsilon_mu_0_pz, 4.392
TBranch: Upsilon_mu_0_pt, 3.999
TBranch: Upsilon_mu_0_p, 5.94
TBranch: Upsilon_mu_0_E, 5.941
TBranch: Upsilon_mu_1_isSignal, 1
TBranch: Upsilon_mu_1_mcErrors, 0
TBranch: Upsilon_mu_1_mcPDG, 13
TBranch: Upsilon_mu_1_electronID, 3.182e-85
TBranch: Upsilon_mu_1_muonID, 1
TBranch: Upsilon_mu_1_pionID, 8.275e-19
TBranch: Upsilon_mu_1_kaonID, 1.078e-26
TBranch: Upsilon_mu_1_protonID, 1.058e-54
TBranch: Upsilon_mu_1_deuteronID, 3.283e-61
TBranch: Upsilon_mu_1_binaryPID_11_211, 3.846e-67
TBranch: Upsilon_mu_1_binaryPID_13_211, 1
TBranch: Upsilon_mu_1_binaryPID_211_321, 1
TBranch: Upsilon_mu_1_binaryPID_321_2212, 1
TBranch: Upsilon_mu_1_binaryPID_211_2212, 1
TBranch: Upsilon_mu_1_px, 1.965
TBranch: Upsilon_mu_1_py, -3.579
TBranch: Upsilon_mu_1_pz, -0.8676
TBranch: Upsilon_mu_1_pt, 4.083
TBranch: Upsilon_mu_1_p, 4.174
TBranch: Upsilon_mu_1_E, 4.176
TBranch: eta_gamma_0_px, 0.3557
TBranch: eta_gamma_0_py, -0.1262
TBranch: eta_gamma_0_pz, -0.5032
TBranch: eta_gamma_0_pt, 0.3774
TBranch: eta_gamma_0_p, 0.629
TBranch: eta_gamma_0_E, 0.629
TBranch: eta_gamma_0_isSignal, 1
TBranch: eta_gamma_0_mcErrors, 0
TBranch: eta_gamma_0_mcPDG, 22
TBranch: eta_gamma_0_M, 0
TBranch: eta_gamma_0_ErrM, nan
TBranch: eta_gamma_0_SigM, nan
TBranch: eta_gamma_0_InvM, 0
TBranch: eta_gamma_1_px, 0.1306
TBranch: eta_gamma_1_py, 0.252
TBranch: eta_gamma_1_pz, -0.02462
TBranch: eta_gamma_1_pt, 0.2839
TBranch: eta_gamma_1_p, 0.2849
TBranch: eta_gamma_1_E, 0.2849
TBranch: eta_gamma_1_isSignal, 1
TBranch: eta_gamma_1_mcErrors, 0
TBranch: eta_gamma_1_mcPDG, 22
TBranch: eta_gamma_1_M, 0
TBranch: eta_gamma_1_ErrM, nan
TBranch: eta_gamma_1_SigM, nan
TBranch: eta_gamma_1_InvM, 0
TBranch: chiProb, -1
TFile: B2A424-OrcaKinFit_vertexfit_4Cfit.root
TTree: beamsel
TBranch: __experiment__, 0
TBranch: __run__, 0
TBranch: __event__, 3
TBranch: __production__, 0
TBranch: __candidate__, 0
TBranch: __ncandidates__, 1
TBranch: __eventType__, 
TBranch: __weight__, 1
TBranch: M, 10.65
TBranch: ErrM, 0
TBranch: SigM, -inf
TBranch: InvM, 10.65
TBranch: px, 0.4555
TBranch: py, 0.001865
TBranch: pz, 3.01
TBranch: pt, 0.4555
TBranch: p, 3.044
TBranch: E, 11.07
TBranch: mcE, 4.002
TBranch: mcP, 4.002
TBranch: mcPT, 0.166
TBranch: mcPX, 0.166
TBranch: mcPY, 0
TBranch: mcPZ, -3.999
TBranch: mcPhi, 0
TBranch: isSignal, 0
TBranch: mcErrors, 256
TBranch: mcPDG, -11
TBranch: A_mu_0_px, 0.07125
TBranch: A_mu_0_py, -0.1418
TBranch: A_mu_0_pz, -0.15
TBranch: A_mu_0_pt, 0.1587
TBranch: A_mu_0_p, 0.2183
TBranch: A_mu_0_E, 0.2425
TBranch: A_mu_0_isSignal, 1
TBranch: A_mu_0_mcErrors, 0
TBranch: A_mu_0_mcPDG, 13
TBranch: A_mu_0_mcE, 0.2407
TBranch: A_mu_0_mcP, 0.2163
TBranch: A_mu_0_mcPT, 0.1577
TBranch: A_mu_0_mcPX, 0.06789
TBranch: A_mu_0_mcPY, -0.1424
TBranch: A_mu_0_mcPZ, -0.148
TBranch: A_mu_0_mcPhi, -1.126
TBranch: A_mu_0_electronID, 0.0003169
TBranch: A_mu_0_muonID, 0.3455
TBranch: A_mu_0_pionID, 0.6542
TBranch: A_mu_0_kaonID, 1.597e-27
TBranch: A_mu_0_protonID, 6.078e-09
TBranch: A_mu_0_deuteronID, 3.885e-26
TBranch: A_mu_0_binaryPID_11_211, 0.0004842
TBranch: A_mu_0_binaryPID_13_211, 0.3456
TBranch: A_mu_0_binaryPID_211_321, 1
TBranch: A_mu_0_binaryPID_321_2212, 2.627e-19
TBranch: A_mu_0_binaryPID_211_2212, 1
TBranch: A_mu_0_E_uncertainty, 0.000823
TBranch: A_mu_0_pxErr, 0.001372
TBranch: A_mu_0_pyErr, 0.001201
TBranch: A_mu_0_pzErr, 0.001196
TBranch: A_mu_1_px, 4.121
TBranch: A_mu_1_py, -0.4789
TBranch: A_mu_1_pz, -1.854
TBranch: A_mu_1_pt, 4.149
TBranch: A_mu_1_p, 4.544
TBranch: A_mu_1_E, 4.545
TBranch: A_mu_1_isSignal, 1
TBranch: A_mu_1_mcErrors, 0
TBranch: A_mu_1_mcPDG, -13
TBranch: A_mu_1_mcE, 4.52
TBranch: A_mu_1_mcP, 4.519
TBranch: A_mu_1_mcPT, 4.128
TBranch: A_mu_1_mcPX, 4.101
TBranch: A_mu_1_mcPY, -0.4773
TBranch: A_mu_1_mcPZ, -1.837
TBranch: A_mu_1_mcPhi, -0.1159
TBranch: A_mu_1_electronID, 0
TBranch: A_mu_1_muonID, 1
TBranch: A_mu_1_pionID, 4.012e-19
TBranch: A_mu_1_kaonID, 1.737e-23
TBranch: A_mu_1_protonID, 9.8e-39
TBranch: A_mu_1_deuteronID, 5.996e-67
TBranch: A_mu_1_binaryPID_11_211, 0
TBranch: A_mu_1_binaryPID_13_211, 1
TBranch: A_mu_1_binaryPID_211_321, 1
TBranch: A_mu_1_binaryPID_321_2212, 1
TBranch: A_mu_1_binaryPID_211_2212, 1
TBranch: A_mu_1_E_uncertainty, 0.02306
TBranch: A_mu_1_pxErr, 0.02016
TBranch: A_mu_1_pyErr, 0.004379
TBranch: A_mu_1_pzErr, 0.01262
TBranch: gamma_M, 0
TBranch: gamma_ErrM, nan
TBranch: gamma_SigM, nan
TBranch: gamma_InvM, 0
TBranch: gamma_px, -3.737
TBranch: gamma_py, 0.6226
TBranch: gamma_pz, 5.014
TBranch: gamma_pt, 3.788
TBranch: gamma_p, 6.284
TBranch: gamma_E, 6.284
TBranch: gamma_mcE, 6.246
TBranch: gamma_mcP, 6.246
TBranch: gamma_mcPT, 3.763
TBranch: gamma_mcPX, -3.712
TBranch: gamma_mcPY, 0.6197
TBranch: gamma_mcPZ, 4.985
TBranch: gamma_mcPhi, 2.976
TBranch: gamma_isSignal, 1
TBranch: gamma_mcErrors, 0
TBranch: gamma_mcPDG, 22
TBranch: gamma_E_uncertainty, 0.1084
TBranch: gamma_pxErr, 0.06534
TBranch: gamma_pyErr, 0.01271
TBranch: gamma_pzErr, 0.08687
TBranch: A_M, 0.9737
TBranch: A_ErrM, 0
TBranch: A_SigM, -inf
TBranch: A_InvM, 0.9737
TBranch: A_px, 4.192
TBranch: A_py, -0.6207
TBranch: A_pz, -2.004
TBranch: A_pt, 4.238
TBranch: A_p, 4.688
TBranch: A_E, 4.788
TBranch: A_mcE, 4.761
TBranch: A_mcP, 4.659
TBranch: A_mcPT, 4.214
TBranch: A_mcPX, 4.169
TBranch: A_mcPY, -0.6197
TBranch: A_mcPZ, -1.985
TBranch: A_mcPhi, -0.1476
TBranch: A_isSignal, 1
TBranch: A_mcErrors, 0
TBranch: A_mcPDG, 9e+06
TBranch: A_E_uncertainty, 0
TBranch: A_pxErr, 0
TBranch: A_pyErr, 0
TBranch: A_pzErr, 0
TBranch: chiProb, -1
TTree: beamselv
TBranch: __experiment__, 0
TBranch: __run__, 0
TBranch: __event__, 3
TBranch: __production__, 0
TBranch: __candidate__, 0
TBranch: __ncandidates__, 1
TBranch: __eventType__, 
TBranch: __weight__, 1
TBranch: M, 10.63
TBranch: ErrM, 0
TBranch: SigM, -inf
TBranch: InvM, 10.63
TBranch: px, 0.4406
TBranch: py, 0.002518
TBranch: pz, 3.023
TBranch: pt, 0.4406
TBranch: p, 3.055
TBranch: E, 11.06
TBranch: mcE, 4.002
TBranch: mcP, 4.002
TBranch: mcPT, 0.166
TBranch: mcPX, 0.166
TBranch: mcPY, 0
TBranch: mcPZ, -3.999
TBranch: mcPhi, 0
TBranch: isSignal, 0
TBranch: mcErrors, 256
TBranch: mcPDG, -11
TBranch: A_mu_0_px, 0.06798
TBranch: A_mu_0_py, -0.1436
TBranch: A_mu_0_pz, -0.1496
TBranch: A_mu_0_pt, 0.1589
TBranch: A_mu_0_p, 0.2182
TBranch: A_mu_0_E, 0.2425
TBranch: A_mu_0_isSignal, 1
TBranch: A_mu_0_mcErrors, 0
TBranch: A_mu_0_mcPDG, 13
TBranch: A_mu_0_mcE, 0.2407
TBranch: A_mu_0_mcP, 0.2163
TBranch: A_mu_0_mcPT, 0.1577
TBranch: A_mu_0_mcPX, 0.06789
TBranch: A_mu_0_mcPY, -0.1424
TBranch: A_mu_0_mcPZ, -0.148
TBranch: A_mu_0_mcPhi, -1.126
TBranch: A_mu_0_electronID, 0.0003169
TBranch: A_mu_0_muonID, 0.3455
TBranch: A_mu_0_pionID, 0.6542
TBranch: A_mu_0_kaonID, 1.597e-27
TBranch: A_mu_0_protonID, 6.078e-09
TBranch: A_mu_0_deuteronID, 3.885e-26
TBranch: A_mu_0_binaryPID_11_211, 0.0004842
TBranch: A_mu_0_binaryPID_13_211, 0.3456
TBranch: A_mu_0_binaryPID_211_321, 1
TBranch: A_mu_0_binaryPID_321_2212, 2.627e-19
TBranch: A_mu_0_binaryPID_211_2212, 1
TBranch: A_mu_0_E_uncertainty, 0.0006997
TBranch: A_mu_0_pxErr, 0.0007857
TBranch: A_mu_0_pyErr, 0.0009694
TBranch: A_mu_0_pzErr, 0.001174
TBranch: A_mu_1_px, 4.109
TBranch: A_mu_1_py, -0.4764
TBranch: A_mu_1_pz, -1.841
TBranch: A_mu_1_pt, 4.137
TBranch: A_mu_1_p, 4.528
TBranch: A_mu_1_E, 4.529
TBranch: A_mu_1_isSignal, 1
TBranch: A_mu_1_mcErrors, 0
TBranch: A_mu_1_mcPDG, -13
TBranch: A_mu_1_mcE, 4.52
TBranch: A_mu_1_mcP, 4.519
TBranch: A_mu_1_mcPT, 4.128
TBranch: A_mu_1_mcPX, 4.101
TBranch: A_mu_1_mcPY, -0.4773
TBranch: A_mu_1_mcPZ, -1.837
TBranch: A_mu_1_mcPhi, -0.1159
TBranch: A_mu_1_electronID, 0
TBranch: A_mu_1_muonID, 1
TBranch: A_mu_1_pionID, 4.012e-19
TBranch: A_mu_1_kaonID, 1.737e-23
TBranch: A_mu_1_protonID, 9.8e-39
TBranch: A_mu_1_deuteronID, 5.996e-67
TBranch: A_mu_1_binaryPID_11_211, 0
TBranch: A_mu_1_binaryPID_13_211, 1
TBranch: A_mu_1_binaryPID_211_321, 1
TBranch: A_mu_1_binaryPID_321_2212, 1
TBranch: A_mu_1_binaryPID_211_2212, 1
TBranch: A_mu_1_E_uncertainty, 0.01548
TBranch: A_mu_1_pxErr, 0.01426
TBranch: A_mu_1_pyErr, 0.002328
TBranch: A_mu_1_pzErr, 0.007543
TBranch: gamma_M, 0
TBranch: gamma_ErrM, nan
TBranch: gamma_SigM, nan
TBranch: gamma_InvM, 0
TBranch: gamma_px, -3.737
TBranch: gamma_py, 0.6226
TBranch: gamma_pz, 5.014
TBranch: gamma_pt, 3.788
TBranch: gamma_p, 6.284
TBranch: gamma_E, 6.284
TBranch: gamma_mcE, 6.246
TBranch: gamma_mcP, 6.246
TBranch: gamma_mcPT, 3.763
TBranch: gamma_mcPX, -3.712
TBranch: gamma_mcPY, 0.6197
TBranch: gamma_mcPZ, 4.985
TBranch: gamma_mcPhi, 2.976
TBranch: gamma_isSignal, 1
TBranch: gamma_mcErrors, 0
TBranch: gamma_mcPDG, 22
TBranch: gamma_E_uncertainty, 0.1084
TBranch: gamma_pxErr, 0.06534
TBranch: gamma_pyErr, 0.01271
TBranch: gamma_pzErr, 0.08687
TBranch: A_M, 0.9861
TBranch: A_ErrM, 0.002599
TBranch: A_SigM, -3.839e+05
TBranch: A_InvM, 0.9861
TBranch: A_px, 4.177
TBranch: A_py, -0.6201
TBranch: A_pz, -1.991
TBranch: A_pt, 4.223
TBranch: A_p, 4.669
TBranch: A_E, 4.772
TBranch: A_mcE, 4.761
TBranch: A_mcP, 4.659
TBranch: A_mcPT, 4.214
TBranch: A_mcPX, 4.169
TBranch: A_mcPY, -0.6197
TBranch: A_mcPZ, -1.985
TBranch: A_mcPhi, -0.1476
TBranch: A_isSignal, 1
TBranch: A_mcErrors, 0
TBranch: A_mcPDG, 9e+06
TBranch: A_E_uncertainty, 0.01585
TBranch: A_pxErr, 0.01428
TBranch: A_pyErr, 0.002867
TBranch: A_pzErr, 0.007651
TBranch: chiProb, -1
TTree: beamselv4c
TBranch: __experiment__, 0
TBranch: __run__, 0
TBranch: __event__, 3
TBranch: __production__, 0
TBranch: __candidate__, 0
TBranch: __ncandidates__, 1
TBranch: __eventType__, 
TBranch: __weight__, 1
TBranch: M, 10.58
TBranch: ErrM, 0
TBranch: SigM, -inf
TBranch: InvM, 10.58
TBranch: px, 0.4566
TBranch: py, 0
TBranch: pz, 2.999
TBranch: pt, 0.4566
TBranch: p, 3.034
TBranch: E, 11.01
TBranch: mcE, 4.002
TBranch: mcP, 4.002
TBranch: mcPT, 0.166
TBranch: mcPX, 0.166
TBranch: mcPY, 0
TBranch: mcPZ, -3.999
TBranch: mcPhi, 0
TBranch: isSignal, 0
TBranch: mcErrors, 256
TBranch: mcPDG, -11
TBranch: A_mu_0_px, 0.06798
TBranch: A_mu_0_py, -0.1436
TBranch: A_mu_0_pz, -0.1495
TBranch: A_mu_0_pt, 0.1589
TBranch: A_mu_0_p, 0.2182
TBranch: A_mu_0_E, 0.2424
TBranch: A_mu_0_isSignal, 1
TBranch: A_mu_0_mcErrors, 0
TBranch: A_mu_0_mcPDG, 13
TBranch: A_mu_0_mcE, 0.2407
TBranch: A_mu_0_mcP, 0.2163
TBranch: A_mu_0_mcPT, 0.1577
TBranch: A_mu_0_mcPX, 0.06789
TBranch: A_mu_0_mcPY, -0.1424
TBranch: A_mu_0_mcPZ, -0.148
TBranch: A_mu_0_mcPhi, -1.126
TBranch: A_mu_0_electronID, 0.0003169
TBranch: A_mu_0_muonID, 0.3455
TBranch: A_mu_0_pionID, 0.6542
TBranch: A_mu_0_kaonID, 1.597e-27
TBranch: A_mu_0_protonID, 6.078e-09
TBranch: A_mu_0_deuteronID, 3.885e-26
TBranch: A_mu_0_binaryPID_11_211, 0.0004842
TBranch: A_mu_0_binaryPID_13_211, 0.3456
TBranch: A_mu_0_binaryPID_211_321, 1
TBranch: A_mu_0_binaryPID_321_2212, 2.627e-19
TBranch: A_mu_0_binaryPID_211_2212, 1
TBranch: A_mu_0_E_uncertainty, 0.0008192
TBranch: A_mu_0_pxErr, 0.0007804
TBranch: A_mu_0_pyErr, 0.0009603
TBranch: A_mu_0_pzErr, 0.001167
TBranch: A_mu_1_px, 4.1
TBranch: A_mu_1_py, -0.4753
TBranch: A_mu_1_pz, -1.836
TBranch: A_mu_1_pt, 4.127
TBranch: A_mu_1_p, 4.517
TBranch: A_mu_1_E, 4.518
TBranch: A_mu_1_isSignal, 1
TBranch: A_mu_1_mcErrors, 0
TBranch: A_mu_1_mcPDG, -13
TBranch: A_mu_1_mcE, 4.52
TBranch: A_mu_1_mcP, 4.519
TBranch: A_mu_1_mcPT, 4.128
TBranch: A_mu_1_mcPX, 4.101
TBranch: A_mu_1_mcPY, -0.4773
TBranch: A_mu_1_mcPZ, -1.837
TBranch: A_mu_1_mcPhi, -0.1159
TBranch: A_mu_1_electronID, 0
TBranch: A_mu_1_muonID, 1
TBranch: A_mu_1_pionID, 4.012e-19
TBranch: A_mu_1_kaonID, 1.737e-23
TBranch: A_mu_1_protonID, 9.8e-39
TBranch: A_mu_1_deuteronID, 5.996e-67
TBranch: A_mu_1_binaryPID_11_211, 0
TBranch: A_mu_1_binaryPID_13_211, 1
TBranch: A_mu_1_binaryPID_211_321, 1
TBranch: A_mu_1_binaryPID_321_2212, 1
TBranch: A_mu_1_binaryPID_211_2212, 1
TBranch: A_mu_1_E_uncertainty, 0.001185
TBranch: A_mu_1_pxErr, 0.00223
TBranch: A_mu_1_pyErr, 0.001748
TBranch: A_mu_1_pzErr, 0.002674
TBranch: gamma_M, 8.429e-08
TBranch: gamma_ErrM, 10.72
TBranch: gamma_SigM, 7.86e-09
TBranch: gamma_InvM, 8.429e-08
TBranch: gamma_px, -3.711
TBranch: gamma_py, 0.619
TBranch: gamma_pz, 4.985
TBranch: gamma_pt, 3.762
TBranch: gamma_p, 6.245
TBranch: gamma_E, 6.245
TBranch: gamma_mcE, 6.246
TBranch: gamma_mcP, 6.246
TBranch: gamma_mcPT, 3.763
TBranch: gamma_mcPX, -3.712
TBranch: gamma_mcPY, 0.6197
TBranch: gamma_mcPZ, 4.985
TBranch: gamma_mcPhi, 2.976
TBranch: gamma_isSignal, 1
TBranch: gamma_mcErrors, 0
TBranch: gamma_mcPDG, 22
TBranch: gamma_E_uncertainty, 0.0008687
TBranch: gamma_pxErr, 0.002293
TBranch: gamma_pyErr, 0.001949
TBranch: gamma_pzErr, 0.002787
TBranch: A_M, 0.9849
TBranch: A_ErrM, 0.002142
TBranch: A_SigM, -4.659e+05
TBranch: A_InvM, 0.9849
TBranch: A_px, 4.167
TBranch: A_py, -0.619
TBranch: A_pz, -1.986
TBranch: A_pt, 4.213
TBranch: A_p, 4.658
TBranch: A_E, 4.761
TBranch: A_mcE, 4.761
TBranch: A_mcP, 4.659
TBranch: A_mcPT, 4.214
TBranch: A_mcPX, 4.169
TBranch: A_mcPY, -0.6197
TBranch: A_mcPZ, -1.985
TBranch: A_mcPhi, -0.1476
TBranch: A_isSignal, 1
TBranch: A_mcErrors, 0
TBranch: A_mcPDG, 9e+06
TBranch: A_E_uncertainty, 0.001441
TBranch: A_pxErr, 0.002362
TBranch: A_pyErr, 0.001995
TBranch: A_pzErr, 0.002918
TBranch: OrcaKinFitProb, 0.9496
TBranch: OrcaKinFitChi2, 0.7136
TBranch: OrcaKinFitErrorCode, 0
TBranch: A_VertexFitChi2, nan
TBranch: A_VertexFitProb, nan
