[INFO] Steering file: analysis/tests/postmdstidentification_examples.py
TFile: ChargedPidMVAModule.root
TTree: my_deuteron
TBranch: __experiment__, 1003
TBranch: __run__, 0
TBranch: __event__, 1
TBranch: __production__, 0
TBranch: __candidate__, 0
TBranch: __ncandidates__, 10
TBranch: __eventType__, 
TBranch: __weight__, 1
TBranch: pidChargedBDTScore__bo11__cm__spALL__bc, 0.02931
TBranch: pidChargedBDTScore__bo13__cm__spALL__bc, 0.002839
TBranch: pidChargedBDTScore__bo211__cm__spALL__bc, 0.1905
TBranch: pidChargedBDTScore__bo321__cm__spALL__bc, 0.7773
TBranch: pidChargedBDTScore__bo2212__cm__spALL__bc, nan
TBranch: pidChargedBDTScore__bo1000010020__cm__spALL__bc, nan
TTree: my_p
TBranch: __experiment__, 1003
TBranch: __run__, 0
TBranch: __event__, 1
TBranch: __production__, 0
TBranch: __candidate__, 0
TBranch: __ncandidates__, 10
TBranch: __eventType__, 
TBranch: __weight__, 1
TBranch: pidChargedBDTScore__bo11__cm__spALL__bc, 0.02931
TBranch: pidChargedBDTScore__bo13__cm__spALL__bc, 0.002839
TBranch: pidChargedBDTScore__bo211__cm__spALL__bc, 0.1905
TBranch: pidChargedBDTScore__bo321__cm__spALL__bc, 0.7773
TBranch: pidChargedBDTScore__bo2212__cm__spALL__bc, nan
TBranch: pidChargedBDTScore__bo1000010020__cm__spALL__bc, nan
TTree: my_K
TBranch: __experiment__, 1003
TBranch: __run__, 0
TBranch: __event__, 1
TBranch: __production__, 0
TBranch: __candidate__, 0
TBranch: __ncandidates__, 10
TBranch: __eventType__, 
TBranch: __weight__, 1
TBranch: pidChargedBDTScore__bo11__cm__spALL__bc, 0.02931
TBranch: pidChargedBDTScore__bo13__cm__spALL__bc, 0.002839
TBranch: pidChargedBDTScore__bo211__cm__spALL__bc, 0.1905
TBranch: pidChargedBDTScore__bo321__cm__spALL__bc, 0.7773
TBranch: pidChargedBDTScore__bo2212__cm__spALL__bc, nan
TBranch: pidChargedBDTScore__bo1000010020__cm__spALL__bc, nan
TTree: my_pi
TBranch: __experiment__, 1003
TBranch: __run__, 0
TBranch: __event__, 1
TBranch: __production__, 0
TBranch: __candidate__, 0
TBranch: __ncandidates__, 10
TBranch: __eventType__, 
TBranch: __weight__, 1
TBranch: pidChargedBDTScore__bo11__cm__spALL__bc, 0.02931
TBranch: pidChargedBDTScore__bo13__cm__spALL__bc, 0.002839
TBranch: pidChargedBDTScore__bo211__cm__spALL__bc, 0.1905
TBranch: pidChargedBDTScore__bo321__cm__spALL__bc, 0.7773
TBranch: pidChargedBDTScore__bo2212__cm__spALL__bc, nan
TBranch: pidChargedBDTScore__bo1000010020__cm__spALL__bc, nan
TTree: my_mu
TBranch: __experiment__, 1003
TBranch: __run__, 0
TBranch: __event__, 1
TBranch: __production__, 0
TBranch: __candidate__, 0
TBranch: __ncandidates__, 10
TBranch: __eventType__, 
TBranch: __weight__, 1
TBranch: pidChargedBDTScore__bo11__cm__spALL__bc, 0.02405
TBranch: pidChargedBDTScore__bo13__cm__spALL__bc, 0.1466
TBranch: pidChargedBDTScore__bo211__cm__spALL__bc, 0.828
TBranch: pidChargedBDTScore__bo321__cm__spALL__bc, 0.001307
TBranch: pidChargedBDTScore__bo2212__cm__spALL__bc, nan
TBranch: pidChargedBDTScore__bo1000010020__cm__spALL__bc, nan
TTree: my_e
TBranch: __experiment__, 1003
TBranch: __run__, 0
TBranch: __event__, 1
TBranch: __production__, 0
TBranch: __candidate__, 0
TBranch: __ncandidates__, 10
TBranch: __eventType__, 
TBranch: __weight__, 1
TBranch: pidChargedBDTScore__bo11__cm__spALL__bc, 0.02405
TBranch: pidChargedBDTScore__bo13__cm__spALL__bc, 0.1466
TBranch: pidChargedBDTScore__bo211__cm__spALL__bc, 0.828
TBranch: pidChargedBDTScore__bo321__cm__spALL__bc, 0.001307
TBranch: pidChargedBDTScore__bo2212__cm__spALL__bc, nan
TBranch: pidChargedBDTScore__bo1000010020__cm__spALL__bc, nan
TFile: LowEnergyPi0Identification.root
TTree: t1
TBranch: __experiment__, 1003
TBranch: __run__, 0
TBranch: __event__, 1
TBranch: __production__, 0
TBranch: __candidate__, 0
TBranch: __ncandidates__, 38
TBranch: __eventType__, 
TBranch: __weight__, 1
TBranch: px, 0.04916
TBranch: py, 0.2831
TBranch: pz, -0.1112
TBranch: pt, 0.2873
TBranch: p, 0.3081
TBranch: E, 0.3335
TBranch: InvM, 0.1277
TBranch: identification, 0.187
