[INFO] Steering file: tutorials_B2A3XX.py
TFile: B2A301-Dstar2D0Pi-Reconstruction.root
TTree: dsttree
TBranch: __experiment__, 0
TBranch: __run__, 0
TBranch: __event__, 99
TBranch: __production__, 0
TBranch: __candidate__, 0
TBranch: __ncandidates__, 1
TBranch: __eventType__, 
TBranch: __weight__, 1
TBranch: M, 2.169
TBranch: ErrM, 0
TBranch: SigM, inf
TBranch: InvM, 2.169
TBranch: isSignal, 0
TBranch: mcErrors, 388
TBranch: mcPDG, 421
TBranch: D0_M, 1.884
TBranch: D0_ErrM, 0
TBranch: D0_SigM, inf
TBranch: D0_InvM, 1.884
TBranch: D0_isSignal, 1
TBranch: D0_mcErrors, 0
TBranch: D0_mcPDG, 421
TBranch: D0_K_electronID, 2.411e-10
TBranch: D0_K_muonID, 1.365e-13
TBranch: D0_K_pionID, 1.322e-12
TBranch: D0_K_kaonID, 1
TBranch: D0_K_protonID, 1.001e-08
TBranch: D0_K_deuteronID, 2.767e-13
TBranch: D0_K_binaryPID_11_211, 0.9945
TBranch: D0_K_binaryPID_13_211, 0.09362
TBranch: D0_K_binaryPID_211_321, 1.322e-12
TBranch: D0_K_binaryPID_321_2212, 1
TBranch: D0_K_binaryPID_211_2212, 0.000132
TBranch: D0_K_dr, 0.09967
TBranch: D0_K_dx, 0.0816
TBranch: D0_K_dy, -0.05723
TBranch: D0_K_dz, 0.5264
TBranch: D0_K_d0, 0.09963
TBranch: D0_K_z0, 0.5255
TBranch: D0_K_pValue, 0.51
TBranch: D0_K_ndf, -1
TBranch: D0_K_isSignal, 1
TBranch: D0_K_mcErrors, 0
TBranch: D0_K_mcPDG, -321
TBranch: D0_pi_electronID, 0.0006921
TBranch: D0_pi_muonID, 1.627e-23
TBranch: D0_pi_pionID, 0.9992
TBranch: D0_pi_kaonID, 0.0001132
TBranch: D0_pi_protonID, 2.552e-14
TBranch: D0_pi_deuteronID, 3.408e-28
TBranch: D0_pi_binaryPID_11_211, 0.0006922
TBranch: D0_pi_binaryPID_13_211, 1.629e-23
TBranch: D0_pi_binaryPID_211_321, 0.9999
TBranch: D0_pi_binaryPID_321_2212, 1
TBranch: D0_pi_binaryPID_211_2212, 1
TBranch: D0_pi_dr, 0.0003468
TBranch: D0_pi_dx, 0.0003025
TBranch: D0_pi_dy, -0.0001696
TBranch: D0_pi_dz, -0.006371
TBranch: D0_pi_d0, -0.0003209
TBranch: D0_pi_z0, -0.007033
TBranch: D0_pi_pValue, 0.6646
TBranch: D0_pi_ndf, -1
TBranch: D0_pi_isSignal, 1
TBranch: D0_pi_mcErrors, 0
TBranch: D0_pi_mcPDG, 211
TBranch: pi_electronID, 0.1233
TBranch: pi_muonID, 0.6348
TBranch: pi_pionID, 0.2418
TBranch: pi_kaonID, 5.359e-05
TBranch: pi_protonID, 1.056e-05
TBranch: pi_deuteronID, 5.071e-06
TBranch: pi_binaryPID_11_211, 0.3377
TBranch: pi_binaryPID_13_211, 0.7242
TBranch: pi_binaryPID_211_321, 0.9998
TBranch: pi_binaryPID_321_2212, 0.8354
TBranch: pi_binaryPID_211_2212, 1
TBranch: pi_dr, 17.84
TBranch: pi_dx, -4.896
TBranch: pi_dy, 17.15
TBranch: pi_dz, 118.6
TBranch: pi_d0, 17.84
TBranch: pi_z0, 118.6
TBranch: pi_pValue, 0.02126
TBranch: pi_ndf, -1
TBranch: pi_isSignal, 0
TBranch: pi_mcErrors, 132
TBranch: pi_mcPDG, 13
TFile: B2A302-B02D0Pi0-D02Pi0Pi0-Reconstruction.root
TTree: pi0
TBranch: __experiment__, 0
TBranch: __run__, 0
TBranch: __event__, 1
TBranch: __production__, 0
TBranch: __candidate__, 0
TBranch: __ncandidates__, 2
TBranch: __eventType__, 
TBranch: __weight__, 1
TBranch: isSignal, 1
TBranch: mcErrors, 0
TBranch: mcPDG, 111
TBranch: px, 0.7362
TBranch: py, -0.296
TBranch: pz, 0.5702
TBranch: pt, 0.7934
TBranch: p, 0.9771
TBranch: E, 0.9864
TBranch: extraInfo__boBDT__bc, nan
TBranch: decayAngle__bo0__bc, 1.177
TBranch: weightedAverageECLTime, 0.1035
TBranch: gamma_0_clusterKlId, nan
TBranch: gamma_0_clusterPulseShapeDiscriminationMVA, 0.9877
TBranch: gamma_0_clusterHasPulseShapeDiscrimination, 1
TBranch: gamma_0_clusterNumberOfHadronDigits, 0
TBranch: gamma_0_clusterDeltaLTemp, 0
TBranch: gamma_0_minC2TDist, 73
TBranch: gamma_0_nECLClusterTrackMatches, 0
TBranch: gamma_0_clusterZernikeMVA, 0.8701
TBranch: gamma_0_clusterReg, 2
TBranch: gamma_0_clusterAbsZernikeMoment40, 1.051
TBranch: gamma_0_clusterAbsZernikeMoment51, 0.627
TBranch: gamma_0_clusterBelleQuality, 0
TBranch: gamma_0_clusterClusterID, 1
TBranch: gamma_0_clusterConnectedRegionID, 4
TBranch: gamma_0_clusterE1E9, 0.8066
TBranch: gamma_0_clusterE9E21, 0.9932
TBranch: gamma_0_clusterE9E25, 0.9932
TBranch: gamma_0_clusterEoP, 1
TBranch: gamma_0_clusterErrorE, 0.01494
TBranch: gamma_0_clusterErrorPhi, 0.005273
TBranch: gamma_0_clusterErrorTheta, 0.004297
TBranch: gamma_0_clusterErrorTiming, 3.418
TBranch: gamma_0_clusterHighestE, 0.575
TBranch: gamma_0_clusterHasFailedErrorTiming, 0
TBranch: gamma_0_clusterHasFailedTiming, 0
TBranch: gamma_0_clusterHasNPhotons, 1
TBranch: gamma_0_clusterHasNeutralHadron, 1
TBranch: gamma_0_clusterLAT, 0.2461
TBranch: gamma_0_clusterNHits, 10.94
TBranch: gamma_0_clusterPhi, -0.3168
TBranch: gamma_0_clusterR, 163.8
TBranch: gamma_0_clusterSecondMoment, 1.016
TBranch: gamma_0_clusterTheta, 1.025
TBranch: gamma_0_clusterTiming, 0
TBranch: gamma_0_clusterTrackMatch, 0
TBranch: gamma_0_goodBelleGamma, 1
TBranch: gamma_0_px, 0.5569
TBranch: gamma_0_py, -0.1825
TBranch: gamma_0_pz, 0.3562
TBranch: gamma_0_pt, 0.586
TBranch: gamma_0_p, 0.6858
TBranch: gamma_0_E, 0.6858
TBranch: gamma_1_clusterKlId, nan
TBranch: gamma_1_clusterPulseShapeDiscriminationMVA, 0.9401
TBranch: gamma_1_clusterHasPulseShapeDiscrimination, 1
TBranch: gamma_1_clusterNumberOfHadronDigits, 0
TBranch: gamma_1_clusterDeltaLTemp, 0
TBranch: gamma_1_minC2TDist, 113
TBranch: gamma_1_nECLClusterTrackMatches, 0
TBranch: gamma_1_clusterZernikeMVA, 0.7471
TBranch: gamma_1_clusterReg, 2
TBranch: gamma_1_clusterAbsZernikeMoment40, 1.189
TBranch: gamma_1_clusterAbsZernikeMoment51, 0.6738
TBranch: gamma_1_clusterBelleQuality, 0
TBranch: gamma_1_clusterClusterID, 1
TBranch: gamma_1_clusterConnectedRegionID, 2
TBranch: gamma_1_clusterE1E9, 0.8916
TBranch: gamma_1_clusterE9E21, 1
TBranch: gamma_1_clusterE9E25, 1
TBranch: gamma_1_clusterEoP, 1
TBranch: gamma_1_clusterErrorE, 0.00791
TBranch: gamma_1_clusterErrorPhi, 0.007031
TBranch: gamma_1_clusterErrorTheta, 0.005664
TBranch: gamma_1_clusterErrorTiming, 6.592
TBranch: gamma_1_clusterHighestE, 0.2769
TBranch: gamma_1_clusterHasFailedErrorTiming, 0
TBranch: gamma_1_clusterHasFailedTiming, 0
TBranch: gamma_1_clusterHasNPhotons, 1
TBranch: gamma_1_clusterHasNeutralHadron, 1
TBranch: gamma_1_clusterLAT, 0.05371
TBranch: gamma_1_clusterNHits, 5.078
TBranch: gamma_1_clusterPhi, -0.556
TBranch: gamma_1_clusterR, 195.6
TBranch: gamma_1_clusterSecondMoment, 0.4688
TBranch: gamma_1_clusterTheta, 0.7862
TBranch: gamma_1_clusterTiming, 0.4883
TBranch: gamma_1_clusterTrackMatch, 0
TBranch: gamma_1_goodBelleGamma, 1
TBranch: gamma_1_px, 0.1866
TBranch: gamma_1_py, -0.1159
TBranch: gamma_1_pz, 0.2193
TBranch: gamma_1_pt, 0.2197
TBranch: gamma_1_p, 0.3104
TBranch: gamma_1_E, 0.3104
TTree: b0
TBranch: __experiment__, 0
TBranch: __run__, 0
TBranch: __event__, 5
TBranch: __production__, 0
TBranch: __candidate__, 0
TBranch: __ncandidates__, 1
TBranch: __eventType__, 
TBranch: __weight__, 1
TBranch: M, 5.236
TBranch: ErrM, 0
TBranch: SigM, -inf
TBranch: InvM, 5.236
TBranch: isSignal, 1
TBranch: mcErrors, 0
TBranch: mcPDG, -511
TBranch: D0_M, 1.866
TBranch: D0_ErrM, 0
TBranch: D0_SigM, inf
TBranch: D0_InvM, 1.866
TBranch: D0_isSignal, 1
TBranch: D0_mcErrors, 0
TBranch: D0_mcPDG, 421
TBranch: pi0_M, 0.135
TBranch: pi0_ErrM, 9.027e-05
TBranch: pi0_SigM, -1.178e-10
TBranch: pi0_InvM, 0.1251
TBranch: pi0_isSignal, 1
TBranch: pi0_mcErrors, 0
TBranch: pi0_mcPDG, 111
TBranch: pi0_gamma_0_clusterKlId, nan
TBranch: pi0_gamma_0_clusterPulseShapeDiscriminationMVA, 0.9996
TBranch: pi0_gamma_0_clusterHasPulseShapeDiscrimination, 1
TBranch: pi0_gamma_0_clusterNumberOfHadronDigits, 0
TBranch: pi0_gamma_0_clusterDeltaLTemp, 0
TBranch: pi0_gamma_0_minC2TDist, 250
TBranch: pi0_gamma_0_nECLClusterTrackMatches, 0
TBranch: pi0_gamma_0_clusterZernikeMVA, 0.04102
TBranch: pi0_gamma_0_clusterReg, 2
TBranch: pi0_gamma_0_clusterAbsZernikeMoment40, 1.404
TBranch: pi0_gamma_0_clusterAbsZernikeMoment51, 0.1383
TBranch: pi0_gamma_0_clusterBelleQuality, 0
TBranch: pi0_gamma_0_clusterClusterID, 2
TBranch: pi0_gamma_0_clusterConnectedRegionID, 2
TBranch: pi0_gamma_0_clusterE1E9, 0.9131
TBranch: pi0_gamma_0_clusterE9E21, 0.9902
TBranch: pi0_gamma_0_clusterE9E25, 0.9902
TBranch: pi0_gamma_0_clusterEoP, 1
TBranch: pi0_gamma_0_clusterErrorE, 0.03018
TBranch: pi0_gamma_0_clusterErrorPhi, 0.003711
TBranch: pi0_gamma_0_clusterErrorTheta, 0.00332
TBranch: pi0_gamma_0_clusterErrorTiming, 3.418
TBranch: pi0_gamma_0_clusterHighestE, 1.435
TBranch: pi0_gamma_0_clusterHasFailedErrorTiming, 0
TBranch: pi0_gamma_0_clusterHasFailedTiming, 0
TBranch: pi0_gamma_0_clusterHasNPhotons, 1
TBranch: pi0_gamma_0_clusterHasNeutralHadron, 0
TBranch: pi0_gamma_0_clusterLAT, 0.168
TBranch: pi0_gamma_0_clusterNHits, 15.62
TBranch: pi0_gamma_0_clusterPhi, 2.336
TBranch: pi0_gamma_0_clusterR, 201.3
TBranch: pi0_gamma_0_clusterSecondMoment, 0.5859
TBranch: pi0_gamma_0_clusterTheta, 0.7552
TBranch: pi0_gamma_0_clusterTiming, -0.4883
TBranch: pi0_gamma_0_clusterTrackMatch, 0
TBranch: pi0_gamma_0_goodBelleGamma, 1
TBranch: pi0_gamma_1_clusterKlId, nan
TBranch: pi0_gamma_1_clusterPulseShapeDiscriminationMVA, 0.9893
TBranch: pi0_gamma_1_clusterHasPulseShapeDiscrimination, 1
TBranch: pi0_gamma_1_clusterNumberOfHadronDigits, 0
TBranch: pi0_gamma_1_clusterDeltaLTemp, 0
TBranch: pi0_gamma_1_minC2TDist, 250
TBranch: pi0_gamma_1_nECLClusterTrackMatches, 0
TBranch: pi0_gamma_1_clusterZernikeMVA, 0.05371
TBranch: pi0_gamma_1_clusterReg, 2
TBranch: pi0_gamma_1_clusterAbsZernikeMoment40, 0.9313
TBranch: pi0_gamma_1_clusterAbsZernikeMoment51, 0.5742
TBranch: pi0_gamma_1_clusterBelleQuality, 0
TBranch: pi0_gamma_1_clusterClusterID, 1
TBranch: pi0_gamma_1_clusterConnectedRegionID, 2
TBranch: pi0_gamma_1_clusterE1E9, 0.7471
TBranch: pi0_gamma_1_clusterE9E21, 0.9795
TBranch: pi0_gamma_1_clusterE9E25, 0.9795
TBranch: pi0_gamma_1_clusterEoP, 1
TBranch: pi0_gamma_1_clusterErrorE, 0.02197
TBranch: pi0_gamma_1_clusterErrorPhi, 0.004297
TBranch: pi0_gamma_1_clusterErrorTheta, 0.003711
TBranch: pi0_gamma_1_clusterErrorTiming, 3.418
TBranch: pi0_gamma_1_clusterHighestE, 0.8261
TBranch: pi0_gamma_1_clusterHasFailedErrorTiming, 0
TBranch: pi0_gamma_1_clusterHasFailedTiming, 0
TBranch: pi0_gamma_1_clusterHasNPhotons, 1
TBranch: pi0_gamma_1_clusterHasNeutralHadron, 0
TBranch: pi0_gamma_1_clusterLAT, 0.251
TBranch: pi0_gamma_1_clusterNHits, 14.06
TBranch: pi0_gamma_1_clusterPhi, 2.211
TBranch: pi0_gamma_1_clusterR, 211.2
TBranch: pi0_gamma_1_clusterSecondMoment, 1.055
TBranch: pi0_gamma_1_clusterTheta, 0.7089
TBranch: pi0_gamma_1_clusterTiming, -0.4883
TBranch: pi0_gamma_1_clusterTrackMatch, 0
TBranch: pi0_gamma_1_goodBelleGamma, 1
TFile: B2A303-MultipleDecays-Reconstruction.root
TTree: bp
TBranch: __experiment__, 0
TBranch: __run__, 0
TBranch: __event__, 1
TBranch: __production__, 0
TBranch: __candidate__, 0
TBranch: __ncandidates__, 1
TBranch: __eventType__, 
TBranch: __weight__, 1
TBranch: Mbc, 5.281
TBranch: deltaE, -0.001868
TBranch: isSignal, 1
TBranch: mcErrors, 0
TBranch: mcPDG, -521
TBranch: D0_M, 1.865
TBranch: D0_ErrM, 0
TBranch: D0_SigM, inf
TBranch: D0_InvM, 1.865
TBranch: D0_px, -1.331
TBranch: D0_py, 0.1827
TBranch: D0_pz, -1.094
TBranch: D0_pt, 1.343
TBranch: D0_p, 1.732
TBranch: D0_E, 2.545
TBranch: pi_px, 1.292
TBranch: pi_py, -0.3213
TBranch: pi_pz, 2.636
TBranch: pi_pt, 1.331
TBranch: pi_p, 2.953
TBranch: pi_E, 2.957
TBranch: decayModeID, 5
TFile: B2A304-B02RhoGamma-Reconstruction.root
TTree: b0
TBranch: __experiment__, 0
TBranch: __run__, 0
TBranch: __event__, 1180040
TBranch: __production__, 0
TBranch: __candidate__, 0
TBranch: __ncandidates__, 1
TBranch: __eventType__, 
TBranch: __weight__, 1
TBranch: px, 0.4336
TBranch: py, 0.3623
TBranch: pz, 0.5648
TBranch: pt, 0.565
TBranch: p, 0.7989
TBranch: E, 4.824
TBranch: Mbc, 5.215
TBranch: deltaE, -0.4502
TBranch: isSignal, 0
TBranch: mcErrors, 304
TBranch: mcPDG, 3.006e+05
TBranch: gamma_clusterKlId, nan
TBranch: gamma_clusterPulseShapeDiscriminationMVA, nan
TBranch: gamma_clusterHasPulseShapeDiscrimination, 0
TBranch: gamma_clusterNumberOfHadronDigits, nan
TBranch: gamma_clusterDeltaLTemp, 0
TBranch: gamma_minC2TDist, 26.61
TBranch: gamma_nECLClusterTrackMatches, 0
TBranch: gamma_clusterZernikeMVA, 0.3574
TBranch: gamma_clusterReg, 2
TBranch: gamma_clusterAbsZernikeMoment40, 1.189
TBranch: gamma_clusterAbsZernikeMoment51, 0.4898
TBranch: gamma_clusterBelleQuality, 0
TBranch: gamma_clusterClusterID, 1
TBranch: gamma_clusterConnectedRegionID, 89
TBranch: gamma_clusterE1E9, 0.8477
TBranch: gamma_clusterE9E21, 0.9766
TBranch: gamma_clusterE9E25, 0.9766
TBranch: gamma_clusterEoP, 1
TBranch: gamma_clusterErrorE, 0.04658
TBranch: gamma_clusterErrorPhi, 0.00293
TBranch: gamma_clusterErrorTheta, 0.002734
TBranch: gamma_clusterErrorTiming, 3.418
TBranch: gamma_clusterHighestE, 2.083
TBranch: gamma_clusterHasFailedErrorTiming, 0
TBranch: gamma_clusterHasFailedTiming, 0
TBranch: gamma_clusterHasNPhotons, 1
TBranch: gamma_clusterHasNeutralHadron, 0
TBranch: gamma_clusterLAT, 0.2979
TBranch: gamma_clusterNHits, 19.14
TBranch: gamma_clusterPhi, 0.3222
TBranch: gamma_clusterR, 140.6
TBranch: gamma_clusterSecondMoment, 1.016
TBranch: gamma_clusterTheta, 1.588
TBranch: gamma_clusterTiming, -0.9766
TBranch: gamma_clusterTrackMatch, 0
TBranch: gamma_goodBelleGamma, 1
TBranch: gamma_isSignal, 1
TBranch: gamma_mcErrors, 0
TBranch: gamma_mcPDG, 22
TBranch: gamma_px, 2.385
TBranch: gamma_py, 0.7962
TBranch: gamma_pz, -0.04422
TBranch: gamma_pt, 2.514
TBranch: gamma_p, 2.515
TBranch: gamma_E, 2.515
TBranch: rho0_clusterKlId, nan
TBranch: rho0_clusterPulseShapeDiscriminationMVA, nan
TBranch: rho0_clusterHasPulseShapeDiscrimination, nan
TBranch: rho0_clusterNumberOfHadronDigits, nan
TBranch: rho0_clusterDeltaLTemp, nan
TBranch: rho0_minC2TDist, nan
TBranch: rho0_nECLClusterTrackMatches, nan
TBranch: rho0_clusterZernikeMVA, nan
TBranch: rho0_clusterReg, nan
TBranch: rho0_clusterAbsZernikeMoment40, nan
TBranch: rho0_clusterAbsZernikeMoment51, nan
TBranch: rho0_clusterBelleQuality, nan
TBranch: rho0_clusterClusterID, nan
TBranch: rho0_clusterConnectedRegionID, nan
TBranch: rho0_clusterE1E9, nan
TBranch: rho0_clusterE9E21, nan
TBranch: rho0_clusterE9E25, nan
TBranch: rho0_clusterEoP, nan
TBranch: rho0_clusterErrorE, nan
TBranch: rho0_clusterErrorPhi, nan
TBranch: rho0_clusterErrorTheta, nan
TBranch: rho0_clusterErrorTiming, nan
TBranch: rho0_clusterHighestE, nan
TBranch: rho0_clusterHasFailedErrorTiming, nan
TBranch: rho0_clusterHasFailedTiming, nan
TBranch: rho0_clusterHasNPhotons, nan
TBranch: rho0_clusterHasNeutralHadron, nan
TBranch: rho0_clusterLAT, nan
TBranch: rho0_clusterNHits, nan
TBranch: rho0_clusterPhi, nan
TBranch: rho0_clusterR, nan
TBranch: rho0_clusterSecondMoment, nan
TBranch: rho0_clusterTheta, nan
TBranch: rho0_clusterTiming, nan
TBranch: rho0_clusterTrackMatch, nan
TBranch: rho0_goodBelleGamma, 0
TBranch: rho0_isSignal, 0
TBranch: rho0_mcErrors, 304
TBranch: rho0_mcPDG, 3.006e+05
TBranch: rho0_px, -1.951
TBranch: rho0_py, -0.4339
TBranch: rho0_pz, 0.6091
TBranch: rho0_pt, 1.999
TBranch: rho0_p, 2.09
TBranch: rho0_E, 2.309
TBranch: rho0_M, 0.9833
TBranch: rho0_ErrM, 0
TBranch: rho0_SigM, inf
TBranch: rho0_InvM, 0.9833
TBranch: rho0_pi_0_electronID, 1.417e-08
TBranch: rho0_pi_0_muonID, 1.02e-27
TBranch: rho0_pi_0_pionID, 0.9998
TBranch: rho0_pi_0_kaonID, 0.0002234
TBranch: rho0_pi_0_protonID, 2.242e-14
TBranch: rho0_pi_0_deuteronID, 1.849e-33
TBranch: rho0_pi_0_binaryPID_11_211, 1.417e-08
TBranch: rho0_pi_0_binaryPID_13_211, 1.021e-27
TBranch: rho0_pi_0_binaryPID_211_321, 0.9998
TBranch: rho0_pi_0_binaryPID_321_2212, 1
TBranch: rho0_pi_0_binaryPID_211_2212, 1
TBranch: rho0_pi_0_dr, 0.000232
TBranch: rho0_pi_0_dx, -1.438e-05
TBranch: rho0_pi_0_dy, 0.0002315
TBranch: rho0_pi_0_dz, 0.0004205
TBranch: rho0_pi_0_d0, 0.0003101
TBranch: rho0_pi_0_z0, -0.0002742
TBranch: rho0_pi_0_pValue, 0.8387
TBranch: rho0_pi_0_ndf, -1
TBranch: rho0_pi_1_electronID, 2.283e-21
TBranch: rho0_pi_1_muonID, 0.3491
TBranch: rho0_pi_1_pionID, 0.6509
TBranch: rho0_pi_1_kaonID, 9.691e-40
TBranch: rho0_pi_1_protonID, 1.231e-93
TBranch: rho0_pi_1_deuteronID, 5.591e-30
TBranch: rho0_pi_1_binaryPID_11_211, 3.507e-21
TBranch: rho0_pi_1_binaryPID_13_211, 0.3491
TBranch: rho0_pi_1_binaryPID_211_321, 1
TBranch: rho0_pi_1_binaryPID_321_2212, 1
TBranch: rho0_pi_1_binaryPID_211_2212, 1
TBranch: rho0_pi_1_dr, 0.003697
TBranch: rho0_pi_1_dx, 0.002712
TBranch: rho0_pi_1_dy, -0.002513
TBranch: rho0_pi_1_dz, 0.01678
TBranch: rho0_pi_1_d0, -0.003654
TBranch: rho0_pi_1_z0, 0.01605
TBranch: rho0_pi_1_pValue, 0.893
TBranch: rho0_pi_1_ndf, -1
TFile: B2A305-Btag+SingleMuon-Reconstruction.root
TTree: btagbsig
TBranch: __experiment__, 0
TBranch: __run__, 0
TBranch: __event__, 4
TBranch: __production__, 0
TBranch: __candidate__, 0
TBranch: __ncandidates__, 1
TBranch: __eventType__, 
TBranch: __weight__, 1
TBranch: isSignal, 0
TBranch: mcErrors, 8
TBranch: mcPDG, 3.006e+05
TBranch: nROE_Charged__bo__bc, 0
TBranch: nROE_Photons__bo__bc, 0
TBranch: nROE_NeutralHadrons__bo__bc, 2
TBranch: pRecoil, 2.542
TBranch: eRecoil, 2.573
TBranch: mRecoil, 0.3977
TBranch: pRecoilPhi, -1.948
TBranch: pRecoilTheta, 1.32
TBranch: pxRecoil, -0.907
TBranch: pyRecoil, -2.289
TBranch: pzRecoil, 0.6299
TBranch: px, 1.364
TBranch: py, 2.289
TBranch: pz, 2.37
TBranch: pt, 2.665
TBranch: p, 3.566
TBranch: E, 8.433
TBranch: B_isSignal, 1
TBranch: B_mcErrors, 0
TBranch: B_mcPDG, -521
TBranch: B_Mbc, 5.276
TBranch: B_deltaE, -0.01607
TBranch: B_D0_isSignal, 1
TBranch: B_D0_mcErrors, 0
TBranch: B_D0_mcPDG, 421
TBranch: B_D0_px, -0.5129
TBranch: B_D0_py, 2.186
TBranch: B_D0_pz, 0.6667
TBranch: B_D0_pt, 2.246
TBranch: B_D0_p, 2.343
TBranch: B_D0_E, 2.988
TBranch: B_D0_M, 1.855
TBranch: B_D0_ErrM, 0
TBranch: B_D0_SigM, -inf
TBranch: B_D0_InvM, 1.855
TBranch: B_D_decayModeID, 2
TBranch: mu_isSignal, 1
TBranch: mu_mcErrors, 0
TBranch: mu_mcPDG, -13
TTree: btag
TBranch: __experiment__, 0
TBranch: __run__, 0
TBranch: __event__, 4
TBranch: __production__, 0
TBranch: __candidate__, 0
TBranch: __ncandidates__, 1
TBranch: __eventType__, 
TBranch: __weight__, 1
TBranch: isSignal, 1
TBranch: mcErrors, 0
TBranch: mcPDG, -521
TBranch: Mbc, 5.276
TBranch: deltaE, -0.01607
TBranch: D0_isSignal, 1
TBranch: D0_mcErrors, 0
TBranch: D0_mcPDG, 421
TBranch: D0_px, -0.5129
TBranch: D0_py, 2.186
TBranch: D0_pz, 0.6667
TBranch: D0_pt, 2.246
TBranch: D0_p, 2.343
TBranch: D0_E, 2.988
TBranch: D0_M, 1.855
TBranch: D0_ErrM, 0
TBranch: D0_SigM, -inf
TBranch: D0_InvM, 1.855
TBranch: D_decayModeID, 2
TTree: neutrino
TBranch: __experiment__, 0
TBranch: __run__, 0
TBranch: __event__, 4
TBranch: __production__, 0
TBranch: __candidate__, 0
TBranch: __ncandidates__, 1
TBranch: __eventType__, 
TBranch: __weight__, 1
TBranch: isSignal, nan
TBranch: mcErrors, 512
TBranch: mcPDG, nan
TBranch: px, -0.907
TBranch: py, -2.289
TBranch: pz, 0.6299
TBranch: pt, 2.463
TBranch: p, 2.542
TBranch: E, 2.573
TBranch: M, 0.3977
TBranch: ErrM, 0
TBranch: SigM, inf
TBranch: InvM, 0.3977
TFile: B2A306-B02RhoGamma-withPi0EtaVeto.root
TTree: b0
TBranch: __experiment__, 0
TBranch: __run__, 0
TBranch: __event__, 1180040
TBranch: __production__, 0
TBranch: __candidate__, 0
TBranch: __ncandidates__, 1
TBranch: __eventType__, 
TBranch: __weight__, 1
TBranch: px, 0.4336
TBranch: py, 0.3623
TBranch: pz, 0.5648
TBranch: pt, 0.565
TBranch: p, 0.7989
TBranch: E, 4.824
TBranch: Mbc, 5.215
TBranch: deltaE, -0.4502
TBranch: isSignal, 0
TBranch: mcErrors, 304
TBranch: mcPDG, 3.006e+05
TBranch: gamma_clusterKlId, nan
TBranch: gamma_clusterPulseShapeDiscriminationMVA, nan
TBranch: gamma_clusterHasPulseShapeDiscrimination, 0
TBranch: gamma_clusterNumberOfHadronDigits, nan
TBranch: gamma_clusterDeltaLTemp, 0
TBranch: gamma_minC2TDist, 26.61
TBranch: gamma_nECLClusterTrackMatches, 0
TBranch: gamma_clusterZernikeMVA, 0.3574
TBranch: gamma_clusterReg, 2
TBranch: gamma_clusterAbsZernikeMoment40, 1.189
TBranch: gamma_clusterAbsZernikeMoment51, 0.4898
TBranch: gamma_clusterBelleQuality, 0
TBranch: gamma_clusterClusterID, 1
TBranch: gamma_clusterConnectedRegionID, 89
TBranch: gamma_clusterE1E9, 0.8477
TBranch: gamma_clusterE9E21, 0.9766
TBranch: gamma_clusterE9E25, 0.9766
TBranch: gamma_clusterEoP, 1
TBranch: gamma_clusterErrorE, 0.04658
TBranch: gamma_clusterErrorPhi, 0.00293
TBranch: gamma_clusterErrorTheta, 0.002734
TBranch: gamma_clusterErrorTiming, 3.418
TBranch: gamma_clusterHighestE, 2.083
TBranch: gamma_clusterHasFailedErrorTiming, 0
TBranch: gamma_clusterHasFailedTiming, 0
TBranch: gamma_clusterHasNPhotons, 1
TBranch: gamma_clusterHasNeutralHadron, 0
TBranch: gamma_clusterLAT, 0.2979
TBranch: gamma_clusterNHits, 19.14
TBranch: gamma_clusterPhi, 0.3222
TBranch: gamma_clusterR, 140.6
TBranch: gamma_clusterSecondMoment, 1.016
TBranch: gamma_clusterTheta, 1.588
TBranch: gamma_clusterTiming, -0.9766
TBranch: gamma_clusterTrackMatch, 0
TBranch: gamma_goodBelleGamma, 1
TBranch: gamma_isSignal, 1
TBranch: gamma_mcErrors, 0
TBranch: gamma_mcPDG, 22
TBranch: gamma_px, 2.385
TBranch: gamma_py, 0.7962
TBranch: gamma_pz, -0.04422
TBranch: gamma_pt, 2.514
TBranch: gamma_p, 2.515
TBranch: gamma_E, 2.515
TBranch: rho0_clusterKlId, nan
TBranch: rho0_clusterPulseShapeDiscriminationMVA, nan
TBranch: rho0_clusterHasPulseShapeDiscrimination, nan
TBranch: rho0_clusterNumberOfHadronDigits, nan
TBranch: rho0_clusterDeltaLTemp, nan
TBranch: rho0_minC2TDist, nan
TBranch: rho0_nECLClusterTrackMatches, nan
TBranch: rho0_clusterZernikeMVA, nan
TBranch: rho0_clusterReg, nan
TBranch: rho0_clusterAbsZernikeMoment40, nan
TBranch: rho0_clusterAbsZernikeMoment51, nan
TBranch: rho0_clusterBelleQuality, nan
TBranch: rho0_clusterClusterID, nan
TBranch: rho0_clusterConnectedRegionID, nan
TBranch: rho0_clusterE1E9, nan
TBranch: rho0_clusterE9E21, nan
TBranch: rho0_clusterE9E25, nan
TBranch: rho0_clusterEoP, nan
TBranch: rho0_clusterErrorE, nan
TBranch: rho0_clusterErrorPhi, nan
TBranch: rho0_clusterErrorTheta, nan
TBranch: rho0_clusterErrorTiming, nan
TBranch: rho0_clusterHighestE, nan
TBranch: rho0_clusterHasFailedErrorTiming, nan
TBranch: rho0_clusterHasFailedTiming, nan
TBranch: rho0_clusterHasNPhotons, nan
TBranch: rho0_clusterHasNeutralHadron, nan
TBranch: rho0_clusterLAT, nan
TBranch: rho0_clusterNHits, nan
TBranch: rho0_clusterPhi, nan
TBranch: rho0_clusterR, nan
TBranch: rho0_clusterSecondMoment, nan
TBranch: rho0_clusterTheta, nan
TBranch: rho0_clusterTiming, nan
TBranch: rho0_clusterTrackMatch, nan
TBranch: rho0_goodBelleGamma, 0
TBranch: rho0_isSignal, 0
TBranch: rho0_mcErrors, 304
TBranch: rho0_mcPDG, 3.006e+05
TBranch: rho0_px, -1.951
TBranch: rho0_py, -0.4339
TBranch: rho0_pz, 0.6091
TBranch: rho0_pt, 1.999
TBranch: rho0_p, 2.09
TBranch: rho0_E, 2.309
TBranch: rho0_M, 0.9833
TBranch: rho0_ErrM, 0
TBranch: rho0_SigM, inf
TBranch: rho0_InvM, 0.9833
TBranch: rho0_pi_0_dr, 0.000232
TBranch: rho0_pi_0_dx, -1.438e-05
TBranch: rho0_pi_0_dy, 0.0002315
TBranch: rho0_pi_0_dz, 0.0004205
TBranch: rho0_pi_0_d0, 0.0003101
TBranch: rho0_pi_0_z0, -0.0002742
TBranch: rho0_pi_0_pValue, 0.8387
TBranch: rho0_pi_0_ndf, -1
TBranch: rho0_pi_1_dr, 0.003697
TBranch: rho0_pi_1_dx, 0.002712
TBranch: rho0_pi_1_dy, -0.002513
TBranch: rho0_pi_1_dz, 0.01678
TBranch: rho0_pi_1_d0, -0.003654
TBranch: rho0_pi_1_z0, 0.01605
TBranch: rho0_pi_1_pValue, 0.893
TBranch: rho0_pi_1_ndf, -1
TBranch: pi0Prob__bostandard__bc, 0.9971
TBranch: etaProb__bostandard__bc, 0.05063
TBranch: extraInfo__bopi0veto__bc, 0.1369
TBranch: extraInfo__boPi0VetoEfficiencySystematics_standard30_data_MC_ratio__bc, 1.074
TBranch: extraInfo__boPi0VetoEfficiencySystematics_standard30_data_MC_uncertainty_stat__bc, 0.04278
TBranch: extraInfo__boPi0VetoEfficiencySystematics_standard30_data_MC_uncertainty_sys__bc, 0.001221
TBranch: extraInfo__boPi0VetoEfficiencySystematics_standard30_data_MC_uncertainty_total__bc, 0.0428
TBranch: extraInfo__boPi0VetoEfficiencySystematics_standard30_threshold__bc, 0.3
TFile: B2A307-BasicEventWiseNtupleSelection.root
TTree: btagbsig
TBranch: __experiment__, 0
TBranch: __run__, 0
TBranch: __event__, 7
TBranch: __production__, 0
TBranch: __candidate__, 0
TBranch: __ncandidates__, 1
TBranch: __eventType__, 
TBranch: __weight__, 1
TBranch: isSignal, 0
TBranch: mcErrors, 8
TBranch: mcPDG, 3.006e+05
TBranch: nROE_Charged__bo__bc, 0
TBranch: nROE_Photons__bo__bc, 4
TBranch: nROE_NeutralHadrons__bo__bc, 3
TBranch: pRecoil, 2.082
TBranch: eRecoil, 2.078
TBranch: mRecoil, -0.1218
TBranch: pRecoilPhi, -1.735
TBranch: pRecoilTheta, 2.378
TBranch: pxRecoil, -0.2358
TBranch: pyRecoil, -1.42
TBranch: pzRecoil, -1.504
TBranch: roeEextra__bo__bc, 1.089
TBranch: px, 0.6924
TBranch: py, 1.42
TBranch: pz, 4.503
TBranch: pt, 1.579
TBranch: p, 4.772
TBranch: E, 8.928
TBranch: B_isSignal, 1
TBranch: B_mcErrors, 0
TBranch: B_mcPDG, -521
TBranch: B_Mbc, 5.276
TBranch: B_deltaE, -0.01503
TBranch: B_D0_isSignal, 1
TBranch: B_D0_mcErrors, 0
TBranch: B_D0_mcPDG, 421
TBranch: B_D0_px, 1.763
TBranch: B_D0_py, -1.254
TBranch: B_D0_pz, 1.413
TBranch: B_D0_pt, 2.163
TBranch: B_D0_p, 2.584
TBranch: B_D0_E, 3.181
TBranch: B_D0_M, 1.856
TBranch: B_D0_ErrM, 0
TBranch: B_D0_SigM, -inf
TBranch: B_D0_InvM, 1.856
TBranch: B_D0_foxWolframR2, 0.2164
TBranch: B_D0_decayModeID, 1
TBranch: B_foxWolframR2, 0.2164
TBranch: mu_isSignal, 1
TBranch: mu_mcErrors, 0
TBranch: mu_mcPDG, -13
TTree: btag
TBranch: __experiment__, 0
TBranch: __run__, 0
TBranch: __event__, 7
TBranch: __production__, 0
TBranch: __candidate__, 0
TBranch: __ncandidates__, 1
TBranch: __eventType__, 
TBranch: __weight__, 1
TBranch: isSignal, 1
TBranch: mcErrors, 0
TBranch: mcPDG, -521
TBranch: Mbc, 5.276
TBranch: deltaE, -0.01503
TBranch: D0_isSignal, 1
TBranch: D0_mcErrors, 0
TBranch: D0_mcPDG, 421
TBranch: D0_px, 1.763
TBranch: D0_py, -1.254
TBranch: D0_pz, 1.413
TBranch: D0_pt, 2.163
TBranch: D0_p, 2.584
TBranch: D0_E, 3.181
TBranch: D0_M, 1.856
TBranch: D0_ErrM, 0
TBranch: D0_SigM, -inf
TBranch: D0_InvM, 1.856
TBranch: D0_foxWolframR2, 0.2164
TBranch: D0_decayModeID, 1
TBranch: foxWolframR2, 0.2164
