[INFO] Steering file: tutorials_B2A7XX.py
TFile: B2A701-ContinuumSuppression_Input.root
TTree: tree
No entry found
TBranch: __experiment__
TBranch: __run__
TBranch: __event__
TBranch: __production__
TBranch: __candidate__
TBranch: __ncandidates__
TBranch: __eventType__
TBranch: __weight__
TBranch: R2
TBranch: thrustBm
TBranch: thrustOm
TBranch: cosTBTO
TBranch: cosTBz
TBranch: KSFWVariables__boet__bc
TBranch: KSFWVariables__bomm2__bc
TBranch: KSFWVariables__bohso00__bc
TBranch: KSFWVariables__bohso01__bc
TBranch: KSFWVariables__bohso02__bc
TBranch: KSFWVariables__bohso03__bc
TBranch: KSFWVariables__bohso04__bc
TBranch: KSFWVariables__bohso10__bc
TBranch: KSFWVariables__bohso12__bc
TBranch: KSFWVariables__bohso14__bc
TBranch: KSFWVariables__bohso20__bc
TBranch: KSFWVariables__bohso22__bc
TBranch: KSFWVariables__bohso24__bc
TBranch: KSFWVariables__bohoo0__bc
TBranch: KSFWVariables__bohoo1__bc
TBranch: KSFWVariables__bohoo2__bc
TBranch: KSFWVariables__bohoo3__bc
TBranch: KSFWVariables__bohoo4__bc
TBranch: CleoConeCS__bo1__bc
TBranch: CleoConeCS__bo2__bc
TBranch: CleoConeCS__bo3__bc
TBranch: CleoConeCS__bo4__bc
TBranch: CleoConeCS__bo5__bc
TBranch: CleoConeCS__bo6__bc
TBranch: CleoConeCS__bo7__bc
TBranch: CleoConeCS__bo8__bc
TBranch: CleoConeCS__bo9__bc
TBranch: isNotContinuumEvent
TFile: B2A703-ContinuumSuppression_MVAExpert.root
TTree: tree
TBranch: __experiment__, 0
TBranch: __run__, 0
TBranch: __event__, 19405010
TBranch: __production__, 0
TBranch: __candidate__, 0
TBranch: __ncandidates__, 1
TBranch: __eventType__, 
TBranch: __weight__, 1
TBranch: R2, 0.2085
TBranch: thrustBm, 0.9919
TBranch: thrustOm, 0.679
TBranch: cosTBTO, 0.4734
TBranch: cosTBz, 0.4902
TBranch: KSFWVariables__boet__bc, 10.33
TBranch: KSFWVariables__bomm2__bc, -2.208
TBranch: KSFWVariables__bohso00__bc, 0.8699
TBranch: KSFWVariables__bohso01__bc, 0
TBranch: KSFWVariables__bohso02__bc, -0.04065
TBranch: KSFWVariables__bohso03__bc, 0
TBranch: KSFWVariables__bohso04__bc, -0.1515
TBranch: KSFWVariables__bohso10__bc, 0.3317
TBranch: KSFWVariables__bohso12__bc, -0.03392
TBranch: KSFWVariables__bohso14__bc, 0.04065
TBranch: KSFWVariables__bohso20__bc, 0.07749
TBranch: KSFWVariables__bohso22__bc, -0.007366
TBranch: KSFWVariables__bohso24__bc, -0.02468
TBranch: KSFWVariables__bohoo0__bc, 0.1831
TBranch: KSFWVariables__bohoo1__bc, -0.0006318
TBranch: KSFWVariables__bohoo2__bc, 0.008228
TBranch: KSFWVariables__bohoo3__bc, -0.01031
TBranch: KSFWVariables__bohoo4__bc, 0.01251
TBranch: CleoConeCS__bo1__bc, 3.837
TBranch: CleoConeCS__bo2__bc, 1.394
TBranch: CleoConeCS__bo3__bc, 0.2433
TBranch: CleoConeCS__bo4__bc, 0.2679
TBranch: CleoConeCS__bo5__bc, 2.298
TBranch: CleoConeCS__bo6__bc, 0.743
TBranch: CleoConeCS__bo7__bc, 0.1164
TBranch: CleoConeCS__bo8__bc, 1.426
TBranch: CleoConeCS__bo9__bc, 1.326
TBranch: isNotContinuumEvent, 1
TBranch: extraInfo__boFastBDT__bc, 1
TBranch: transformedNetworkOutput__boFastBDT__cm0__pt1__cm1__pt0__bc, inf
TFile: B2A704-EventShape.root
TTree: variables
TBranch: __experiment__, 0
TBranch: __run__, 0
TBranch: __event__, 1
TBranch: __production__, 0
TBranch: __eventType__, 
TBranch: __weight__, 1
TBranch: foxWolframR1, 0.00453
TBranch: foxWolframR2, 0.1189
TBranch: foxWolframR3, 0.04789
TBranch: foxWolframR4, 0.3177
TBranch: harmonicMomentThrust0, 0.9174
TBranch: harmonicMomentThrust1, -0.02876
TBranch: harmonicMomentThrust2, 0.1791
TBranch: harmonicMomentThrust3, -0.03479
TBranch: harmonicMomentThrust4, -0.2484
TBranch: cleoConeThrust0, 0
TBranch: cleoConeThrust1, 0
TBranch: cleoConeThrust2, 0.4163
TBranch: cleoConeThrust3, 1.969
TBranch: cleoConeThrust4, 3.349
TBranch: cleoConeThrust5, 2.926
TBranch: cleoConeThrust6, 0.9118
TBranch: cleoConeThrust7, 0
TBranch: cleoConeThrust8, 0.1328
TBranch: sphericity, 0.5116
TBranch: aplanarity, 0.06219
TBranch: thrust, 0.6622
TBranch: thrustAxisCosTheta, -0.1412
TBranch: backwardHemisphereEnergy, 5.02
TBranch: forwardHemisphereEnergy, 4.859
TBranch: harmonicMoment__bo2__cm__spcollision__bc, 0.1093
TFile: B2A705-EventKinematics.root
TTree: variables
TBranch: __experiment__, 0
TBranch: __run__, 0
TBranch: __event__, 1
TBranch: __production__, 0
TBranch: __eventType__, 
TBranch: __weight__, 1
TBranch: missingMomentumOfEvent, 0.2986
TBranch: missingMomentumOfEvent_Px, 0.2169
TBranch: missingMomentumOfEvent_Py, -0.08341
TBranch: missingMomentumOfEvent_Pz, -0.1876
TBranch: missingMomentumOfEvent_theta, 2.25
TBranch: missingMomentumOfEventCMS, 0.3395
TBranch: missingMomentumOfEventCMS_Px, 0.2079
TBranch: missingMomentumOfEventCMS_Py, -0.08341
TBranch: missingMomentumOfEventCMS_Pz, -0.2552
TBranch: missingMomentumOfEventCMS_theta, 2.421
TBranch: missingEnergyOfEventCMS, 0.2739
TBranch: missingMass2OfEvent, -0.04027
TBranch: visibleEnergyOfEventCMS, 10.31
TBranch: totalPhotonsEnergyOfEvent, 7.251
TBranch: genMissingMass2OfEvent, 0.8717
TBranch: genMissingEnergyOfEventCMS, 1.148
TBranch: genMissingMomentumOfEventCMS, 0.6675
TBranch: genTotalPhotonsEnergyOfEvent, 5.908
TBranch: genVisibleEnergyOfEventCMS, 9.432
