[INFO] Steering file: tutorials_B2A2XX.py
TFile: B2A202-LoadReconstructedParticles.root
TTree: kshort
TBranch: __experiment__, 0
TBranch: __run__, 0
TBranch: __event__, 2
TBranch: __production__, 0
TBranch: __candidate__, 0
TBranch: __ncandidates__, 2
TBranch: __eventType__, 
TBranch: __weight__, 1
TBranch: px, 1.21
TBranch: py, 2.932
TBranch: pz, 0.7193
TBranch: pt, 3.172
TBranch: p, 3.253
TBranch: E, 3.294
TBranch: M, 0.5172
TBranch: ErrM, 0.002142
TBranch: SigM, 9.136
TBranch: InvM, 0.5178
TBranch: distance, 0.1073
TBranch: significanceOfDistance, 6.692
TBranch: dx, -0.04326
TBranch: dy, -0.09811
TBranch: dz, 0.00498
TBranch: x, -0.04324
TBranch: y, -0.09803
TBranch: z, 0.004277
TBranch: x_uncertainty, 0.006505
TBranch: y_uncertainty, 0.01469
TBranch: z_uncertainty, 0.003586
TBranch: dr, 0.1072
TBranch: dphi, -1.986
TBranch: dcosTheta, 0.0464
TBranch: prodVertexX, nan
TBranch: prodVertexY, nan
TBranch: prodVertexZ, nan
TBranch: prodVertexXErr, nan
TBranch: prodVertexYErr, nan
TBranch: prodVertexZErr, nan
TBranch: chiProb, 0.03211
TBranch: mcDecayVertexX, nan
TBranch: mcDecayVertexY, nan
TBranch: mcDecayVertexZ, nan
TBranch: mcDecayVertexFromIPDistance, nan
TBranch: mcDecayVertexRho, nan
TBranch: mcProductionVertexX, nan
TBranch: mcProductionVertexY, nan
TBranch: mcProductionVertexZ, nan
TBranch: electronID, nan
TBranch: muonID, nan
TBranch: pionID, nan
TBranch: kaonID, nan
TBranch: protonID, nan
TBranch: deuteronID, nan
TBranch: binaryPID__bo11__cm__sp211__bc, nan
TBranch: binaryPID__bo13__cm__sp211__bc, nan
TBranch: binaryPID__bo211__cm__sp321__bc, nan
TBranch: binaryPID__bo321__cm__sp2212__bc, nan
TBranch: binaryPID__bo211__cm__sp2212__bc, nan
TBranch: isSignal, nan
TBranch: mcErrors, 512
TBranch: mcPDG, nan
TBranch: pip_nTracks, 6
TBranch: pip_px, 1.152
TBranch: pip_py, 2.556
TBranch: pip_pz, 0.5942
TBranch: pip_pt, 2.804
TBranch: pip_p, 2.866
TBranch: pip_E, 2.869
TBranch: pip_dr, 0.0007159
TBranch: pip_dx, 0.0006527
TBranch: pip_dy, -0.0002941
TBranch: pip_dz, 0.02732
TBranch: pip_d0, 0.0006968
TBranch: pip_z0, 0.0266
TBranch: pip_pValue, 0.4797
TBranch: pip_ndf, -1
TBranch: pip_nCDCHits, 53
TBranch: pip_nPXDHits, 2
TBranch: pip_nSVDHits, 8
TBranch: pip_nVXDHits, 10
TBranch: pip_electronID, 6.306e-82
TBranch: pip_muonID, 1
TBranch: pip_pionID, 2.588e-17
TBranch: pip_kaonID, 2.462e-23
TBranch: pip_protonID, 3.036e-43
TBranch: pip_deuteronID, 1.248e-60
TBranch: pip_binaryPID_11_211, 2.437e-65
TBranch: pip_binaryPID_13_211, 1
TBranch: pip_binaryPID_211_321, 1
TBranch: pip_binaryPID_321_2212, 1
TBranch: pip_binaryPID_211_2212, 1
TBranch: pip_isSignal, 0
TBranch: pip_mcErrors, 128
TBranch: pip_mcPDG, -13
TBranch: pip_mcE, 2.868
TBranch: pip_mcP, 2.866
TBranch: pip_mcPT, 2.804
TBranch: pip_mcPX, 1.152
TBranch: pip_mcPY, 2.556
TBranch: pip_mcPZ, 0.5929
TBranch: pip_mcPhi, 1.147
TBranch: pim_nTracks, 6
TBranch: pim_px, 0.05743
TBranch: pim_py, 0.3771
TBranch: pim_pz, 0.123
TBranch: pim_pt, 0.3814
TBranch: pim_p, 0.4008
TBranch: pim_E, 0.4244
TBranch: pim_dr, 0.02496
TBranch: pim_dx, -0.02468
TBranch: pim_dy, 0.003758
TBranch: pim_dz, 0.04855
TBranch: pim_d0, -0.02496
TBranch: pim_z0, 0.04782
TBranch: pim_pValue, 0.07595
TBranch: pim_ndf, -1
TBranch: pim_nCDCHits, 65
TBranch: pim_nPXDHits, 2
TBranch: pim_nSVDHits, 8
TBranch: pim_nVXDHits, 10
TBranch: pim_electronID, 3.599e-13
TBranch: pim_muonID, 3.832e-54
TBranch: pim_pionID, 8.554e-48
TBranch: pim_kaonID, 1
TBranch: pim_protonID, 7.184e-12
TBranch: pim_deuteronID, 4.181e-24
TBranch: pim_binaryPID_11_211, 1
TBranch: pim_binaryPID_13_211, 4.479e-07
TBranch: pim_binaryPID_211_321, 8.554e-48
TBranch: pim_binaryPID_321_2212, 1
TBranch: pim_binaryPID_211_2212, 1.191e-36
TBranch: pim_isSignal, 0
TBranch: pim_mcErrors, 128
TBranch: pim_mcPDG, -321
TBranch: pim_mcE, 0.6388
TBranch: pim_mcP, 0.4054
TBranch: pim_mcPT, 0.3856
TBranch: pim_mcPX, 0.06064
TBranch: pim_mcPY, 0.3808
TBranch: pim_mcPZ, 0.1249
TBranch: pim_mcPhi, 1.413
TTree: pi0
TBranch: __experiment__, 0
TBranch: __run__, 0
TBranch: __event__, 2
TBranch: __production__, 0
TBranch: __candidate__, 0
TBranch: __ncandidates__, 2
TBranch: __eventType__, 
TBranch: __weight__, 1
TBranch: isSignal, 1
TBranch: mcErrors, 0
TBranch: mcPDG, 111
TBranch: px, -0.7268
TBranch: py, 0.8594
TBranch: pz, 1.08
TBranch: pt, 1.126
TBranch: p, 1.56
TBranch: E, 1.566
TBranch: extraInfo__boBDT__bc, nan
TBranch: decayAngle__bo0__bc, 0.9078
TBranch: gamma_0_px, -0.6157
TBranch: gamma_0_py, 0.6796
TBranch: gamma_0_pz, 0.82
TBranch: gamma_0_pt, 0.917
TBranch: gamma_0_p, 1.23
TBranch: gamma_0_E, 1.23
TBranch: gamma_0_mcE, 1.233
TBranch: gamma_0_mcP, 1.233
TBranch: gamma_0_mcPT, 0.9202
TBranch: gamma_0_mcPX, -0.6156
TBranch: gamma_0_mcPY, 0.684
TBranch: gamma_0_mcPZ, 0.8213
TBranch: gamma_0_mcPhi, 2.304
TBranch: gamma_0_clusterKlId, nan
TBranch: gamma_0_clusterPulseShapeDiscriminationMVA, 0.9767
TBranch: gamma_0_clusterHasPulseShapeDiscrimination, 1
TBranch: gamma_0_clusterNumberOfHadronDigits, 1
TBranch: gamma_0_clusterDeltaLTemp, 0
TBranch: gamma_0_minC2TDist, 71.53
TBranch: gamma_0_nECLClusterTrackMatches, 0
TBranch: gamma_0_clusterZernikeMVA, 0.9395
TBranch: gamma_0_clusterReg, 2
TBranch: gamma_0_clusterAbsZernikeMoment40, 0.8185
TBranch: gamma_0_clusterAbsZernikeMoment51, 0.7289
TBranch: gamma_0_clusterBelleQuality, 0
TBranch: gamma_0_clusterClusterID, 1
TBranch: gamma_0_clusterConnectedRegionID, 2
TBranch: gamma_0_clusterE1E9, 0.7773
TBranch: gamma_0_clusterE9E21, 0.9756
TBranch: gamma_0_clusterE9E25, 0.9756
TBranch: gamma_0_clusterEoP, 1
TBranch: gamma_0_clusterErrorE, 0.02432
TBranch: gamma_0_clusterErrorPhi, 0.004102
TBranch: gamma_0_clusterErrorTheta, 0.003516
TBranch: gamma_0_clusterErrorTiming, 3.418
TBranch: gamma_0_clusterHighestE, 0.9335
TBranch: gamma_0_clusterHasFailedErrorTiming, 0
TBranch: gamma_0_clusterHasFailedTiming, 0
TBranch: gamma_0_clusterHasNPhotons, 1
TBranch: gamma_0_clusterHasNeutralHadron, 0
TBranch: gamma_0_clusterLAT, 0.2656
TBranch: gamma_0_clusterNHits, 13.09
TBranch: gamma_0_clusterPhi, 2.307
TBranch: gamma_0_clusterR, 186.1
TBranch: gamma_0_clusterSecondMoment, 1.055
TBranch: gamma_0_clusterTheta, 0.8412
TBranch: gamma_0_clusterTiming, 1.465
TBranch: gamma_0_clusterTrackMatch, 0
TBranch: gamma_0_goodBelleGamma, 1
TBranch: gamma_1_px, -0.107
TBranch: gamma_1_py, 0.1756
TBranch: gamma_1_pz, 0.255
TBranch: gamma_1_pt, 0.2056
TBranch: gamma_1_p, 0.3276
TBranch: gamma_1_E, 0.3276
TBranch: gamma_1_mcE, 0.3338
TBranch: gamma_1_mcP, 0.3338
TBranch: gamma_1_mcPT, 0.2087
TBranch: gamma_1_mcPX, -0.1081
TBranch: gamma_1_mcPY, 0.1786
TBranch: gamma_1_mcPZ, 0.2605
TBranch: gamma_1_mcPhi, 2.115
TBranch: gamma_1_clusterKlId, nan
TBranch: gamma_1_clusterPulseShapeDiscriminationMVA, 0.9497
TBranch: gamma_1_clusterHasPulseShapeDiscrimination, 1
TBranch: gamma_1_clusterNumberOfHadronDigits, 0
TBranch: gamma_1_clusterDeltaLTemp, 0
TBranch: gamma_1_minC2TDist, 122.1
TBranch: gamma_1_nECLClusterTrackMatches, 0
TBranch: gamma_1_clusterZernikeMVA, 0.7197
TBranch: gamma_1_clusterReg, 2
TBranch: gamma_1_clusterAbsZernikeMoment40, 1.317
TBranch: gamma_1_clusterAbsZernikeMoment51, 0.5367
TBranch: gamma_1_clusterBelleQuality, 0
TBranch: gamma_1_clusterClusterID, 1
TBranch: gamma_1_clusterConnectedRegionID, 1
TBranch: gamma_1_clusterE1E9, 0.917
TBranch: gamma_1_clusterE9E21, 0.9971
TBranch: gamma_1_clusterE9E25, 0.9971
TBranch: gamma_1_clusterEoP, 1
TBranch: gamma_1_clusterErrorE, 0.008203
TBranch: gamma_1_clusterErrorPhi, 0.006836
TBranch: gamma_1_clusterErrorTheta, 0.005469
TBranch: gamma_1_clusterErrorTiming, 6.104
TBranch: gamma_1_clusterHighestE, 0.2996
TBranch: gamma_1_clusterHasFailedErrorTiming, 0
TBranch: gamma_1_clusterHasFailedTiming, 0
TBranch: gamma_1_clusterHasNPhotons, 1
TBranch: gamma_1_clusterHasNeutralHadron, 1
TBranch: gamma_1_clusterLAT, 0.07812
TBranch: gamma_1_clusterNHits, 7.031
TBranch: gamma_1_clusterPhi, 2.118
TBranch: gamma_1_clusterR, 218.8
TBranch: gamma_1_clusterSecondMoment, 0.4688
TBranch: gamma_1_clusterTheta, 0.6785
TBranch: gamma_1_clusterTiming, -0.9766
TBranch: gamma_1_clusterTrackMatch, 0
TBranch: gamma_1_goodBelleGamma, 1
TTree: neutron
TBranch: __experiment__, 0
TBranch: __run__, 0
TBranch: __event__, 1
TBranch: __production__, 0
TBranch: __candidate__, 0
TBranch: __ncandidates__, 5
TBranch: __eventType__, 
TBranch: __weight__, 1
TBranch: px, -2.456
TBranch: py, 2.383
TBranch: pz, 0.3472
TBranch: pt, 3.422
TBranch: p, 3.44
TBranch: E, 3.566
TBranch: mcE, 2.348
TBranch: mcP, 2.346
TBranch: mcPT, 2.337
TBranch: mcPX, -1.959
TBranch: mcPY, 1.274
TBranch: mcPZ, 0.2059
TBranch: mcPhi, 2.565
TBranch: klmClusterKlId, 0.0008135
TBranch: klmClusterTiming, 0.008172
TBranch: klmClusterPositionX, -146.5
TBranch: klmClusterPositionY, 142.1
TBranch: klmClusterPositionZ, 20.7
TBranch: klmClusterInnermostLayer, 1
TBranch: klmClusterLayers, 15
TBranch: klmClusterEnergy, 3.476
TBranch: klmClusterMomentum, 3.44
TBranch: klmClusterIsBKLM, 1
TBranch: klmClusterIsEKLM, 0
TBranch: klmClusterIsForwardEKLM, 0
TBranch: klmClusterIsBackwardEKLM, 0
TBranch: klmClusterTheta, 1.47
TBranch: klmClusterPhi, 2.371
TBranch: nKLMClusterTrackMatches, 1
TBranch: nMatchedKLMClusters, nan
TBranch: isFromECL, 0
TBranch: isFromKLM, 1
TTree: klong
TBranch: __experiment__, 0
TBranch: __run__, 0
TBranch: __event__, 1
TBranch: __production__, 0
TBranch: __candidate__, 0
TBranch: __ncandidates__, 5
TBranch: __eventType__, 
TBranch: __weight__, 1
TBranch: px, -2.456
TBranch: py, 2.383
TBranch: pz, 0.3472
TBranch: pt, 3.422
TBranch: p, 3.44
TBranch: E, 3.476
TBranch: mcE, 2.348
TBranch: mcP, 2.346
TBranch: mcPT, 2.337
TBranch: mcPX, -1.959
TBranch: mcPY, 1.274
TBranch: mcPZ, 0.2059
TBranch: mcPhi, 2.565
TBranch: klmClusterKlId, 0.0008135
TBranch: klmClusterTiming, 0.008172
TBranch: klmClusterPositionX, -146.5
TBranch: klmClusterPositionY, 142.1
TBranch: klmClusterPositionZ, 20.7
TBranch: klmClusterInnermostLayer, 1
TBranch: klmClusterLayers, 15
TBranch: klmClusterEnergy, 3.476
TBranch: klmClusterMomentum, 3.44
TBranch: klmClusterIsBKLM, 1
TBranch: klmClusterIsEKLM, 0
TBranch: klmClusterIsForwardEKLM, 0
TBranch: klmClusterIsBackwardEKLM, 0
TBranch: klmClusterTheta, 1.47
TBranch: klmClusterPhi, 2.371
TBranch: nKLMClusterTrackMatches, 1
TBranch: nMatchedKLMClusters, nan
TTree: phot
TBranch: __experiment__, 0
TBranch: __run__, 0
TBranch: __event__, 2
TBranch: __production__, 0
TBranch: __candidate__, 0
TBranch: __ncandidates__, 6
TBranch: __eventType__, 
TBranch: __weight__, 1
TBranch: px, -0.107
TBranch: py, 0.1756
TBranch: pz, 0.255
TBranch: pt, 0.2056
TBranch: p, 0.3276
TBranch: E, 0.3276
TBranch: mcE, 0.3338
TBranch: mcP, 0.3338
TBranch: mcPT, 0.2087
TBranch: mcPX, -0.1081
TBranch: mcPY, 0.1786
TBranch: mcPZ, 0.2605
TBranch: mcPhi, 2.115
TBranch: clusterKlId, nan
TBranch: clusterPulseShapeDiscriminationMVA, 0.9497
TBranch: clusterHasPulseShapeDiscrimination, 1
TBranch: clusterNumberOfHadronDigits, 0
TBranch: clusterDeltaLTemp, 0
TBranch: minC2TDist, 122.1
TBranch: nECLClusterTrackMatches, 0
TBranch: clusterZernikeMVA, 0.7197
TBranch: clusterReg, 2
TBranch: clusterAbsZernikeMoment40, 1.317
TBranch: clusterAbsZernikeMoment51, 0.5367
TBranch: clusterBelleQuality, 0
TBranch: clusterClusterID, 1
TBranch: clusterConnectedRegionID, 1
TBranch: clusterE1E9, 0.917
TBranch: clusterE9E21, 0.9971
TBranch: clusterE9E25, 0.9971
TBranch: clusterEoP, 1
TBranch: clusterErrorE, 0.008203
TBranch: clusterErrorPhi, 0.006836
TBranch: clusterErrorTheta, 0.005469
TBranch: clusterErrorTiming, 6.104
TBranch: clusterHighestE, 0.2996
TBranch: clusterHasFailedErrorTiming, 0
TBranch: clusterHasFailedTiming, 0
TBranch: clusterHasNPhotons, 1
TBranch: clusterHasNeutralHadron, 1
TBranch: clusterLAT, 0.07812
TBranch: clusterNHits, 7.031
TBranch: clusterPhi, 2.118
TBranch: clusterR, 218.8
TBranch: clusterSecondMoment, 0.4688
TBranch: clusterTheta, 0.6785
TBranch: clusterTiming, -0.9766
TBranch: clusterTrackMatch, 0
TBranch: goodBelleGamma, 1
TTree: muon
TBranch: __experiment__, 0
TBranch: __run__, 0
TBranch: __event__, 1
TBranch: __production__, 0
TBranch: __candidate__, 0
TBranch: __ncandidates__, 4
TBranch: __eventType__, 
TBranch: __weight__, 1
TBranch: nTracks, 4
TBranch: px, -1.964
TBranch: py, 1.276
TBranch: pz, 0.2056
TBranch: pt, 2.342
TBranch: p, 2.351
TBranch: E, 2.353
TBranch: dr, 0.001859
TBranch: dx, 0.001013
TBranch: dy, 0.001559
TBranch: dz, 0.003514
TBranch: d0, 0.001933
TBranch: z0, 0.002808
TBranch: pValue, 0.9547
TBranch: ndf, -1
TBranch: nCDCHits, 40
TBranch: nPXDHits, 2
TBranch: nSVDHits, 8
TBranch: nVXDHits, 10
TBranch: electronID, 5.414e-85
TBranch: muonID, 1
TBranch: pionID, 2.944e-19
TBranch: kaonID, 1.452e-41
TBranch: protonID, 5.808e-78
TBranch: deuteronID, 7.714e-107
TBranch: binaryPID__bo11__cm__sp211__bc, 1.839e-66
TBranch: binaryPID__bo13__cm__sp211__bc, 1
TBranch: binaryPID__bo211__cm__sp321__bc, 1
TBranch: binaryPID__bo321__cm__sp2212__bc, 1
TBranch: binaryPID__bo211__cm__sp2212__bc, 1
TBranch: isSignal, 1
TBranch: mcErrors, 0
TBranch: mcPDG, -13
TBranch: mcE, 2.348
TBranch: mcP, 2.346
TBranch: mcPT, 2.337
TBranch: mcPX, -1.959
TBranch: mcPY, 1.274
TBranch: mcPZ, 0.2059
TBranch: mcPhi, 2.565
TTree: elec
TBranch: __experiment__, 0
TBranch: __run__, 0
TBranch: __event__, 1
TBranch: __production__, 0
TBranch: __candidate__, 0
TBranch: __ncandidates__, 4
TBranch: __eventType__, 
TBranch: __weight__, 1
TBranch: nTracks, 4
TBranch: px, -1.964
TBranch: py, 1.276
TBranch: pz, 0.2056
TBranch: pt, 2.342
TBranch: p, 2.351
TBranch: E, 2.351
TBranch: dr, 0.001859
TBranch: dx, 0.001013
TBranch: dy, 0.001559
TBranch: dz, 0.003514
TBranch: d0, 0.001933
TBranch: z0, 0.002808
TBranch: pValue, 0.9547
TBranch: ndf, -1
TBranch: nCDCHits, 40
TBranch: nPXDHits, 2
TBranch: nSVDHits, 8
TBranch: nVXDHits, 10
TBranch: electronID, 5.414e-85
TBranch: muonID, 1
TBranch: pionID, 2.944e-19
TBranch: kaonID, 1.452e-41
TBranch: protonID, 5.808e-78
TBranch: deuteronID, 7.714e-107
TBranch: binaryPID__bo11__cm__sp211__bc, 1.839e-66
TBranch: binaryPID__bo13__cm__sp211__bc, 1
TBranch: binaryPID__bo211__cm__sp321__bc, 1
TBranch: binaryPID__bo321__cm__sp2212__bc, 1
TBranch: binaryPID__bo211__cm__sp2212__bc, 1
TBranch: isSignal, 0
TBranch: mcErrors, 128
TBranch: mcPDG, -13
TBranch: mcE, 2.348
TBranch: mcP, 2.346
TBranch: mcPT, 2.337
TBranch: mcPX, -1.959
TBranch: mcPY, 1.274
TBranch: mcPZ, 0.2059
TBranch: mcPhi, 2.565
TTree: kaon
TBranch: __experiment__, 0
TBranch: __run__, 0
TBranch: __event__, 1
TBranch: __production__, 0
TBranch: __candidate__, 0
TBranch: __ncandidates__, 4
TBranch: __eventType__, 
TBranch: __weight__, 1
TBranch: nTracks, 4
TBranch: px, -1.963
TBranch: py, 1.276
TBranch: pz, 0.2056
TBranch: pt, 2.341
TBranch: p, 2.35
TBranch: E, 2.402
TBranch: dr, 0.001863
TBranch: dx, 0.001015
TBranch: dy, 0.001562
TBranch: dz, 0.00351
TBranch: d0, 0.001937
TBranch: z0, 0.002804
TBranch: pValue, 0.9569
TBranch: ndf, -1
TBranch: nCDCHits, 40
TBranch: nPXDHits, 2
TBranch: nSVDHits, 8
TBranch: nVXDHits, 10
TBranch: electronID, 5.414e-85
TBranch: muonID, 1
TBranch: pionID, 2.944e-19
TBranch: kaonID, 1.452e-41
TBranch: protonID, 5.808e-78
TBranch: deuteronID, 7.714e-107
TBranch: binaryPID__bo11__cm__sp211__bc, 1.839e-66
TBranch: binaryPID__bo13__cm__sp211__bc, 1
TBranch: binaryPID__bo211__cm__sp321__bc, 1
TBranch: binaryPID__bo321__cm__sp2212__bc, 1
TBranch: binaryPID__bo211__cm__sp2212__bc, 1
TBranch: isSignal, 0
TBranch: mcErrors, 128
TBranch: mcPDG, -13
TBranch: mcE, 2.348
TBranch: mcP, 2.346
TBranch: mcPT, 2.337
TBranch: mcPX, -1.959
TBranch: mcPY, 1.274
TBranch: mcPZ, 0.2059
TBranch: mcPhi, 2.565
TTree: pion
TBranch: __experiment__, 0
TBranch: __run__, 0
TBranch: __event__, 1
TBranch: __production__, 0
TBranch: __candidate__, 0
TBranch: __ncandidates__, 4
TBranch: __eventType__, 
TBranch: __weight__, 1
TBranch: nTracks, 4
TBranch: px, -1.964
TBranch: py, 1.276
TBranch: pz, 0.2056
TBranch: pt, 2.342
TBranch: p, 2.351
TBranch: E, 2.355
TBranch: dr, 0.001859
TBranch: dx, 0.001013
TBranch: dy, 0.001559
TBranch: dz, 0.003514
TBranch: d0, 0.001933
TBranch: z0, 0.002808
TBranch: pValue, 0.9547
TBranch: ndf, -1
TBranch: nCDCHits, 40
TBranch: nPXDHits, 2
TBranch: nSVDHits, 8
TBranch: nVXDHits, 10
TBranch: electronID, 5.414e-85
TBranch: muonID, 1
TBranch: pionID, 2.944e-19
TBranch: kaonID, 1.452e-41
TBranch: protonID, 5.808e-78
TBranch: deuteronID, 7.714e-107
TBranch: binaryPID__bo11__cm__sp211__bc, 1.839e-66
TBranch: binaryPID__bo13__cm__sp211__bc, 1
TBranch: binaryPID__bo211__cm__sp321__bc, 1
TBranch: binaryPID__bo321__cm__sp2212__bc, 1
TBranch: binaryPID__bo211__cm__sp2212__bc, 1
TBranch: isSignal, 0
TBranch: mcErrors, 128
TBranch: mcPDG, -13
TBranch: mcE, 2.348
TBranch: mcP, 2.346
TBranch: mcPT, 2.337
TBranch: mcPX, -1.959
TBranch: mcPY, 1.274
TBranch: mcPZ, 0.2059
TBranch: mcPhi, 2.565
TFile: B2A203-LoadV0s.root
TTree: lambda_std
TBranch: __experiment__, 0
TBranch: __run__, 0
TBranch: __event__, 2
TBranch: __production__, 0
TBranch: __candidate__, 0
TBranch: __ncandidates__, 1
TBranch: __eventType__, 
TBranch: __weight__, 1
TBranch: px, 1.209
TBranch: py, 2.932
TBranch: pz, 0.7191
TBranch: pt, 3.171
TBranch: p, 3.252
TBranch: E, 3.439
TBranch: M, 1.119
TBranch: ErrM, 0.0009619
TBranch: SigM, 3.602
TBranch: InvM, 1.119
TBranch: distance, 0.1073
TBranch: significanceOfDistance, 6.686
TBranch: dx, -0.04325
TBranch: dy, -0.09808
TBranch: dz, 0.004995
TBranch: x, -0.04323
TBranch: y, -0.098
TBranch: z, 0.004291
TBranch: x_uncertainty, 0.006505
TBranch: y_uncertainty, 0.01471
TBranch: z_uncertainty, 0.003596
TBranch: dr, 0.1072
TBranch: dphi, -1.986
TBranch: dcosTheta, 0.04655
TBranch: prodVertexX, nan
TBranch: prodVertexY, nan
TBranch: prodVertexZ, nan
TBranch: prodVertexXErr, nan
TBranch: prodVertexYErr, nan
TBranch: prodVertexZErr, nan
TBranch: chiProb, 0.03205
TBranch: isSignal, nan
TBranch: mcErrors, 512
TBranch: mcPDG, nan
TBranch: d0_px, 1.151
TBranch: d0_py, 2.555
TBranch: d0_pz, 0.5941
TBranch: d0_pt, 2.803
TBranch: d0_p, 2.865
TBranch: d0_E, 3.015
TBranch: d0_electronID, 6.306e-82
TBranch: d0_muonID, 1
TBranch: d0_pionID, 2.588e-17
TBranch: d0_kaonID, 2.462e-23
TBranch: d0_protonID, 3.036e-43
TBranch: d0_deuteronID, 1.248e-60
TBranch: d0_binaryPID_11_211, 2.437e-65
TBranch: d0_binaryPID_13_211, 1
TBranch: d0_binaryPID_211_321, 1
TBranch: d0_binaryPID_321_2212, 1
TBranch: d0_binaryPID_211_2212, 1
TBranch: d0_dr, 0.0007025
TBranch: d0_dx, 0.0006405
TBranch: d0_dy, -0.0002886
TBranch: d0_dz, 0.02732
TBranch: d0_d0, 0.0006834
TBranch: d0_z0, 0.0266
TBranch: d0_pValue, 0.4818
TBranch: d0_ndf, -1
TBranch: d0_nCDCHits, 53
TBranch: d0_nPXDHits, 2
TBranch: d0_nSVDHits, 8
TBranch: d0_nVXDHits, 10
TBranch: d0_isSignal, 0
TBranch: d0_mcErrors, 128
TBranch: d0_mcPDG, -13
TBranch: d1_px, 0.05743
TBranch: d1_py, 0.3771
TBranch: d1_pz, 0.123
TBranch: d1_pt, 0.3814
TBranch: d1_p, 0.4008
TBranch: d1_E, 0.4244
TBranch: d1_electronID, 3.599e-13
TBranch: d1_muonID, 3.832e-54
TBranch: d1_pionID, 8.554e-48
TBranch: d1_kaonID, 1
TBranch: d1_protonID, 7.184e-12
TBranch: d1_deuteronID, 4.181e-24
TBranch: d1_binaryPID_11_211, 1
TBranch: d1_binaryPID_13_211, 4.479e-07
TBranch: d1_binaryPID_211_321, 8.554e-48
TBranch: d1_binaryPID_321_2212, 1
TBranch: d1_binaryPID_211_2212, 1.191e-36
TBranch: d1_dr, 0.02496
TBranch: d1_dx, -0.02468
TBranch: d1_dy, 0.003758
TBranch: d1_dz, 0.04855
TBranch: d1_d0, -0.02496
TBranch: d1_z0, 0.04782
TBranch: d1_pValue, 0.07595
TBranch: d1_ndf, -1
TBranch: d1_nCDCHits, 65
TBranch: d1_nPXDHits, 2
TBranch: d1_nSVDHits, 8
TBranch: d1_nVXDHits, 10
TBranch: d1_isSignal, 0
TBranch: d1_mcErrors, 128
TBranch: d1_mcPDG, -321
TTree: kshort_std
TBranch: __experiment__, 0
TBranch: __run__, 0
TBranch: __event__, 2
TBranch: __production__, 0
TBranch: __candidate__, 0
TBranch: __ncandidates__, 2
TBranch: __eventType__, 
TBranch: __weight__, 1
TBranch: px, 1.21
TBranch: py, 2.932
TBranch: pz, 0.7193
TBranch: pt, 3.172
TBranch: p, 3.253
TBranch: E, 3.294
TBranch: M, 0.5172
TBranch: ErrM, 0.002142
TBranch: SigM, 9.136
TBranch: InvM, 0.5178
TBranch: distance, 0.1073
TBranch: significanceOfDistance, 6.692
TBranch: dx, -0.04326
TBranch: dy, -0.09811
TBranch: dz, 0.00498
TBranch: x, -0.04324
TBranch: y, -0.09803
TBranch: z, 0.004277
TBranch: x_uncertainty, 0.006505
TBranch: y_uncertainty, 0.01469
TBranch: z_uncertainty, 0.003586
TBranch: dr, 0.1072
TBranch: dphi, -1.986
TBranch: dcosTheta, 0.0464
TBranch: prodVertexX, nan
TBranch: prodVertexY, nan
TBranch: prodVertexZ, nan
TBranch: prodVertexXErr, nan
TBranch: prodVertexYErr, nan
TBranch: prodVertexZErr, nan
TBranch: chiProb, 0.03211
TBranch: isSignal, nan
TBranch: mcErrors, 512
TBranch: mcPDG, nan
TBranch: d0_px, 1.152
TBranch: d0_py, 2.556
TBranch: d0_pz, 0.5942
TBranch: d0_pt, 2.804
TBranch: d0_p, 2.866
TBranch: d0_E, 2.869
TBranch: d0_electronID, 6.306e-82
TBranch: d0_muonID, 1
TBranch: d0_pionID, 2.588e-17
TBranch: d0_kaonID, 2.462e-23
TBranch: d0_protonID, 3.036e-43
TBranch: d0_deuteronID, 1.248e-60
TBranch: d0_binaryPID_11_211, 2.437e-65
TBranch: d0_binaryPID_13_211, 1
TBranch: d0_binaryPID_211_321, 1
TBranch: d0_binaryPID_321_2212, 1
TBranch: d0_binaryPID_211_2212, 1
TBranch: d0_dr, 0.0007159
TBranch: d0_dx, 0.0006527
TBranch: d0_dy, -0.0002941
TBranch: d0_dz, 0.02732
TBranch: d0_d0, 0.0006968
TBranch: d0_z0, 0.0266
TBranch: d0_pValue, 0.4797
TBranch: d0_ndf, -1
TBranch: d0_nCDCHits, 53
TBranch: d0_nPXDHits, 2
TBranch: d0_nSVDHits, 8
TBranch: d0_nVXDHits, 10
TBranch: d0_isSignal, 0
TBranch: d0_mcErrors, 128
TBranch: d0_mcPDG, -13
TBranch: d1_px, 0.05743
TBranch: d1_py, 0.3771
TBranch: d1_pz, 0.123
TBranch: d1_pt, 0.3814
TBranch: d1_p, 0.4008
TBranch: d1_E, 0.4244
TBranch: d1_electronID, 3.599e-13
TBranch: d1_muonID, 3.832e-54
TBranch: d1_pionID, 8.554e-48
TBranch: d1_kaonID, 1
TBranch: d1_protonID, 7.184e-12
TBranch: d1_deuteronID, 4.181e-24
TBranch: d1_binaryPID_11_211, 1
TBranch: d1_binaryPID_13_211, 4.479e-07
TBranch: d1_binaryPID_211_321, 8.554e-48
TBranch: d1_binaryPID_321_2212, 1
TBranch: d1_binaryPID_211_2212, 1.191e-36
TBranch: d1_dr, 0.02496
TBranch: d1_dx, -0.02468
TBranch: d1_dy, 0.003758
TBranch: d1_dz, 0.04855
TBranch: d1_d0, -0.02496
TBranch: d1_z0, 0.04782
TBranch: d1_pValue, 0.07595
TBranch: d1_ndf, -1
TBranch: d1_nCDCHits, 65
TBranch: d1_nPXDHits, 2
TBranch: d1_nSVDHits, 8
TBranch: d1_nVXDHits, 10
TBranch: d1_isSignal, 0
TBranch: d1_mcErrors, 128
TBranch: d1_mcPDG, -321
TFile: B2A204-LoadAllECLClusters.root
TTree: variables
TBranch: __experiment__, 0
TBranch: __run__, 0
TBranch: __event__, 1
TBranch: __production__, 0
TBranch: __candidate__, 0
TBranch: __ncandidates__, 6
TBranch: __eventType__, 
TBranch: __weight__, 1
TBranch: combinationID, 3
TBranch: deltaPhi, -2.264
TBranch: deltaPhiCMS, -2.186
TBranch: deltaTheta, -0.5435
TBranch: charge_0, -1
TBranch: charge_1, 1
TBranch: clusterE_0, 0.1306
TBranch: clusterE_1, 0.2971
TBranch: clusterTheta_0, 0.9298
TBranch: clusterTheta_1, 1.473
TBranch: clusterPhi_0, -1.572
TBranch: clusterPhi_1, 2.447
TBranch: clusterECMS_0, 0.1137
TBranch: clusterECMS_1, 0.3107
TBranch: clusterPhiCMS_0, -1.624
TBranch: clusterPhiCMS_1, 2.474
TBranch: clusterThetaCMS_0, 1.172
TBranch: clusterThetaCMS_1, 1.755
