[INFO] Steering file: tutorials_B2A8XX.py
TFile: B2A801-FlavorTagger.root
TTree: B0tree
TBranch: __experiment__, 0
TBranch: __run__, 0
TBranch: __event__, 1554002
TBranch: __production__, 0
TBranch: __candidate__, 0
TBranch: __ncandidates__, 2
TBranch: __eventType__, 
TBranch: __weight__, 1
TBranch: nTracks, 12
TBranch: Mbc, 5.282
TBranch: deltaE, -0.02656
TBranch: isSignal, 1
TBranch: mcErrors, 0
TBranch: mcPDG, -511
TBranch: nROE_Charged__bo__bc, 8
TBranch: nROE_Photons__bo__bc, 65
TBranch: nROE_NeutralHadrons__bo__bc, 10
TBranch: DeltaT, -1.091
TBranch: DeltaTErr, 0.3838
TBranch: DeltaZ, -0.009717
TBranch: DeltaZErr, 0.003029
TBranch: DeltaBoost, -0.009381
TBranch: DeltaBoostErr, 0.003299
TBranch: TagVLBoost, -0.0009984
TBranch: TagVLBoostErr, 0.000966
TBranch: TagVOBoost, 0.0003527
TBranch: TagVOBoostErr, 0.001141
TBranch: TagVpVal, 0.03312
TBranch: TagVNDF, 9
TBranch: TagVChi2, 18.18
TBranch: TagVChi2IP, 1.16
TBranch: TagVx, 0.0001984
TBranch: TagVxErr, 0.00112
TBranch: TagVy, -0.001476
TBranch: TagVyErr, 0.001214
TBranch: TagVz, -0.00104
TBranch: TagVzErr, 0.0009897
TBranch: mcDeltaTau, -0.2571
TBranch: mcDeltaT, -0.4667
TBranch: mcDeltaBoost, -0.004012
TBranch: mcTagVLBoost, -0.003939
TBranch: mcTagVOBoost, 0.001546
TBranch: mcLBoost, -0.007951
TBranch: mcOBoost, 0.005512
TBranch: mcTagVx, 0.0009353
TBranch: mcTagVy, -0.001281
TBranch: mcTagVz, -0.004126
TBranch: distance, 0.0102
TBranch: significanceOfDistance, 0.5804
TBranch: dx, 0.001683
TBranch: dy, 0.000366
TBranch: dz, -0.01005
TBranch: x, 0.001698
TBranch: y, 0.0004452
TBranch: z, -0.01076
TBranch: x_uncertainty, 0.002857
TBranch: y_uncertainty, 0.001761
TBranch: z_uncertainty, 0.002863
TBranch: dr, 0.001722
TBranch: dphi, 0.2141
TBranch: dcosTheta, -0.9856
TBranch: prodVertexX, nan
TBranch: prodVertexY, nan
TBranch: prodVertexZ, nan
TBranch: prodVertexXErr, nan
TBranch: prodVertexYErr, nan
TBranch: prodVertexZErr, nan
TBranch: chiProb, 0.6497
TBranch: mcDecayVertexX, 0.004252
TBranch: mcDecayVertexY, 0.001095
TBranch: mcDecayVertexZ, -0.00869
TBranch: mcDecayVertexFromIPDistance, 0.009098
TBranch: mcDecayVertexRho, 0.004391
TBranch: mcProductionVertexX, 0.0007361
TBranch: mcProductionVertexY, 5.589e-06
TBranch: mcProductionVertexZ, -0.01971
TBranch: px, 0.4394
TBranch: py, 0.1378
TBranch: pz, 1.353
TBranch: pt, 0.4605
TBranch: p, 1.429
TBranch: E, 5.446
TBranch: mcE, 5.472
TBranch: mcP, 1.439
TBranch: mcPT, 0.4559
TBranch: mcPX, 0.4355
TBranch: mcPY, 0.1349
TBranch: mcPZ, 1.365
TBranch: mcPhi, 0.3005
TBranch: FBDT_qrCombined, 0.3022
TBranch: FANN_qrCombined, -2
TBranch: qrMC, 1
TBranch: mcFlavorOfOtherB, 1
TBranch: qrGNN, nan
TBranch: qpElectron, -0.1282
TBranch: hasTrueTargetElectron, 0
TBranch: isRightCategoryElectron, nan
TBranch: qpIntermediateElectron, 0.6697
TBranch: hasTrueTargetIntermediateElectron, 0
TBranch: isRightCategoryIntermediateElectron, nan
TBranch: qpMuon, -0.01487
TBranch: hasTrueTargetMuon, 0
TBranch: isRightCategoryMuon, nan
TBranch: qpIntermediateMuon, 0.3759
TBranch: hasTrueTargetIntermediateMuon, 0
TBranch: isRightCategoryIntermediateMuon, nan
TBranch: qpKinLepton, -0.03596
TBranch: hasTrueTargetKinLepton, 0
TBranch: isRightCategoryKinLepton, nan
TBranch: qpIntermediateKinLepton, 0.4822
TBranch: hasTrueTargetIntermediateKinLepton, 0
TBranch: isRightCategoryIntermediateKinLepton, nan
TBranch: qpKaon, -0.8413
TBranch: hasTrueTargetKaon, 0
TBranch: isRightCategoryKaon, nan
TBranch: qpSlowPion, 0.8107
TBranch: hasTrueTargetSlowPion, 0
TBranch: isRightCategorySlowPion, nan
TBranch: qpFastHadron, 0.9048
TBranch: hasTrueTargetFastHadron, 1
TBranch: isRightCategoryFastHadron, 1
TBranch: qpLambda, -0.0003686
TBranch: hasTrueTargetLambda, nan
TBranch: isRightCategoryLambda, nan
TBranch: qpFSC, 0.9715
TBranch: hasTrueTargetFSC, 0
TBranch: isRightCategoryFSC, nan
TBranch: qpMaximumPstar, 0.9015
TBranch: hasTrueTargetMaximumPstar, 1
TBranch: isRightCategoryMaximumPstar, 1
TBranch: qpKaonPion, -0.01864
TBranch: hasTrueTargetKaonPion, 0
TBranch: isRightCategoryKaonPion, nan
TBranch: Jpsi_mu_0_electronID, 1.92e-39
TBranch: Jpsi_mu_0_muonID, 1
TBranch: Jpsi_mu_0_pionID, 9.742e-09
TBranch: Jpsi_mu_0_kaonID, 1.259e-23
TBranch: Jpsi_mu_0_protonID, 6.897e-28
TBranch: Jpsi_mu_0_deuteronID, 5.745e-39
TBranch: Jpsi_mu_0_binaryPID_11_211, 1.971e-31
TBranch: Jpsi_mu_0_binaryPID_13_211, 1
TBranch: Jpsi_mu_0_binaryPID_211_321, 1
TBranch: Jpsi_mu_0_binaryPID_321_2212, 0.9999
TBranch: Jpsi_mu_0_binaryPID_211_2212, 1
TBranch: Jpsi_mu_0_dr, 0.001713
TBranch: Jpsi_mu_0_dx, 0.001562
TBranch: Jpsi_mu_0_dy, 0.0007039
TBranch: Jpsi_mu_0_dz, -0.01409
TBranch: Jpsi_mu_0_d0, -0.001759
TBranch: Jpsi_mu_0_z0, -0.01464
TBranch: Jpsi_mu_0_pValue, 0.03844
TBranch: Jpsi_mu_0_ndf, -1
TBranch: Jpsi_mu_0_nCDCHits, 27
TBranch: Jpsi_mu_0_nPXDHits, 2
TBranch: Jpsi_mu_0_nSVDHits, 8
TBranch: Jpsi_mu_0_nVXDHits, 10
TBranch: Jpsi_mu_0_isSignal, 1
TBranch: Jpsi_mu_0_mcErrors, 0
TBranch: Jpsi_mu_0_mcPDG, -13
TBranch: Jpsi_mu_1_electronID, 6.258e-53
TBranch: Jpsi_mu_1_muonID, 1
TBranch: Jpsi_mu_1_pionID, 7.463e-14
TBranch: Jpsi_mu_1_kaonID, 1.755e-14
TBranch: Jpsi_mu_1_protonID, 1.19e-19
TBranch: Jpsi_mu_1_deuteronID, 9.704e-42
TBranch: Jpsi_mu_1_binaryPID_11_211, 8.385e-40
TBranch: Jpsi_mu_1_binaryPID_13_211, 1
TBranch: Jpsi_mu_1_binaryPID_211_321, 0.8097
TBranch: Jpsi_mu_1_binaryPID_321_2212, 1
TBranch: Jpsi_mu_1_binaryPID_211_2212, 1
TBranch: Jpsi_mu_1_dr, 0.0001135
TBranch: Jpsi_mu_1_dx, -3.778e-05
TBranch: Jpsi_mu_1_dy, 0.000107
TBranch: Jpsi_mu_1_dz, -0.01105
TBranch: Jpsi_mu_1_d0, 0.0001833
TBranch: Jpsi_mu_1_z0, -0.01179
TBranch: Jpsi_mu_1_pValue, 0.0724
TBranch: Jpsi_mu_1_ndf, -1
TBranch: Jpsi_mu_1_nCDCHits, 49
TBranch: Jpsi_mu_1_nPXDHits, 2
TBranch: Jpsi_mu_1_nSVDHits, 10
TBranch: Jpsi_mu_1_nVXDHits, 12
TBranch: Jpsi_mu_1_isSignal, 1
TBranch: Jpsi_mu_1_mcErrors, 0
TBranch: Jpsi_mu_1_mcPDG, 13
TBranch: K_S0_pi_0_electronID, 1.062e-10
TBranch: K_S0_pi_0_muonID, 7.946e-40
TBranch: K_S0_pi_0_pionID, 1
TBranch: K_S0_pi_0_kaonID, 2.634e-22
TBranch: K_S0_pi_0_protonID, 9.295e-36
TBranch: K_S0_pi_0_deuteronID, 6.9e-52
TBranch: K_S0_pi_0_binaryPID_11_211, 1.062e-10
TBranch: K_S0_pi_0_binaryPID_13_211, 7.946e-40
TBranch: K_S0_pi_0_binaryPID_211_321, 1
TBranch: K_S0_pi_0_binaryPID_321_2212, 1
TBranch: K_S0_pi_0_binaryPID_211_2212, 1
TBranch: K_S0_pi_0_dr, 0.1499
TBranch: K_S0_pi_0_dx, -0.08608
TBranch: K_S0_pi_0_dy, 0.1228
TBranch: K_S0_pi_0_dz, 0.1586
TBranch: K_S0_pi_0_d0, -0.15
TBranch: K_S0_pi_0_z0, 0.1579
TBranch: K_S0_pi_0_pValue, 0.2265
TBranch: K_S0_pi_0_ndf, -1
TBranch: K_S0_pi_0_nCDCHits, 52
TBranch: K_S0_pi_0_nPXDHits, 2
TBranch: K_S0_pi_0_nSVDHits, 8
TBranch: K_S0_pi_0_nVXDHits, 10
TBranch: K_S0_pi_0_isSignal, 1
TBranch: K_S0_pi_0_mcErrors, 0
TBranch: K_S0_pi_0_mcPDG, 211
TBranch: K_S0_pi_1_electronID, 4.95e-15
TBranch: K_S0_pi_1_muonID, 5.944e-09
TBranch: K_S0_pi_1_pionID, 1
TBranch: K_S0_pi_1_kaonID, 1.417e-06
TBranch: K_S0_pi_1_protonID, 1.595e-18
TBranch: K_S0_pi_1_deuteronID, 2.352e-33
TBranch: K_S0_pi_1_binaryPID_11_211, 4.95e-15
TBranch: K_S0_pi_1_binaryPID_13_211, 5.944e-09
TBranch: K_S0_pi_1_binaryPID_211_321, 1
TBranch: K_S0_pi_1_binaryPID_321_2212, 1
TBranch: K_S0_pi_1_binaryPID_211_2212, 1
TBranch: K_S0_pi_1_dr, 0.09566
TBranch: K_S0_pi_1_dx, 0.07593
TBranch: K_S0_pi_1_dy, -0.05818
TBranch: K_S0_pi_1_dz, -0.106
TBranch: K_S0_pi_1_d0, 0.09562
TBranch: K_S0_pi_1_z0, -0.1067
TBranch: K_S0_pi_1_pValue, 0.3657
TBranch: K_S0_pi_1_ndf, -1
TBranch: K_S0_pi_1_nCDCHits, 54
TBranch: K_S0_pi_1_nPXDHits, 2
TBranch: K_S0_pi_1_nSVDHits, 8
TBranch: K_S0_pi_1_nVXDHits, 10
TBranch: K_S0_pi_1_isSignal, 1
TBranch: K_S0_pi_1_mcErrors, 0
TBranch: K_S0_pi_1_mcPDG, -211
TBranch: Jpsi_isSignal, 1
TBranch: Jpsi_mcErrors, 0
TBranch: Jpsi_mcPDG, 443
TBranch: K_S0_isSignal, 1
TBranch: K_S0_mcErrors, 0
TBranch: K_S0_mcPDG, 310
TBranch: Jpsi_distance, 0.0007083
TBranch: Jpsi_significanceOfDistance, 0.04039
TBranch: Jpsi_dx, -1.471e-05
TBranch: Jpsi_dy, -7.917e-05
TBranch: Jpsi_dz, 0.0007037
TBranch: Jpsi_x, 0
TBranch: Jpsi_y, 0
TBranch: Jpsi_z, 0
TBranch: Jpsi_x_uncertainty, 0
TBranch: Jpsi_y_uncertainty, 0
TBranch: Jpsi_z_uncertainty, 0
TBranch: Jpsi_dr, 8.052e-05
TBranch: Jpsi_dphi, -1.754
TBranch: Jpsi_dcosTheta, 0.9935
TBranch: Jpsi_prodVertexX, nan
TBranch: Jpsi_prodVertexY, nan
TBranch: Jpsi_prodVertexZ, nan
TBranch: Jpsi_prodVertexXErr, nan
TBranch: Jpsi_prodVertexYErr, nan
TBranch: Jpsi_prodVertexZErr, nan
TBranch: Jpsi_chiProb, -1
TBranch: Jpsi_mcDecayVertexX, 0.004252
TBranch: Jpsi_mcDecayVertexY, 0.001095
TBranch: Jpsi_mcDecayVertexZ, -0.00869
TBranch: Jpsi_mcDecayVertexFromIPDistance, 0.009098
TBranch: Jpsi_mcDecayVertexRho, 0.004391
TBranch: Jpsi_mcProductionVertexX, 0.004252
TBranch: Jpsi_mcProductionVertexY, 0.001095
TBranch: Jpsi_mcProductionVertexZ, -0.00869
TBranch: Jpsi_px, -0.8236
TBranch: Jpsi_py, -1.16
TBranch: Jpsi_pz, 1.015
TBranch: Jpsi_pt, 1.423
TBranch: Jpsi_p, 1.748
TBranch: Jpsi_E, 3.539
TBranch: Jpsi_mcE, 3.562
TBranch: Jpsi_mcP, 1.759
TBranch: Jpsi_mcPT, 1.43
TBranch: Jpsi_mcPX, -0.8276
TBranch: Jpsi_mcPY, -1.166
TBranch: Jpsi_mcPZ, 1.026
TBranch: Jpsi_mcPhi, -2.188
TBranch: Jpsi_mu_0_distance, 0.01419
TBranch: Jpsi_mu_0_significanceOfDistance, 0.7284
TBranch: Jpsi_mu_0_x, 0.001604
TBranch: Jpsi_mu_0_y, 0.0007227
TBranch: Jpsi_mu_0_z, -0.01464
TBranch: Jpsi_mu_0_x_uncertainty, 0.002673
TBranch: Jpsi_mu_0_y_uncertainty, 0.0012
TBranch: Jpsi_mu_0_z_uncertainty, 0.008165
TBranch: Jpsi_mu_0_dphi, 0.4233
TBranch: Jpsi_mu_0_dcosTheta, -0.9927
TBranch: Jpsi_mu_0_prodVertexX, nan
TBranch: Jpsi_mu_0_prodVertexY, nan
TBranch: Jpsi_mu_0_prodVertexZ, nan
TBranch: Jpsi_mu_0_prodVertexXErr, nan
TBranch: Jpsi_mu_0_prodVertexYErr, nan
TBranch: Jpsi_mu_0_prodVertexZErr, nan
TBranch: Jpsi_mu_0_chiProb, 0.03844
TBranch: Jpsi_mu_0_mcDecayVertexX, 29.51
TBranch: Jpsi_mu_0_mcDecayVertexY, -169
TBranch: Jpsi_mu_0_mcDecayVertexZ, 406.1
TBranch: Jpsi_mu_0_mcDecayVertexFromIPDistance, 440.9
TBranch: Jpsi_mu_0_mcDecayVertexRho, 171.6
TBranch: Jpsi_mu_0_mcProductionVertexX, 0.004252
TBranch: Jpsi_mu_0_mcProductionVertexY, 0.001095
TBranch: Jpsi_mu_0_mcProductionVertexZ, -0.00869
TBranch: Jpsi_mu_0_px, 0.338
TBranch: Jpsi_mu_0_py, -0.7503
TBranch: Jpsi_mu_0_pz, 1.863
TBranch: Jpsi_mu_0_pt, 0.8229
TBranch: Jpsi_mu_0_p, 2.037
TBranch: Jpsi_mu_0_E, 2.039
TBranch: Jpsi_mu_0_mcE, 2.055
TBranch: Jpsi_mu_0_mcP, 2.052
TBranch: Jpsi_mu_0_mcPT, 0.8294
TBranch: Jpsi_mu_0_mcPX, 0.3398
TBranch: Jpsi_mu_0_mcPY, -0.7566
TBranch: Jpsi_mu_0_mcPZ, 1.877
TBranch: Jpsi_mu_0_mcPhi, -1.149
TBranch: Jpsi_mu_1_distance, 0.01105
TBranch: Jpsi_mu_1_significanceOfDistance, 0.6238
TBranch: Jpsi_mu_1_x, -6.1e-05
TBranch: Jpsi_mu_1_y, 0.0001728
TBranch: Jpsi_mu_1_z, -0.01179
TBranch: Jpsi_mu_1_x_uncertainty, 0.0005876
TBranch: Jpsi_mu_1_y_uncertainty, 0.001664
TBranch: Jpsi_mu_1_z_uncertainty, 0.002049
TBranch: Jpsi_mu_1_dphi, 1.91
TBranch: Jpsi_mu_1_dcosTheta, -0.9999
TBranch: Jpsi_mu_1_prodVertexX, nan
TBranch: Jpsi_mu_1_prodVertexY, nan
TBranch: Jpsi_mu_1_prodVertexZ, nan
TBranch: Jpsi_mu_1_prodVertexXErr, nan
TBranch: Jpsi_mu_1_prodVertexYErr, nan
TBranch: Jpsi_mu_1_prodVertexZErr, nan
TBranch: Jpsi_mu_1_chiProb, 0.0724
TBranch: Jpsi_mu_1_mcDecayVertexX, -232.5
TBranch: Jpsi_mu_1_mcDecayVertexY, -210.8
TBranch: Jpsi_mu_1_mcDecayVertexZ, -246.9
TBranch: Jpsi_mu_1_mcDecayVertexFromIPDistance, 399.3
TBranch: Jpsi_mu_1_mcDecayVertexRho, 313.8
TBranch: Jpsi_mu_1_mcProductionVertexX, 0.004252
TBranch: Jpsi_mu_1_mcProductionVertexY, 0.001095
TBranch: Jpsi_mu_1_mcProductionVertexZ, -0.00869
TBranch: Jpsi_mu_1_px, -1.162
TBranch: Jpsi_mu_1_py, -0.4101
TBranch: Jpsi_mu_1_pz, -0.848
TBranch: Jpsi_mu_1_pt, 1.232
TBranch: Jpsi_mu_1_p, 1.496
TBranch: Jpsi_mu_1_E, 1.499
TBranch: Jpsi_mu_1_mcE, 1.502
TBranch: Jpsi_mu_1_mcP, 1.499
TBranch: Jpsi_mu_1_mcPT, 1.234
TBranch: Jpsi_mu_1_mcPX, -1.164
TBranch: Jpsi_mu_1_mcPY, -0.4108
TBranch: Jpsi_mu_1_mcPZ, -0.8495
TBranch: Jpsi_mu_1_mcPhi, -2.802
TBranch: K_S0_distance, 0.0007083
TBranch: K_S0_significanceOfDistance, 0.04039
TBranch: K_S0_dx, -1.471e-05
TBranch: K_S0_dy, -7.917e-05
TBranch: K_S0_dz, 0.0007037
TBranch: K_S0_x, 0
TBranch: K_S0_y, 0
TBranch: K_S0_z, 0
TBranch: K_S0_x_uncertainty, 0
TBranch: K_S0_y_uncertainty, 0
TBranch: K_S0_z_uncertainty, 0
TBranch: K_S0_dr, 8.052e-05
TBranch: K_S0_dphi, -1.754
TBranch: K_S0_dcosTheta, 0.9935
TBranch: K_S0_prodVertexX, nan
TBranch: K_S0_prodVertexY, nan
TBranch: K_S0_prodVertexZ, nan
TBranch: K_S0_prodVertexXErr, nan
TBranch: K_S0_prodVertexYErr, nan
TBranch: K_S0_prodVertexZErr, nan
TBranch: K_S0_chiProb, -1
TBranch: K_S0_mcDecayVertexX, 0.5594
TBranch: K_S0_mcDecayVertexY, 0.5727
TBranch: K_S0_mcDecayVertexZ, 0.1404
TBranch: K_S0_mcDecayVertexFromIPDistance, 0.8128
TBranch: K_S0_mcDecayVertexRho, 0.8005
TBranch: K_S0_mcProductionVertexX, 0.004252
TBranch: K_S0_mcProductionVertexY, 0.001095
TBranch: K_S0_mcProductionVertexZ, -0.00869
TBranch: K_S0_px, 1.263
TBranch: K_S0_py, 1.299
TBranch: K_S0_pz, 0.3378
TBranch: K_S0_pt, 1.811
TBranch: K_S0_p, 1.843
TBranch: K_S0_E, 1.907
TBranch: K_S0_mcE, 1.91
TBranch: K_S0_mcP, 1.844
TBranch: K_S0_mcPT, 1.813
TBranch: K_S0_mcPX, 1.263
TBranch: K_S0_mcPY, 1.301
TBranch: K_S0_mcPZ, 0.3392
TBranch: K_S0_mcPhi, 0.8
TBranch: K_S0_pi_0_distance, 0.2182
TBranch: K_S0_pi_0_significanceOfDistance, 16.68
TBranch: K_S0_pi_0_x, -0.08611
TBranch: K_S0_pi_0_y, 0.1228
TBranch: K_S0_pi_0_z, 0.1579
TBranch: K_S0_pi_0_x_uncertainty, 0.000973
TBranch: K_S0_pi_0_y_uncertainty, 0.001731
TBranch: K_S0_pi_0_z_uncertainty, 0.002307
TBranch: K_S0_pi_0_dphi, 2.182
TBranch: K_S0_pi_0_dcosTheta, 0.7266
TBranch: K_S0_pi_0_prodVertexX, nan
TBranch: K_S0_pi_0_prodVertexY, nan
TBranch: K_S0_pi_0_prodVertexZ, nan
TBranch: K_S0_pi_0_prodVertexXErr, nan
TBranch: K_S0_pi_0_prodVertexYErr, nan
TBranch: K_S0_pi_0_prodVertexZErr, nan
TBranch: K_S0_pi_0_chiProb, 0.2265
TBranch: K_S0_pi_0_mcDecayVertexX, 136.2
TBranch: K_S0_pi_0_mcDecayVertexY, 22.79
TBranch: K_S0_pi_0_mcDecayVertexZ, -2.102
TBranch: K_S0_pi_0_mcDecayVertexFromIPDistance, 138.1
TBranch: K_S0_pi_0_mcDecayVertexRho, 138.1
TBranch: K_S0_pi_0_mcProductionVertexX, 0.5594
TBranch: K_S0_pi_0_mcProductionVertexY, 0.5727
TBranch: K_S0_pi_0_mcProductionVertexZ, 0.1404
TBranch: K_S0_pi_0_px, 0.5788
TBranch: K_S0_pi_0_py, 0.4059
TBranch: K_S0_pi_0_pz, -0.0146
TBranch: K_S0_pi_0_pt, 0.707
TBranch: K_S0_pi_0_p, 0.7071
TBranch: K_S0_pi_0_E, 0.7208
TBranch: K_S0_pi_0_mcE, 0.7214
TBranch: K_S0_pi_0_mcP, 0.7078
TBranch: K_S0_pi_0_mcPT, 0.7077
TBranch: K_S0_pi_0_mcPX, 0.5814
TBranch: K_S0_pi_0_mcPY, 0.4035
TBranch: K_S0_pi_0_mcPZ, -0.01382
TBranch: K_S0_pi_0_mcPhi, 0.6067
TBranch: K_S0_pi_1_distance, 0.1428
TBranch: K_S0_pi_1_significanceOfDistance, 10.74
TBranch: K_S0_pi_1_x, 0.0759
TBranch: K_S0_pi_1_y, -0.05816
TBranch: K_S0_pi_1_z, -0.1067
TBranch: K_S0_pi_1_x_uncertainty, 0.001476
TBranch: K_S0_pi_1_y_uncertainty, 0.001014
TBranch: K_S0_pi_1_z_uncertainty, 0.001921
TBranch: K_S0_pi_1_dphi, -0.6538
TBranch: K_S0_pi_1_dcosTheta, -0.7424
TBranch: K_S0_pi_1_prodVertexX, nan
TBranch: K_S0_pi_1_prodVertexY, nan
TBranch: K_S0_pi_1_prodVertexZ, nan
TBranch: K_S0_pi_1_prodVertexXErr, nan
TBranch: K_S0_pi_1_prodVertexYErr, nan
TBranch: K_S0_pi_1_prodVertexZErr, nan
TBranch: K_S0_pi_1_chiProb, 0.3657
TBranch: K_S0_pi_1_mcDecayVertexX, 55.21
TBranch: K_S0_pi_1_mcDecayVertexY, 208
TBranch: K_S0_pi_1_mcDecayVertexZ, 69.78
TBranch: K_S0_pi_1_mcDecayVertexFromIPDistance, 226.2
TBranch: K_S0_pi_1_mcDecayVertexRho, 215.2
TBranch: K_S0_pi_1_mcProductionVertexX, 0.5594
TBranch: K_S0_pi_1_mcProductionVertexY, 0.5727
TBranch: K_S0_pi_1_mcProductionVertexZ, 0.1404
TBranch: K_S0_pi_1_px, 0.6839
TBranch: K_S0_pi_1_py, 0.8926
TBranch: K_S0_pi_1_pz, 0.3524
TBranch: K_S0_pi_1_pt, 1.125
TBranch: K_S0_pi_1_p, 1.178
TBranch: K_S0_pi_1_E, 1.187
TBranch: K_S0_pi_1_mcE, 1.189
TBranch: K_S0_pi_1_mcP, 1.181
TBranch: K_S0_pi_1_mcPT, 1.127
TBranch: K_S0_pi_1_mcPX, 0.6818
TBranch: K_S0_pi_1_mcPY, 0.8971
TBranch: K_S0_pi_1_mcPZ, 0.353
TBranch: K_S0_pi_1_mcPhi, 0.9209
