[INFO] Steering file: tutorials_B2A6XX.py
TFile: B2A602-BestCandidateSelection.root
TTree: D0
TBranch: __experiment__, 0
TBranch: __run__, 0
TBranch: __event__, 7
TBranch: __production__, 0
TBranch: __candidate__, 0
TBranch: __ncandidates__, 1
TBranch: __eventType__, 
TBranch: __weight__, 1
TBranch: distance, 0.02705
TBranch: significanceOfDistance, 1.774
TBranch: dx, 0.01214
TBranch: dy, -0.007893
TBranch: dz, 0.02284
TBranch: x, 0.01216
TBranch: y, -0.007814
TBranch: z, 0.02214
TBranch: x_uncertainty, 0.00352
TBranch: y_uncertainty, 0.002681
TBranch: z_uncertainty, 0.001815
TBranch: dr, 0.01448
TBranch: dphi, -0.5763
TBranch: dcosTheta, 0.8445
TBranch: prodVertexX, nan
TBranch: prodVertexY, nan
TBranch: prodVertexZ, nan
TBranch: prodVertexXErr, nan
TBranch: prodVertexYErr, nan
TBranch: prodVertexZErr, nan
TBranch: chiProb, 0.8639
TBranch: mcDecayVertexX, 0.01218
TBranch: mcDecayVertexY, -0.009023
TBranch: mcDecayVertexZ, 0.02121
TBranch: mcDecayVertexFromIPDistance, 0.02666
TBranch: mcDecayVertexRho, 0.01516
TBranch: mcProductionVertexX, -0.0003636
TBranch: mcProductionVertexY, -0.0001054
TBranch: mcProductionVertexZ, 0.01108
TBranch: isSignal, 1
TBranch: mcErrors, 0
TBranch: mcPDG, 421
TBranch: K_isSignal, 1
TBranch: K_mcErrors, 0
TBranch: K_mcPDG, -321
TBranch: pi_isSignal, 1
TBranch: pi_mcErrors, 0
TBranch: pi_mcPDG, 211
TBranch: dM, -0.008582
TBranch: dM_rank, 1
TBranch: chiProb_rank, 1
TBranch: D1_pi_p_rank, 1
TBranch: first_D_rank, 1
TBranch: second_D_rank, 1
TBranch: D0_pi_PIDpi_r1_minus_r2, nan
