[INFO] Steering file: framework/tests/basf2_rootinit.py
