[INFO] Steering file: framework/tests/module_paths.py
[INFO] The random number seed is set to "something important"
[[[]] -> EventInfoSetter -> [SelectOddEvents -> EventInfoPrinter] -> PrintCollections]
[INFO] Starting event processing, random seed is set to 'something important'
[INFO] Begin of new run.
[INFO] ========================================================================
[INFO] >>> Start new run: 1
[INFO] ------------------------------------------------------------------------
[INFO] Setting return value to False
[INFO] EXP:        0        RUN:        1        EVT:        1
[INFO] ============================================================================
[INFO] DataStore collections in event 1
[INFO] ============================================================================
[INFO] Type                 Name                       #Entries           <Event>
[INFO] EventMetaData        EventMetaData
[INFO] 
[INFO] ----------------------------------------------------------------------------
[INFO] Type                 Name                       #Entries      <Persistent>
[INFO] ProcessStatistics    ProcessStatistics
[INFO] 
[INFO] ============================================================================
[ERROR] In module ReturnFalse1Condition  { module: ReturnFalse1Condition }
[ERROR] In module final  { module: final }
[INFO] Setting return value to True
[INFO] Processed:   1 runs,      1/     3 events.
[INFO] ------------------------------------------------------------------------
[INFO] <<< End run: 1
[INFO] ========================================================================
[INFO] Begin of new run.
[INFO] ========================================================================
[INFO] >>> Start new run: 2
[INFO] ------------------------------------------------------------------------
[INFO] Setting return value to False
[INFO] EXP:        1        RUN:        2        EVT:        1
[ERROR] In module ReturnFalse1Condition  { module: ReturnFalse1Condition }
[ERROR] In module final  { module: final }
[INFO] ------------------------------------------------------------------------
[INFO] <<< End run: 2
[INFO] ========================================================================
[INFO] terminating SelectOddEvents
[INFO] ===Error Summary================================================================
[ERROR] In module final  { module: final }
    (last message occurred 2 times)
[ERROR] In module ReturnFalse1Condition  { module: ReturnFalse1Condition }
    (last message occurred 2 times)
[INFO] ================================================================================
[ERROR] in total, 4 errors occurred during processing
[INFO] second process() call follows...
[INFO] Starting event processing, random seed is set to 'something important'
[WARNING] Calling process() more than once per steering file is still experimental, please check results carefully! Python modules especially should reinitialise their state in initialise() to avoid problems
[INFO] Begin of new run.
[INFO] ========================================================================
[INFO] >>> Start new run: 1
[INFO] ------------------------------------------------------------------------
[INFO] Setting return value to False
[INFO] EXP:        0        RUN:        1        EVT:        1
[INFO] ============================================================================
[INFO] DataStore collections in event 1
[INFO] ============================================================================
[INFO] Type                 Name                       #Entries           <Event>
[INFO] EventMetaData        EventMetaData
[INFO] 
[INFO] ----------------------------------------------------------------------------
[INFO] Type                 Name                       #Entries      <Persistent>
[INFO] ProcessStatistics    ProcessStatistics
[INFO] 
[INFO] ============================================================================
[ERROR] In module ReturnFalse1Condition  { module: ReturnFalse1Condition }
[ERROR] In module final  { module: final }
[INFO] Setting return value to True
[INFO] Processed:   3 runs,      2/     3 events.
[INFO] ------------------------------------------------------------------------
[INFO] <<< End run: 1
[INFO] ========================================================================
[INFO] Begin of new run.
[INFO] ========================================================================
[INFO] >>> Start new run: 2
[INFO] ------------------------------------------------------------------------
[INFO] Setting return value to False
[INFO] EXP:        1        RUN:        2        EVT:        1
[ERROR] In module ReturnFalse1Condition  { module: ReturnFalse1Condition }
[ERROR] In module final  { module: final }
[INFO] ------------------------------------------------------------------------
[INFO] <<< End run: 2
[INFO] ========================================================================
[INFO] terminating SelectOddEvents
[INFO] ===Error Summary================================================================
[ERROR] In module final  { module: final }
    (last message occurred 2 times)
[ERROR] In module ReturnFalse1Condition  { module: ReturnFalse1Condition }
    (last message occurred 2 times)
[INFO] ================================================================================
[ERROR] in total, 4 errors occurred during processing
[[[]] -> EventInfoSetter -> [SelectOddEvents(? >=1[Progress -> [[]]] ) -> EventInfoPrinter] -> PrintCollections -> ReturnFalse(? <1[ReturnFalse1Condition] ) -> final]
