[INFO] Steering file: framework/tests/root_output.py
[INFO] The random number seed is set to "something important"
[INFO] Starting event processing, random seed is set to 'something important'
[INFO] ========================================================================
[INFO] >>> Start new run: 1
[INFO] ------------------------------------------------------------------------
[INFO] EXP:        1        RUN:        1        EVT:        1
[INFO] EXP:        1        RUN:        1        EVT:        2
[INFO] EXP:        1        RUN:        1        EVT:        3
[INFO] EXP:        1        RUN:        1        EVT:        4
[INFO] EXP:        1        RUN:        1        EVT:        5
[INFO] EXP:        1        RUN:        1        EVT:        6
[INFO] EXP:        1        RUN:        1        EVT:        7
[INFO] EXP:        1        RUN:        1        EVT:        8
[INFO] EXP:        1        RUN:        1        EVT:        9
[INFO] EXP:        1        RUN:        1        EVT:       10
[INFO] EXP:        1        RUN:        1        EVT:       11
[INFO] EXP:        1        RUN:        1        EVT:       12
[INFO] EXP:        1        RUN:        1        EVT:       13
[INFO] EXP:        1        RUN:        1        EVT:       14
[INFO] EXP:        1        RUN:        1        EVT:       15
[INFO] EXP:        1        RUN:        1        EVT:       16
[INFO] EXP:        1        RUN:        1        EVT:       17
[INFO] EXP:        1        RUN:        1        EVT:       18
[INFO] EXP:        1        RUN:        1        EVT:       19
[INFO] EXP:        1        RUN:        1        EVT:       20
[INFO] EXP:        1        RUN:        1        EVT:       21
[INFO] EXP:        1        RUN:        1        EVT:       22
[INFO] EXP:        1        RUN:        1        EVT:       23
[INFO] EXP:        1        RUN:        1        EVT:       24
[INFO] EXP:        1        RUN:        1        EVT:       25
[INFO] EXP:        1        RUN:        1        EVT:       26
[INFO] EXP:        1        RUN:        1        EVT:       27
[INFO] EXP:        1        RUN:        1        EVT:       28
[INFO] EXP:        1        RUN:        1        EVT:       29
[INFO] EXP:        1        RUN:        1        EVT:       30
[INFO] EXP:        1        RUN:        1        EVT:       31
[INFO] EXP:        1        RUN:        1        EVT:       32
[INFO] EXP:        1        RUN:        1        EVT:       33
[INFO] EXP:        1        RUN:        1        EVT:       34
[INFO] EXP:        1        RUN:        1        EVT:       35
[INFO] EXP:        1        RUN:        1        EVT:       36
[INFO] EXP:        1        RUN:        1        EVT:       37
[INFO] EXP:        1        RUN:        1        EVT:       38
[INFO] EXP:        1        RUN:        1        EVT:       39
[INFO] EXP:        1        RUN:        1        EVT:       40
[INFO] EXP:        1        RUN:        1        EVT:       41
[INFO] EXP:        1        RUN:        1        EVT:       42
[INFO] EXP:        1        RUN:        1        EVT:       43
[INFO] EXP:        1        RUN:        1        EVT:       44
[INFO] EXP:        1        RUN:        1        EVT:       45
[INFO] EXP:        1        RUN:        1        EVT:       46
[INFO] EXP:        1        RUN:        1        EVT:       47
[INFO] EXP:        1        RUN:        1        EVT:       48
[INFO] EXP:        1        RUN:        1        EVT:       49
[INFO] EXP:        1        RUN:        1        EVT:       50
[INFO] EXP:        1        RUN:        1        EVT:       51
[INFO] EXP:        1        RUN:        1        EVT:       52
[INFO] EXP:        1        RUN:        1        EVT:       53
[INFO] EXP:        1        RUN:        1        EVT:       54
[INFO] EXP:        1        RUN:        1        EVT:       55
[INFO] EXP:        1        RUN:        1        EVT:       56
[INFO] EXP:        1        RUN:        1        EVT:       57
[INFO] EXP:        1        RUN:        1        EVT:       58
[INFO] EXP:        1        RUN:        1        EVT:       59
[INFO] EXP:        1        RUN:        1        EVT:       60
[INFO] EXP:        1        RUN:        1        EVT:       61
[INFO] EXP:        1        RUN:        1        EVT:       62
[INFO] EXP:        1        RUN:        1        EVT:       63
[INFO] EXP:        1        RUN:        1        EVT:       64
[INFO] EXP:        1        RUN:        1        EVT:       65
[INFO] EXP:        1        RUN:        1        EVT:       66
[INFO] EXP:        1        RUN:        1        EVT:       67
[INFO] EXP:        1        RUN:        1        EVT:       68
[INFO] EXP:        1        RUN:        1        EVT:       69
[INFO] EXP:        1        RUN:        1        EVT:       70
[INFO] EXP:        1        RUN:        1        EVT:       71
[INFO] EXP:        1        RUN:        1        EVT:       72
[INFO] EXP:        1        RUN:        1        EVT:       73
[INFO] EXP:        1        RUN:        1        EVT:       74
[INFO] EXP:        1        RUN:        1        EVT:       75
[INFO] EXP:        1        RUN:        1        EVT:       76
[INFO] EXP:        1        RUN:        1        EVT:       77
[INFO] EXP:        1        RUN:        1        EVT:       78
[INFO] EXP:        1        RUN:        1        EVT:       79
[INFO] EXP:        1        RUN:        1        EVT:       80
[INFO] EXP:        1        RUN:        1        EVT:       81
[INFO] EXP:        1        RUN:        1        EVT:       82
[INFO] EXP:        1        RUN:        1        EVT:       83
[INFO] EXP:        1        RUN:        1        EVT:       84
[INFO] EXP:        1        RUN:        1        EVT:       85
[INFO] EXP:        1        RUN:        1        EVT:       86
[INFO] EXP:        1        RUN:        1        EVT:       87
[INFO] EXP:        1        RUN:        1        EVT:       88
[INFO] EXP:        1        RUN:        1        EVT:       89
[INFO] EXP:        1        RUN:        1        EVT:       90
[INFO] EXP:        1        RUN:        1        EVT:       91
[INFO] EXP:        1        RUN:        1        EVT:       92
[INFO] EXP:        1        RUN:        1        EVT:       93
[INFO] EXP:        1        RUN:        1        EVT:       94
[INFO] EXP:        1        RUN:        1        EVT:       95
[INFO] EXP:        1        RUN:        1        EVT:       96
[INFO] EXP:        1        RUN:        1        EVT:       97
[INFO] EXP:        1        RUN:        1        EVT:       98
[INFO] EXP:        1        RUN:        1        EVT:       99
[INFO] EXP:        1        RUN:        1        EVT:      100
[INFO] ------------------------------------------------------------------------
[INFO] <<< End run: 1
[INFO] ========================================================================
[INFO] ========================================================================
[INFO] >>> Start new run: 2
[INFO] ------------------------------------------------------------------------
[INFO] EXP:        1        RUN:        2        EVT:        1
[INFO] EXP:        1        RUN:        2        EVT:        2
[INFO] EXP:        1        RUN:        2        EVT:        3
[INFO] EXP:        1        RUN:        2        EVT:        4
[INFO] EXP:        1        RUN:        2        EVT:        5
[INFO] EXP:        1        RUN:        2        EVT:        6
[INFO] EXP:        1        RUN:        2        EVT:        7
[INFO] EXP:        1        RUN:        2        EVT:        8
[INFO] EXP:        1        RUN:        2        EVT:        9
[INFO] EXP:        1        RUN:        2        EVT:       10
[INFO] EXP:        1        RUN:        2        EVT:       11
[INFO] EXP:        1        RUN:        2        EVT:       12
[INFO] EXP:        1        RUN:        2        EVT:       13
[INFO] EXP:        1        RUN:        2        EVT:       14
[INFO] EXP:        1        RUN:        2        EVT:       15
[INFO] EXP:        1        RUN:        2        EVT:       16
[INFO] EXP:        1        RUN:        2        EVT:       17
[INFO] EXP:        1        RUN:        2        EVT:       18
[INFO] EXP:        1        RUN:        2        EVT:       19
[INFO] EXP:        1        RUN:        2        EVT:       20
[INFO] EXP:        1        RUN:        2        EVT:       21
[INFO] EXP:        1        RUN:        2        EVT:       22
[INFO] EXP:        1        RUN:        2        EVT:       23
[INFO] EXP:        1        RUN:        2        EVT:       24
[INFO] EXP:        1        RUN:        2        EVT:       25
[INFO] EXP:        1        RUN:        2        EVT:       26
[INFO] EXP:        1        RUN:        2        EVT:       27
[INFO] EXP:        1        RUN:        2        EVT:       28
[INFO] EXP:        1        RUN:        2        EVT:       29
[INFO] EXP:        1        RUN:        2        EVT:       30
[INFO] EXP:        1        RUN:        2        EVT:       31
[INFO] EXP:        1        RUN:        2        EVT:       32
[INFO] EXP:        1        RUN:        2        EVT:       33
[INFO] EXP:        1        RUN:        2        EVT:       34
[INFO] EXP:        1        RUN:        2        EVT:       35
[INFO] EXP:        1        RUN:        2        EVT:       36
[INFO] EXP:        1        RUN:        2        EVT:       37
[INFO] EXP:        1        RUN:        2        EVT:       38
[INFO] EXP:        1        RUN:        2        EVT:       39
[INFO] EXP:        1        RUN:        2        EVT:       40
[INFO] EXP:        1        RUN:        2        EVT:       41
[INFO] EXP:        1        RUN:        2        EVT:       42
[INFO] EXP:        1        RUN:        2        EVT:       43
[INFO] EXP:        1        RUN:        2        EVT:       44
[INFO] EXP:        1        RUN:        2        EVT:       45
[INFO] EXP:        1        RUN:        2        EVT:       46
[INFO] EXP:        1        RUN:        2        EVT:       47
[INFO] EXP:        1        RUN:        2        EVT:       48
[INFO] EXP:        1        RUN:        2        EVT:       49
[INFO] EXP:        1        RUN:        2        EVT:       50
[INFO] EXP:        1        RUN:        2        EVT:       51
[INFO] EXP:        1        RUN:        2        EVT:       52
[INFO] EXP:        1        RUN:        2        EVT:       53
[INFO] EXP:        1        RUN:        2        EVT:       54
[INFO] EXP:        1        RUN:        2        EVT:       55
[INFO] EXP:        1        RUN:        2        EVT:       56
[INFO] EXP:        1        RUN:        2        EVT:       57
[INFO] EXP:        1        RUN:        2        EVT:       58
[INFO] EXP:        1        RUN:        2        EVT:       59
[INFO] EXP:        1        RUN:        2        EVT:       60
[INFO] EXP:        1        RUN:        2        EVT:       61
[INFO] EXP:        1        RUN:        2        EVT:       62
[INFO] EXP:        1        RUN:        2        EVT:       63
[INFO] EXP:        1        RUN:        2        EVT:       64
[INFO] EXP:        1        RUN:        2        EVT:       65
[INFO] EXP:        1        RUN:        2        EVT:       66
[INFO] EXP:        1        RUN:        2        EVT:       67
[INFO] EXP:        1        RUN:        2        EVT:       68
[INFO] EXP:        1        RUN:        2        EVT:       69
[INFO] EXP:        1        RUN:        2        EVT:       70
[INFO] EXP:        1        RUN:        2        EVT:       71
[INFO] EXP:        1        RUN:        2        EVT:       72
[INFO] EXP:        1        RUN:        2        EVT:       73
[INFO] EXP:        1        RUN:        2        EVT:       74
[INFO] EXP:        1        RUN:        2        EVT:       75
[INFO] EXP:        1        RUN:        2        EVT:       76
[INFO] EXP:        1        RUN:        2        EVT:       77
[INFO] EXP:        1        RUN:        2        EVT:       78
[INFO] EXP:        1        RUN:        2        EVT:       79
[INFO] EXP:        1        RUN:        2        EVT:       80
[INFO] EXP:        1        RUN:        2        EVT:       81
[INFO] EXP:        1        RUN:        2        EVT:       82
[INFO] EXP:        1        RUN:        2        EVT:       83
[INFO] EXP:        1        RUN:        2        EVT:       84
[INFO] EXP:        1        RUN:        2        EVT:       85
[INFO] EXP:        1        RUN:        2        EVT:       86
[INFO] EXP:        1        RUN:        2        EVT:       87
[INFO] EXP:        1        RUN:        2        EVT:       88
[INFO] EXP:        1        RUN:        2        EVT:       89
[INFO] EXP:        1        RUN:        2        EVT:       90
[INFO] EXP:        1        RUN:        2        EVT:       91
[INFO] EXP:        1        RUN:        2        EVT:       92
[INFO] EXP:        1        RUN:        2        EVT:       93
[INFO] EXP:        1        RUN:        2        EVT:       94
[INFO] EXP:        1        RUN:        2        EVT:       95
[INFO] EXP:        1        RUN:        2        EVT:       96
[INFO] EXP:        1        RUN:        2        EVT:       97
[INFO] EXP:        1        RUN:        2        EVT:       98
[INFO] EXP:        1        RUN:        2        EVT:       99
[INFO] EXP:        1        RUN:        2        EVT:      100
[INFO] ------------------------------------------------------------------------
[INFO] <<< End run: 2
[INFO] ========================================================================
